This is pdfTeX, Version 3.141592653-2.6-1.40.25 (MiKTeX 24.1) (preloaded format=pdflatex 2024.8.10)  11 APR 2026 11:11
entering extended mode
 restricted \write18 enabled.
 %&-line parsing enabled.
**./appendix_tg_seminorm_general.tex
(appendix_tg_seminorm_general.tex
LaTeX2e <2023-11-01> patch level 1
L3 programming layer <2024-01-04>
! Undefined control sequence.
l.1 \chapter
            {$\|\be\|_{\hdo}$ of General Taylor Green Vortex}
The control sequence at the end of the top line
of your error message was never \def'ed. If you have
misspelled it (e.g., `\hobx'), type `I' and the correct
spelling (e.g., `I\hbox'). Otherwise just continue,
and I'll forget about whatever was undefined.


! LaTeX Error: Missing \begin{document}.

See the LaTeX manual or LaTeX Companion for explanation.
Type  H <return>  for immediate help.
 ...                                              
                                                  
l.1 \chapter{$
              \|\be\|_{\hdo}$ of General Taylor Green Vortex}
You're in trouble here.  Try typing  <return>  to proceed.
If that doesn't work, type  X <return>  to quit.

LaTeX Font Info:    External font `cmex10' loaded for size
(Font)              <7> on input line 1.
LaTeX Font Info:    External font `cmex10' loaded for size
(Font)              <5> on input line 1.
! Undefined control sequence.
l.1 \chapter{$\|\be
                   \|_{\hdo}$ of General Taylor Green Vortex}
The control sequence at the end of the top line
of your error message was never \def'ed. If you have
misspelled it (e.g., `\hobx'), type `I' and the correct
spelling (e.g., `I\hbox'). Otherwise just continue,
and I'll forget about whatever was undefined.

! Undefined control sequence.
l.1 \chapter{$\|\be\|_{\hdo
                           }$ of General Taylor Green Vortex}
The control sequence at the end of the top line
of your error message was never \def'ed. If you have
misspelled it (e.g., `\hobx'), type `I' and the correct
spelling (e.g., `I\hbox'). Otherwise just continue,
and I'll forget about whatever was undefined.

Missing character: There is no o in font nullfont!
Missing character: There is no f in font nullfont!
Missing character: There is no G in font nullfont!
Missing character: There is no e in font nullfont!
Missing character: There is no n in font nullfont!
Missing character: There is no e in font nullfont!
Missing character: There is no r in font nullfont!
Missing character: There is no a in font nullfont!
Missing character: There is no l in font nullfont!
Missing character: There is no T in font nullfont!
Missing character: There is no a in font nullfont!
Missing character: There is no y in font nullfont!
Missing character: There is no l in font nullfont!
Missing character: There is no o in font nullfont!
Missing character: There is no r in font nullfont!
Missing character: There is no G in font nullfont!
Missing character: There is no r in font nullfont!
Missing character: There is no e in font nullfont!
Missing character: There is no e in font nullfont!
Missing character: There is no n in font nullfont!
Missing character: There is no V in font nullfont!
Missing character: There is no o in font nullfont!
Missing character: There is no r in font nullfont!
Missing character: There is no t in font nullfont!
Missing character: There is no e in font nullfont!
Missing character: There is no x in font nullfont!

Overfull \hbox (30.50003pt too wide) in paragraph at lines 1--3
[]$\OMS/cmsy/m/n/10 kk[]$
 []


! LaTeX Error: Missing \begin{document}.

See the LaTeX manual or LaTeX Companion for explanation.
Type  H <return>  for immediate help.
 ...                                              
                                                  
l.4 T
     he general form of the 3D Taylor Green Vortex on the 3D torus $\Omega$ ...

You're in trouble here.  Try typing  <return>  to proceed.
If that doesn't work, type  X <return>  to quit.

Missing character: There is no T in font nullfont!
Missing character: There is no h in font nullfont!
Missing character: There is no e in font nullfont!
Missing character: There is no g in font nullfont!
Missing character: There is no e in font nullfont!
Missing character: There is no n in font nullfont!
Missing character: There is no e in font nullfont!
Missing character: There is no r in font nullfont!
Missing character: There is no a in font nullfont!
Missing character: There is no l in font nullfont!
Missing character: There is no f in font nullfont!
Missing character: There is no o in font nullfont!
Missing character: There is no r in font nullfont!
Missing character: There is no m in font nullfont!
Missing character: There is no o in font nullfont!
Missing character: There is no f in font nullfont!
Missing character: There is no t in font nullfont!
Missing character: There is no h in font nullfont!
Missing character: There is no e in font nullfont!
Missing character: There is no 3 in font nullfont!
Missing character: There is no D in font nullfont!
Missing character: There is no T in font nullfont!
Missing character: There is no a in font nullfont!
Missing character: There is no y in font nullfont!
Missing character: There is no l in font nullfont!
Missing character: There is no o in font nullfont!
Missing character: There is no r in font nullfont!
Missing character: There is no G in font nullfont!
Missing character: There is no r in font nullfont!
Missing character: There is no e in font nullfont!
Missing character: There is no e in font nullfont!
Missing character: There is no n in font nullfont!
Missing character: There is no V in font nullfont!
Missing character: There is no o in font nullfont!
Missing character: There is no r in font nullfont!
Missing character: There is no t in font nullfont!
Missing character: There is no e in font nullfont!
Missing character: There is no x in font nullfont!
Missing character: There is no o in font nullfont!
Missing character: There is no n in font nullfont!
Missing character: There is no t in font nullfont!
Missing character: There is no h in font nullfont!
Missing character: There is no e in font nullfont!
Missing character: There is no 3 in font nullfont!
Missing character: There is no D in font nullfont!
Missing character: There is no t in font nullfont!
Missing character: There is no o in font nullfont!
Missing character: There is no r in font nullfont!
Missing character: There is no u in font nullfont!
Missing character: There is no s in font nullfont!
Missing character: There is no w in font nullfont!
Missing character: There is no i in font nullfont!
Missing character: There is no t in font nullfont!
Missing character: There is no h in font nullfont!
Missing character: There is no c in font nullfont!
Missing character: There is no h in font nullfont!
Missing character: There is no a in font nullfont!
Missing character: There is no r in font nullfont!
Missing character: There is no a in font nullfont!
Missing character: There is no c in font nullfont!
Missing character: There is no t in font nullfont!
Missing character: There is no e in font nullfont!
Missing character: There is no r in font nullfont!
Missing character: There is no i in font nullfont!
Missing character: There is no s in font nullfont!
Missing character: There is no t in font nullfont!
Missing character: There is no i in font nullfont!
Missing character: There is no c in font nullfont!
Missing character: There is no l in font nullfont!
Missing character: There is no e in font nullfont!
Missing character: There is no n in font nullfont!
Missing character: There is no g in font nullfont!
Missing character: There is no t in font nullfont!
Missing character: There is no h in font nullfont!
Missing character: There is no i in font nullfont!
Missing character: There is no s in font nullfont!

Overfull \hbox (20.0pt too wide) in paragraph at lines 4--5
[]
 []


Overfull \hbox (7.22223pt too wide) in paragraph at lines 4--5
\OT1/cmr/m/n/10 
$
 []


Overfull \hbox (17.36108pt too wide) in paragraph at lines 4--5
\OML/cmm/m/it/10 L \OT1/cmr/m/n/10 =
 []


Overfull \hbox (5.00002pt too wide) in paragraph at lines 4--5
\OT1/cmr/m/n/10 1$
 []

! Undefined control sequence.
l.5 $$\be
         _{TGV} = \begin{bmatrix}
The control sequence at the end of the top line
of your error message was never \def'ed. If you have
misspelled it (e.g., `\hobx'), type `I' and the correct
spelling (e.g., `I\hbox'). Otherwise just continue,
and I'll forget about whatever was undefined.


! LaTeX Error: Environment bmatrix undefined.

See the LaTeX manual or LaTeX Companion for explanation.
Type  H <return>  for immediate help.
 ...                                              
                                                  
l.5 $$\be_{TGV} = \begin{bmatrix}
                                 
Your command was ignored.
Type  I <command> <return>  to replace it with another command,
or  <return>  to continue without it.


! LaTeX Error: \begin{document} ended by \end{bmatrix}.

See the LaTeX manual or LaTeX Companion for explanation.
Type  H <return>  for immediate help.
 ...                                              
                                                  
l.9          \end{bmatrix}
                          $$
Your command was ignored.
Type  I <command> <return>  to replace it with another command,
or  <return>  to continue without it.


Overfull \hbox (372.59789pt too wide) detected at line 9
[] \OT1/cmr/m/n/10 = \OML/cmm/m/it/10 V[] []\OT1/cmr/m/n/10 (2\OML/cmm/m/it/10 
^^Yx=L\OT1/cmr/m/n/10 ) [](2\OML/cmm/m/it/10 ^^Yy=L\OT1/cmr/m/n/10 ) [](2\OML/c
mm/m/it/10 ^^Yz=L\OT1/cmr/m/n/10 )[]  \OMS/cmsy/m/n/10 ^^@ \OML/cmm/m/it/10 V[]
 []\OT1/cmr/m/n/10 (2\OML/cmm/m/it/10 ^^Yx=L\OT1/cmr/m/n/10 ) [](2\OML/cmm/m/it
/10 ^^Yy=L\OT1/cmr/m/n/10 ) [](2\OML/cmm/m/it/10 ^^Yz=L\OT1/cmr/m/n/10 )[] 0\OM
L/cmm/m/it/10 :
 []

Missing character: There is no T in font nullfont!
Missing character: There is no o in font nullfont!
Missing character: There is no s in font nullfont!
Missing character: There is no i in font nullfont!
Missing character: There is no m in font nullfont!
Missing character: There is no p in font nullfont!
Missing character: There is no l in font nullfont!
Missing character: There is no i in font nullfont!
Missing character: There is no f in font nullfont!
Missing character: There is no y in font nullfont!
Missing character: There is no t in font nullfont!
Missing character: There is no h in font nullfont!
Missing character: There is no e in font nullfont!
Missing character: There is no n in font nullfont!
Missing character: There is no o in font nullfont!
Missing character: There is no t in font nullfont!
Missing character: There is no a in font nullfont!
Missing character: There is no t in font nullfont!
Missing character: There is no i in font nullfont!
Missing character: There is no o in font nullfont!
Missing character: There is no n in font nullfont!
Missing character: There is no w in font nullfont!
Missing character: There is no e in font nullfont!
Missing character: There is no d in font nullfont!
Missing character: There is no r in font nullfont!
Missing character: There is no o in font nullfont!
Missing character: There is no p in font nullfont!
Missing character: There is no t in font nullfont!
Missing character: There is no h in font nullfont!
Missing character: There is no e in font nullfont!
Missing character: There is no s in font nullfont!
Missing character: There is no u in font nullfont!
Missing character: There is no b in font nullfont!
Missing character: There is no s in font nullfont!
Missing character: There is no c in font nullfont!
Missing character: There is no r in font nullfont!
Missing character: There is no i in font nullfont!
Missing character: There is no p in font nullfont!
Missing character: There is no t in font nullfont!
Missing character: There is no a in font nullfont!
Missing character: There is no n in font nullfont!
Missing character: There is no d in font nullfont!
Missing character: There is no s in font nullfont!
Missing character: There is no u in font nullfont!
Missing character: There is no b in font nullfont!
Missing character: There is no s in font nullfont!
Missing character: There is no t in font nullfont!
Missing character: There is no i in font nullfont!
Missing character: There is no t in font nullfont!
Missing character: There is no u in font nullfont!
Missing character: There is no t in font nullfont!
Missing character: There is no e in font nullfont!
Missing character: There is no , in font nullfont!
Missing character: There is no , in font nullfont!
Missing character: There is no w in font nullfont!
Missing character: There is no i in font nullfont!
Missing character: There is no t in font nullfont!
Missing character: There is no h in font nullfont!

Overfull \hbox (23.1507pt too wide) in paragraph at lines 9--11
        $\OML/cmm/m/it/10 TGV$
 []


Overfull \hbox (5.71527pt too wide) in paragraph at lines 9--11
\OML/cmm/m/it/10 x$
 []


Overfull \hbox (5.2616pt too wide) in paragraph at lines 9--11
\OML/cmm/m/it/10 y$
 []


Overfull \hbox (5.0903pt too wide) in paragraph at lines 9--11
\OML/cmm/m/it/10 z$
 []


Overfull \hbox (160.81125pt too wide) detected at line 11
\OML/cmm/m/it/10 x[] \OT1/cmr/m/n/10 = 2\OML/cmm/m/it/10 ^^Yx=L;  y[] \OT1/cmr/
m/n/10 = 2\OML/cmm/m/it/10 ^^Yy=L;  z[] \OT1/cmr/m/n/10 = 2\OML/cmm/m/it/10 ^^Y
z=L:
 []

Missing character: There is no T in font nullfont!
Missing character: There is no h in font nullfont!
Missing character: There is no e in font nullfont!
Missing character: There is no f in font nullfont!
Missing character: There is no o in font nullfont!
Missing character: There is no r in font nullfont!
Missing character: There is no m in font nullfont!
Missing character: There is no u in font nullfont!
Missing character: There is no l in font nullfont!
Missing character: There is no a in font nullfont!
Missing character: There is no f in font nullfont!
Missing character: There is no o in font nullfont!
Missing character: There is no r in font nullfont!
! Undefined control sequence.
l.12 The formula for $\|\be
                           \|_{\hdo}$ is
The control sequence at the end of the top line
of your error message was never \def'ed. If you have
misspelled it (e.g., `\hobx'), type `I' and the correct
spelling (e.g., `I\hbox'). Otherwise just continue,
and I'll forget about whatever was undefined.

! Undefined control sequence.
l.12 The formula for $\|\be\|_{\hdo
                                   }$ is
The control sequence at the end of the top line
of your error message was never \def'ed. If you have
misspelled it (e.g., `\hobx'), type `I' and the correct
spelling (e.g., `I\hbox'). Otherwise just continue,
and I'll forget about whatever was undefined.

Missing character: There is no i in font nullfont!
Missing character: There is no s in font nullfont!

Overfull \hbox (10.50003pt too wide) in paragraph at lines 11--13
   $\OMS/cmsy/m/n/10 kk[]$
 []

! Undefined control sequence.
l.13 $$\|\be
            \|_{\hdo} = \|\nabla\be\|_{L^2} = \left[ \sum_{i,j=1}^3 \int_{\O...
The control sequence at the end of the top line
of your error message was never \def'ed. If you have
misspelled it (e.g., `\hobx'), type `I' and the correct
spelling (e.g., `I\hbox'). Otherwise just continue,
and I'll forget about whatever was undefined.

! Undefined control sequence.
l.13 $$\|\be\|_{\hdo
                    } = \|\nabla\be\|_{L^2} = \left[ \sum_{i,j=1}^3 \int_{\O...
The control sequence at the end of the top line
of your error message was never \def'ed. If you have
misspelled it (e.g., `\hobx'), type `I' and the correct
spelling (e.g., `I\hbox'). Otherwise just continue,
and I'll forget about whatever was undefined.

! Undefined control sequence.
l.13 $$\|\be\|_{\hdo} = \|\nabla\be
                                   \|_{L^2} = \left[ \sum_{i,j=1}^3 \int_{\O...
The control sequence at the end of the top line
of your error message was never \def'ed. If you have
misspelled it (e.g., `\hobx'), type `I' and the correct
spelling (e.g., `I\hbox'). Otherwise just continue,
and I'll forget about whatever was undefined.

! Undefined control sequence.
l.13 ...sum_{i,j=1}^3 \int_{\Omega} (\partial_i\be
                                                  _j)^2 \,d\x \right]^{1/2},$$
The control sequence at the end of the top line
of your error message was never \def'ed. If you have
misspelled it (e.g., `\hobx'), type `I' and the correct
spelling (e.g., `I\hbox'). Otherwise just continue,
and I'll forget about whatever was undefined.

! Double subscript.
l.13 ...um_{i,j=1}^3 \int_{\Omega} (\partial_i\be_
                                                  j)^2 \,d\x \right]^{1/2},$$
I treat `x_1_2' essentially like `x_1{}_2'.

! Undefined control sequence.
l.13 ...^3 \int_{\Omega} (\partial_i\be_j)^2 \,d\x
                                                   \right]^{1/2},$$
The control sequence at the end of the top line
of your error message was never \def'ed. If you have
misspelled it (e.g., `\hobx'), type `I' and the correct
spelling (e.g., `I\hbox'). Otherwise just continue,
and I'll forget about whatever was undefined.


Overfull \hbox (160.19687pt too wide) detected at line 13
\OMS/cmsy/m/n/10 kk[] \OT1/cmr/m/n/10 = \OMS/cmsy/m/n/10 krk[] \OT1/cmr/m/n/10 
= [][] \OML/cmm/m/it/10 ;
 []

Missing character: There is no w in font nullfont!
Missing character: There is no h in font nullfont!
Missing character: There is no e in font nullfont!
Missing character: There is no r in font nullfont!
Missing character: There is no e in font nullfont!
Missing character: There is no i in font nullfont!
Missing character: There is no s in font nullfont!
Missing character: There is no t in font nullfont!
Missing character: There is no h in font nullfont!
Missing character: There is no e in font nullfont!
Missing character: There is no p in font nullfont!
Missing character: There is no a in font nullfont!
Missing character: There is no r in font nullfont!
Missing character: There is no t in font nullfont!
Missing character: There is no i in font nullfont!
Missing character: There is no a in font nullfont!
Missing character: There is no l in font nullfont!
Missing character: There is no d in font nullfont!
Missing character: There is no e in font nullfont!
Missing character: There is no r in font nullfont!
Missing character: There is no i in font nullfont!
Missing character: There is no v in font nullfont!
Missing character: There is no a in font nullfont!
Missing character: There is no t in font nullfont!
Missing character: There is no i in font nullfont!
Missing character: There is no v in font nullfont!
Missing character: There is no e in font nullfont!
Missing character: There is no w in font nullfont!
Missing character: There is no i in font nullfont!
Missing character: There is no t in font nullfont!
Missing character: There is no h in font nullfont!
Missing character: There is no r in font nullfont!
Missing character: There is no e in font nullfont!
Missing character: There is no s in font nullfont!
Missing character: There is no p in font nullfont!
Missing character: There is no e in font nullfont!
Missing character: There is no c in font nullfont!
Missing character: There is no t in font nullfont!
Missing character: There is no t in font nullfont!
Missing character: There is no o in font nullfont!
Missing character: There is no t in font nullfont!
Missing character: There is no h in font nullfont!
Missing character: There is no e in font nullfont!
Missing character: There is no i in font nullfont!
Missing character: There is no - in font nullfont!
Missing character: There is no t in font nullfont!
Missing character: There is no h in font nullfont!
Missing character: There is no c in font nullfont!
Missing character: There is no o in font nullfont!
Missing character: There is no m in font nullfont!
Missing character: There is no p in font nullfont!
Missing character: There is no o in font nullfont!
Missing character: There is no n in font nullfont!
Missing character: There is no e in font nullfont!
Missing character: There is no n in font nullfont!
Missing character: There is no t in font nullfont!
Missing character: There is no a in font nullfont!
Missing character: There is no n in font nullfont!
Missing character: There is no d in font nullfont!
! Undefined control sequence.
<recently read> \be 
                    
l.14 ...ith respect to the i-th component and $\be
                                                  _j$ is the j-th component ...
The control sequence at the end of the top line
of your error message was never \def'ed. If you have
misspelled it (e.g., `\hobx'), type `I' and the correct
spelling (e.g., `I\hbox'). Otherwise just continue,
and I'll forget about whatever was undefined.

Missing character: There is no i in font nullfont!
Missing character: There is no s in font nullfont!
Missing character: There is no t in font nullfont!
Missing character: There is no h in font nullfont!
Missing character: There is no e in font nullfont!
Missing character: There is no j in font nullfont!
Missing character: There is no - in font nullfont!
Missing character: There is no t in font nullfont!
Missing character: There is no h in font nullfont!
Missing character: There is no c in font nullfont!
Missing character: There is no o in font nullfont!
Missing character: There is no m in font nullfont!
Missing character: There is no p in font nullfont!
Missing character: There is no o in font nullfont!
Missing character: There is no n in font nullfont!
Missing character: There is no e in font nullfont!
Missing character: There is no n in font nullfont!
Missing character: There is no t in font nullfont!
Missing character: There is no o in font nullfont!
Missing character: There is no f in font nullfont!
! Undefined control sequence.
<recently read> \be 
                    
l.14 ... and $\be_j$ is the j-th component of $\be
                                                  $. Because the 3rd compone...
The control sequence at the end of the top line
of your error message was never \def'ed. If you have
misspelled it (e.g., `\hobx'), type `I' and the correct
spelling (e.g., `I\hbox'). Otherwise just continue,
and I'll forget about whatever was undefined.

Missing character: There is no . in font nullfont!
Missing character: There is no B in font nullfont!
Missing character: There is no e in font nullfont!
Missing character: There is no c in font nullfont!
Missing character: There is no a in font nullfont!
Missing character: There is no u in font nullfont!
Missing character: There is no s in font nullfont!
Missing character: There is no e in font nullfont!
Missing character: There is no t in font nullfont!
Missing character: There is no h in font nullfont!
Missing character: There is no e in font nullfont!
Missing character: There is no 3 in font nullfont!
Missing character: There is no r in font nullfont!
Missing character: There is no d in font nullfont!
Missing character: There is no c in font nullfont!
Missing character: There is no o in font nullfont!
Missing character: There is no m in font nullfont!
Missing character: There is no p in font nullfont!
Missing character: There is no o in font nullfont!
Missing character: There is no n in font nullfont!
Missing character: There is no e in font nullfont!
Missing character: There is no n in font nullfont!
Missing character: There is no t in font nullfont!
Missing character: There is no o in font nullfont!
Missing character: There is no f in font nullfont!
! Undefined control sequence.
<recently read> \be 
                    
l.14 ...f $\be$. Because the 3rd component of $\be
                                                  $ is zero, the partial der...
The control sequence at the end of the top line
of your error message was never \def'ed. If you have
misspelled it (e.g., `\hobx'), type `I' and the correct
spelling (e.g., `I\hbox'). Otherwise just continue,
and I'll forget about whatever was undefined.

Missing character: There is no i in font nullfont!
Missing character: There is no s in font nullfont!
Missing character: There is no z in font nullfont!
Missing character: There is no e in font nullfont!
Missing character: There is no r in font nullfont!
Missing character: There is no o in font nullfont!
Missing character: There is no , in font nullfont!
Missing character: There is no t in font nullfont!
Missing character: There is no h in font nullfont!
Missing character: There is no e in font nullfont!
Missing character: There is no p in font nullfont!
Missing character: There is no a in font nullfont!
Missing character: There is no r in font nullfont!
Missing character: There is no t in font nullfont!
Missing character: There is no i in font nullfont!
Missing character: There is no a in font nullfont!
Missing character: There is no l in font nullfont!
Missing character: There is no d in font nullfont!
Missing character: There is no e in font nullfont!
Missing character: There is no r in font nullfont!
Missing character: There is no i in font nullfont!
Missing character: There is no v in font nullfont!
Missing character: There is no a in font nullfont!
Missing character: There is no t in font nullfont!
Missing character: There is no i in font nullfont!
Missing character: There is no v in font nullfont!
Missing character: There is no e in font nullfont!
Missing character: There is no i in font nullfont!
Missing character: There is no s in font nullfont!
Missing character: There is no a in font nullfont!
Missing character: There is no l in font nullfont!
Missing character: There is no s in font nullfont!
Missing character: There is no o in font nullfont!
Missing character: There is no z in font nullfont!
Missing character: There is no e in font nullfont!
Missing character: There is no r in font nullfont!
Missing character: There is no o in font nullfont!
Missing character: There is no . in font nullfont!
Missing character: There is no T in font nullfont!
Missing character: There is no h in font nullfont!
Missing character: There is no i in font nullfont!
Missing character: There is no s in font nullfont!
Missing character: There is no l in font nullfont!
Missing character: There is no e in font nullfont!
Missing character: There is no a in font nullfont!
Missing character: There is no v in font nullfont!
Missing character: There is no e in font nullfont!
Missing character: There is no s in font nullfont!
Missing character: There is no u in font nullfont!
Missing character: There is no s in font nullfont!
Missing character: There is no w in font nullfont!
Missing character: There is no i in font nullfont!
Missing character: There is no t in font nullfont!
Missing character: There is no h in font nullfont!
Missing character: There is no s in font nullfont!
Missing character: There is no i in font nullfont!
Missing character: There is no x in font nullfont!
Missing character: There is no i in font nullfont!
Missing character: There is no n in font nullfont!
Missing character: There is no t in font nullfont!
Missing character: There is no e in font nullfont!
Missing character: There is no g in font nullfont!
Missing character: There is no r in font nullfont!
Missing character: There is no a in font nullfont!
Missing character: There is no l in font nullfont!
Missing character: There is no s in font nullfont!
Missing character: There is no t in font nullfont!
Missing character: There is no o in font nullfont!
Missing character: There is no e in font nullfont!
Missing character: There is no v in font nullfont!
Missing character: There is no a in font nullfont!
Missing character: There is no l in font nullfont!
Missing character: There is no u in font nullfont!
Missing character: There is no a in font nullfont!
Missing character: There is no t in font nullfont!
Missing character: There is no e in font nullfont!
Missing character: There is no . in font nullfont!

! LaTeX Error: Environment align* undefined.

See the LaTeX manual or LaTeX Companion for explanation.
Type  H <return>  for immediate help.
 ...                                              
                                                  
l.15 \begin{align*}
                   
Your command was ignored.
Type  I <command> <return>  to replace it with another command,
or  <return>  to continue without it.

! Missing $ inserted.
<inserted text> 
                $
l.16 \sum
         _{i,j=1}^3 \int_{\Omega} (\partial_i\be_j)^2 \,d\x &= \int_{\Omega}...
I've inserted a begin-math/end-math symbol since I think
you left one out. Proceed, with fingers crossed.

! Undefined control sequence.
l.16 \sum_{i,j=1}^3 \int_{\Omega} (\partial_i\be
                                                _j)^2 \,d\x &= \int_{\Omega}...
The control sequence at the end of the top line
of your error message was never \def'ed. If you have
misspelled it (e.g., `\hobx'), type `I' and the correct
spelling (e.g., `I\hbox'). Otherwise just continue,
and I'll forget about whatever was undefined.

! Double subscript.
l.16 \sum_{i,j=1}^3 \int_{\Omega} (\partial_i\be_
                                                 j)^2 \,d\x &= \int_{\Omega}...
I treat `x_1_2' essentially like `x_1{}_2'.

! Undefined control sequence.
l.16 ...^3 \int_{\Omega} (\partial_i\be_j)^2 \,d\x
                                                   &= \int_{\Omega} (\partia...
The control sequence at the end of the top line
of your error message was never \def'ed. If you have
misspelled it (e.g., `\hobx'), type `I' and the correct
spelling (e.g., `I\hbox'). Otherwise just continue,
and I'll forget about whatever was undefined.

! Misplaced alignment tab character &.
l.16 ... \int_{\Omega} (\partial_i\be_j)^2 \,d\x &
                                                  = \int_{\Omega} (\partial_...
I can't figure out why you would want to use a tab mark
here. If you just want an ampersand, the remedy is
simple: Just type `I\&' now. But if some right brace
up above has ended a previous alignment prematurely,
you're probably due for more error messages, and you
might try typing `S' now just to see what is salvageable.

! Undefined control sequence.
l.16 ...j)^2 \,d\x &= \int_{\Omega} (\partial_1\be
                                                  _1)^2 \, d\x + \int_{\Omeg...
The control sequence at the end of the top line
of your error message was never \def'ed. If you have
misspelled it (e.g., `\hobx'), type `I' and the correct
spelling (e.g., `I\hbox'). Otherwise just continue,
and I'll forget about whatever was undefined.

! Double subscript.
l.16 ...)^2 \,d\x &= \int_{\Omega} (\partial_1\be_
                                                  1)^2 \, d\x + \int_{\Omega...
I treat `x_1_2' essentially like `x_1{}_2'.

! Undefined control sequence.
l.16 ...= \int_{\Omega} (\partial_1\be_1)^2 \, d\x
                                                   + \int_{\Omega} (\partial...
The control sequence at the end of the top line
of your error message was never \def'ed. If you have
misspelled it (e.g., `\hobx'), type `I' and the correct
spelling (e.g., `I\hbox'). Otherwise just continue,
and I'll forget about whatever was undefined.

! Undefined control sequence.
l.16 ...1)^2 \, d\x + \int_{\Omega} (\partial_2\be
                                                  _1)^2 \, d\x + \int_{\Omeg...
The control sequence at the end of the top line
of your error message was never \def'ed. If you have
misspelled it (e.g., `\hobx'), type `I' and the correct
spelling (e.g., `I\hbox'). Otherwise just continue,
and I'll forget about whatever was undefined.

! Double subscript.
l.16 ...)^2 \, d\x + \int_{\Omega} (\partial_2\be_
                                                  1)^2 \, d\x + \int_{\Omega...
I treat `x_1_2' essentially like `x_1{}_2'.

! Undefined control sequence.
l.16 ...+ \int_{\Omega} (\partial_2\be_1)^2 \, d\x
                                                   + \int_{\Omega} (\partial...
The control sequence at the end of the top line
of your error message was never \def'ed. If you have
misspelled it (e.g., `\hobx'), type `I' and the correct
spelling (e.g., `I\hbox'). Otherwise just continue,
and I'll forget about whatever was undefined.

! Undefined control sequence.
l.16 ...1)^2 \, d\x + \int_{\Omega} (\partial_3\be
                                                  _1)^2 \, d\x \\
The control sequence at the end of the top line
of your error message was never \def'ed. If you have
misspelled it (e.g., `\hobx'), type `I' and the correct
spelling (e.g., `I\hbox'). Otherwise just continue,
and I'll forget about whatever was undefined.

! Double subscript.
l.16 ...)^2 \, d\x + \int_{\Omega} (\partial_3\be_
                                                  1)^2 \, d\x \\
I treat `x_1_2' essentially like `x_1{}_2'.

! Undefined control sequence.
l.16 ...+ \int_{\Omega} (\partial_3\be_1)^2 \, d\x
                                                   \\
The control sequence at the end of the top line
of your error message was never \def'ed. If you have
misspelled it (e.g., `\hobx'), type `I' and the correct
spelling (e.g., `I\hbox'). Otherwise just continue,
and I'll forget about whatever was undefined.

! Misplaced alignment tab character &.
<recently read> &
                 
l.17 &
      + \int_{\Omega} (\partial_1\be_2)^2 \, d\x + \int_{\Omega} (\partial_2...
I can't figure out why you would want to use a tab mark
here. If you just want an ampersand, the remedy is
simple: Just type `I\&' now. But if some right brace
up above has ended a previous alignment prematurely,
you're probably due for more error messages, and you
might try typing `S' now just to see what is salvageable.

! Undefined control sequence.
l.17 &+ \int_{\Omega} (\partial_1\be
                                    _2)^2 \, d\x + \int_{\Omega} (\partial_2...
The control sequence at the end of the top line
of your error message was never \def'ed. If you have
misspelled it (e.g., `\hobx'), type `I' and the correct
spelling (e.g., `I\hbox'). Otherwise just continue,
and I'll forget about whatever was undefined.

! Double subscript.
l.17 &+ \int_{\Omega} (\partial_1\be_
                                     2)^2 \, d\x + \int_{\Omega} (\partial_2...
I treat `x_1_2' essentially like `x_1{}_2'.

! Undefined control sequence.
l.17 &+ \int_{\Omega} (\partial_1\be_2)^2 \, d\x
                                                 + \int_{\Omega} (\partial_2...
The control sequence at the end of the top line
of your error message was never \def'ed. If you have
misspelled it (e.g., `\hobx'), type `I' and the correct
spelling (e.g., `I\hbox'). Otherwise just continue,
and I'll forget about whatever was undefined.

! Undefined control sequence.
l.17 ...2)^2 \, d\x + \int_{\Omega} (\partial_2\be
                                                  _2)^2 \, d\x + \int_{\Omeg...
The control sequence at the end of the top line
of your error message was never \def'ed. If you have
misspelled it (e.g., `\hobx'), type `I' and the correct
spelling (e.g., `I\hbox'). Otherwise just continue,
and I'll forget about whatever was undefined.

! Double subscript.
l.17 ...)^2 \, d\x + \int_{\Omega} (\partial_2\be_
                                                  2)^2 \, d\x + \int_{\Omega...
I treat `x_1_2' essentially like `x_1{}_2'.

! Undefined control sequence.
l.17 ...+ \int_{\Omega} (\partial_2\be_2)^2 \, d\x
                                                   + \int_{\Omega} (\partial...
The control sequence at the end of the top line
of your error message was never \def'ed. If you have
misspelled it (e.g., `\hobx'), type `I' and the correct
spelling (e.g., `I\hbox'). Otherwise just continue,
and I'll forget about whatever was undefined.

! Undefined control sequence.
l.17 ...2)^2 \, d\x + \int_{\Omega} (\partial_3\be
                                                  _2)^2 \, d\x.
The control sequence at the end of the top line
of your error message was never \def'ed. If you have
misspelled it (e.g., `\hobx'), type `I' and the correct
spelling (e.g., `I\hbox'). Otherwise just continue,
and I'll forget about whatever was undefined.

! Double subscript.
l.17 ...)^2 \, d\x + \int_{\Omega} (\partial_3\be_
                                                  2)^2 \, d\x.
I treat `x_1_2' essentially like `x_1{}_2'.

! Undefined control sequence.
l.17 ...+ \int_{\Omega} (\partial_3\be_2)^2 \, d\x
                                                  .
The control sequence at the end of the top line
of your error message was never \def'ed. If you have
misspelled it (e.g., `\hobx'), type `I' and the correct
spelling (e.g., `I\hbox'). Otherwise just continue,
and I'll forget about whatever was undefined.


! LaTeX Error: \begin{document} ended by \end{align*}.

See the LaTeX manual or LaTeX Companion for explanation.
Type  H <return>  for immediate help.
 ...                                              
                                                  
l.18 \end{align*}
                 
Your command was ignored.
Type  I <command> <return>  to replace it with another command,
or  <return>  to continue without it.

! Missing $ inserted.
<inserted text> 
                $
l.18 \end{align*}
                 
I've inserted something that you may have forgotten.
(See the <inserted text> above.)
With luck, this will get me unwedged. But if you
really didn't forget anything, try typing `2' now; then
my insertion and my current dilemma will both disappear.

Missing character: There is no E in font nullfont!
Missing character: There is no v in font nullfont!
Missing character: There is no a in font nullfont!
Missing character: There is no l in font nullfont!
Missing character: There is no u in font nullfont!
Missing character: There is no a in font nullfont!
Missing character: There is no t in font nullfont!
Missing character: There is no i in font nullfont!
Missing character: There is no n in font nullfont!
Missing character: There is no g in font nullfont!
Missing character: There is no e in font nullfont!
Missing character: There is no a in font nullfont!
Missing character: There is no c in font nullfont!
Missing character: There is no h in font nullfont!
Missing character: There is no p in font nullfont!
Missing character: There is no a in font nullfont!
Missing character: There is no r in font nullfont!
Missing character: There is no t in font nullfont!
Missing character: There is no i in font nullfont!
Missing character: There is no a in font nullfont!
Missing character: There is no l in font nullfont!
Missing character: There is no d in font nullfont!
Missing character: There is no e in font nullfont!
Missing character: There is no r in font nullfont!
Missing character: There is no i in font nullfont!
Missing character: There is no v in font nullfont!
Missing character: There is no a in font nullfont!
Missing character: There is no t in font nullfont!
Missing character: There is no i in font nullfont!
Missing character: There is no v in font nullfont!
Missing character: There is no e in font nullfont!

! LaTeX Error: Environment align* undefined.

See the LaTeX manual or LaTeX Companion for explanation.
Type  H <return>  for immediate help.
 ...                                              
                                                  
l.20 \begin{align*}
                   
Your command was ignored.
Type  I <command> <return>  to replace it with another command,
or  <return>  to continue without it.

! Missing $ inserted.
<inserted text> 
                $
l.21 \sum
         _{i,j=1}^3 \int_{\Omega} (\partial_i\be_j)^2 \,d\x &= \int_{\Omega}...
I've inserted a begin-math/end-math symbol since I think
you left one out. Proceed, with fingers crossed.

! Undefined control sequence.
l.21 \sum_{i,j=1}^3 \int_{\Omega} (\partial_i\be
                                                _j)^2 \,d\x &= \int_{\Omega}...
The control sequence at the end of the top line
of your error message was never \def'ed. If you have
misspelled it (e.g., `\hobx'), type `I' and the correct
spelling (e.g., `I\hbox'). Otherwise just continue,
and I'll forget about whatever was undefined.

! Double subscript.
l.21 \sum_{i,j=1}^3 \int_{\Omega} (\partial_i\be_
                                                 j)^2 \,d\x &= \int_{\Omega}...
I treat `x_1_2' essentially like `x_1{}_2'.

! Undefined control sequence.
l.21 ...^3 \int_{\Omega} (\partial_i\be_j)^2 \,d\x
                                                   &= \int_{\Omega} (2\pi V_...
The control sequence at the end of the top line
of your error message was never \def'ed. If you have
misspelled it (e.g., `\hobx'), type `I' and the correct
spelling (e.g., `I\hbox'). Otherwise just continue,
and I'll forget about whatever was undefined.

! Misplaced alignment tab character &.
l.21 ... \int_{\Omega} (\partial_i\be_j)^2 \,d\x &
                                                  = \int_{\Omega} (2\pi V_0/...
I can't figure out why you would want to use a tab mark
here. If you just want an ampersand, the remedy is
simple: Just type `I\&' now. But if some right brace
up above has ended a previous alignment prematurely,
you're probably due for more error messages, and you
might try typing `S' now just to see what is salvageable.

! Undefined control sequence.
l.21 ...i V_0/L \cos(x')\cos(y')\cos(z'))^2 \, d\x
                                                   \\ &+ \int_{\Omega} (-2\p...
The control sequence at the end of the top line
of your error message was never \def'ed. If you have
misspelled it (e.g., `\hobx'), type `I' and the correct
spelling (e.g., `I\hbox'). Otherwise just continue,
and I'll forget about whatever was undefined.

! Misplaced alignment tab character &.
<recently read> &
                 
l.21 .../L \cos(x')\cos(y')\cos(z'))^2 \, d\x \\ &
                                                  + \int_{\Omega} (-2\pi V_0...
I can't figure out why you would want to use a tab mark
here. If you just want an ampersand, the remedy is
simple: Just type `I\&' now. But if some right brace
up above has ended a previous alignment prematurely,
you're probably due for more error messages, and you
might try typing `S' now just to see what is salvageable.

! Undefined control sequence.
l.21 ...i V_0/L \sin(x')\sin(y')\cos(z'))^2 \, d\x
                                                   \\
The control sequence at the end of the top line
of your error message was never \def'ed. If you have
misspelled it (e.g., `\hobx'), type `I' and the correct
spelling (e.g., `I\hbox'). Otherwise just continue,
and I'll forget about whatever was undefined.

! Misplaced alignment tab character &.
<recently read> &
                 
l.22 &
      + \int_{\Omega} (-2\pi V_0/L \sin(x')\cos(y')\sin(z'))^2 \, d\x \\ &+ ...
I can't figure out why you would want to use a tab mark
here. If you just want an ampersand, the remedy is
simple: Just type `I\&' now. But if some right brace
up above has ended a previous alignment prematurely,
you're probably due for more error messages, and you
might try typing `S' now just to see what is salvageable.

! Undefined control sequence.
l.22 ...i V_0/L \sin(x')\cos(y')\sin(z'))^2 \, d\x
                                                   \\ &+ \int_{\Omega} (2\pi...
The control sequence at the end of the top line
of your error message was never \def'ed. If you have
misspelled it (e.g., `\hobx'), type `I' and the correct
spelling (e.g., `I\hbox'). Otherwise just continue,
and I'll forget about whatever was undefined.

! Misplaced alignment tab character &.
<recently read> &
                 
l.22 .../L \sin(x')\cos(y')\sin(z'))^2 \, d\x \\ &
                                                  + \int_{\Omega} (2\pi V_0/...
I can't figure out why you would want to use a tab mark
here. If you just want an ampersand, the remedy is
simple: Just type `I\&' now. But if some right brace
up above has ended a previous alignment prematurely,
you're probably due for more error messages, and you
might try typing `S' now just to see what is salvageable.

! Undefined control sequence.
l.22 ...i V_0/L \sin(x')\sin(y')\cos(z'))^2 \, d\x
                                                   \\
The control sequence at the end of the top line
of your error message was never \def'ed. If you have
misspelled it (e.g., `\hobx'), type `I' and the correct
spelling (e.g., `I\hbox'). Otherwise just continue,
and I'll forget about whatever was undefined.

! Misplaced alignment tab character &.
<recently read> &
                 
l.23 &
      + \int_{\Omega} (-2\pi V_0/L \cos(x')\cos(y')\cos(z'))^2 \, d\x \\ &+ ...
I can't figure out why you would want to use a tab mark
here. If you just want an ampersand, the remedy is
simple: Just type `I\&' now. But if some right brace
up above has ended a previous alignment prematurely,
you're probably due for more error messages, and you
might try typing `S' now just to see what is salvageable.

! Undefined control sequence.
l.23 ...i V_0/L \cos(x')\cos(y')\cos(z'))^2 \, d\x
                                                   \\ &+ \int_{\Omega} (2\pi...
The control sequence at the end of the top line
of your error message was never \def'ed. If you have
misspelled it (e.g., `\hobx'), type `I' and the correct
spelling (e.g., `I\hbox'). Otherwise just continue,
and I'll forget about whatever was undefined.

! Misplaced alignment tab character &.
<recently read> &
                 
l.23 .../L \cos(x')\cos(y')\cos(z'))^2 \, d\x \\ &
                                                  + \int_{\Omega} (2\pi V_0/...
I can't figure out why you would want to use a tab mark
here. If you just want an ampersand, the remedy is
simple: Just type `I\&' now. But if some right brace
up above has ended a previous alignment prematurely,
you're probably due for more error messages, and you
might try typing `S' now just to see what is salvageable.

! Undefined control sequence.
l.23 ...i V_0/L \cos(x')\sin(y')\sin(z'))^2 \, d\x
                                                  .
The control sequence at the end of the top line
of your error message was never \def'ed. If you have
misspelled it (e.g., `\hobx'), type `I' and the correct
spelling (e.g., `I\hbox'). Otherwise just continue,
and I'll forget about whatever was undefined.


! LaTeX Error: \begin{document} ended by \end{align*}.

See the LaTeX manual or LaTeX Companion for explanation.
Type  H <return>  for immediate help.
 ...                                              
                                                  
l.24 \end{align*}
                 
Your command was ignored.
Type  I <command> <return>  to replace it with another command,
or  <return>  to continue without it.

! Missing $ inserted.
<inserted text> 
                $
l.24 \end{align*}
                 
I've inserted something that you may have forgotten.
(See the <inserted text> above.)
With luck, this will get me unwedged. But if you
really didn't forget anything, try typing `2' now; then
my insertion and my current dilemma will both disappear.

Missing character: There is no W in font nullfont!
Missing character: There is no h in font nullfont!
Missing character: There is no i in font nullfont!
Missing character: There is no c in font nullfont!
Missing character: There is no h in font nullfont!
Missing character: There is no s in font nullfont!
Missing character: There is no i in font nullfont!
Missing character: There is no m in font nullfont!
Missing character: There is no p in font nullfont!
Missing character: There is no l in font nullfont!
Missing character: There is no i in font nullfont!
Missing character: There is no f in font nullfont!
Missing character: There is no i in font nullfont!
Missing character: There is no e in font nullfont!
Missing character: There is no s in font nullfont!
Missing character: There is no t in font nullfont!
Missing character: There is no o in font nullfont!
Missing character: There is no B in font nullfont!
Missing character: There is no e in font nullfont!
Missing character: There is no c in font nullfont!
Missing character: There is no a in font nullfont!
Missing character: There is no u in font nullfont!
Missing character: There is no s in font nullfont!
Missing character: There is no e in font nullfont!
Missing character: There is no t in font nullfont!
Missing character: There is no h in font nullfont!
Missing character: There is no e in font nullfont!
Missing character: There is no c in font nullfont!
Missing character: There is no o in font nullfont!
Missing character: There is no m in font nullfont!
Missing character: There is no p in font nullfont!
Missing character: There is no o in font nullfont!
Missing character: There is no n in font nullfont!
Missing character: There is no e in font nullfont!
Missing character: There is no n in font nullfont!
Missing character: There is no t in font nullfont!
Missing character: There is no s in font nullfont!
Missing character: There is no o in font nullfont!
Missing character: There is no f in font nullfont!
! Undefined control sequence.
<recently read> \be 
                    
l.26 Because the components of $\be
                                   $ are separable, the integrals can be red...
The control sequence at the end of the top line
of your error message was never \def'ed. If you have
misspelled it (e.g., `\hobx'), type `I' and the correct
spelling (e.g., `I\hbox'). Otherwise just continue,
and I'll forget about whatever was undefined.

Missing character: There is no a in font nullfont!
Missing character: There is no r in font nullfont!
Missing character: There is no e in font nullfont!
Missing character: There is no s in font nullfont!
Missing character: There is no e in font nullfont!
Missing character: There is no p in font nullfont!
Missing character: There is no a in font nullfont!
Missing character: There is no r in font nullfont!
Missing character: There is no a in font nullfont!
Missing character: There is no b in font nullfont!
Missing character: There is no l in font nullfont!
Missing character: There is no e in font nullfont!
Missing character: There is no , in font nullfont!
Missing character: There is no t in font nullfont!
Missing character: There is no h in font nullfont!
Missing character: There is no e in font nullfont!
Missing character: There is no i in font nullfont!
Missing character: There is no n in font nullfont!
Missing character: There is no t in font nullfont!
Missing character: There is no e in font nullfont!
Missing character: There is no g in font nullfont!
Missing character: There is no r in font nullfont!
Missing character: There is no a in font nullfont!
Missing character: There is no l in font nullfont!
Missing character: There is no s in font nullfont!
Missing character: There is no c in font nullfont!
Missing character: There is no a in font nullfont!
Missing character: There is no n in font nullfont!
Missing character: There is no b in font nullfont!
Missing character: There is no e in font nullfont!
Missing character: There is no r in font nullfont!
Missing character: There is no e in font nullfont!
Missing character: There is no d in font nullfont!
Missing character: There is no u in font nullfont!
Missing character: There is no c in font nullfont!
Missing character: There is no e in font nullfont!
Missing character: There is no d in font nullfont!
Missing character: There is no t in font nullfont!
Missing character: There is no o in font nullfont!
Missing character: There is no , in font nullfont!

! LaTeX Error: Environment align* undefined.

See the LaTeX manual or LaTeX Companion for explanation.
Type  H <return>  for immediate help.
 ...                                              
                                                  
l.27 \begin{align*}
                   
Your command was ignored.
Type  I <command> <return>  to replace it with another command,
or  <return>  to continue without it.

! Missing $ inserted.
<inserted text> 
                $
l.28 \sum
         _{i,j=1}^3 \int_{\Omega} (\partial_i\be_j)^2 \,d\x &= 4\pi^2 V_0^2/...
I've inserted a begin-math/end-math symbol since I think
you left one out. Proceed, with fingers crossed.

! Undefined control sequence.
l.28 \sum_{i,j=1}^3 \int_{\Omega} (\partial_i\be
                                                _j)^2 \,d\x &= 4\pi^2 V_0^2/...
The control sequence at the end of the top line
of your error message was never \def'ed. If you have
misspelled it (e.g., `\hobx'), type `I' and the correct
spelling (e.g., `I\hbox'). Otherwise just continue,
and I'll forget about whatever was undefined.

! Double subscript.
l.28 \sum_{i,j=1}^3 \int_{\Omega} (\partial_i\be_
                                                 j)^2 \,d\x &= 4\pi^2 V_0^2/...
I treat `x_1_2' essentially like `x_1{}_2'.

! Undefined control sequence.
l.28 ...^3 \int_{\Omega} (\partial_i\be_j)^2 \,d\x
                                                   &= 4\pi^2 V_0^2/L^2\int_{...
The control sequence at the end of the top line
of your error message was never \def'ed. If you have
misspelled it (e.g., `\hobx'), type `I' and the correct
spelling (e.g., `I\hbox'). Otherwise just continue,
and I'll forget about whatever was undefined.

! Misplaced alignment tab character &.
l.28 ... \int_{\Omega} (\partial_i\be_j)^2 \,d\x &
                                                  = 4\pi^2 V_0^2/L^2\int_{\O...
I can't figure out why you would want to use a tab mark
here. If you just want an ampersand, the remedy is
simple: Just type `I\&' now. But if some right brace
up above has ended a previous alignment prematurely,
you're probably due for more error messages, and you
might try typing `S' now just to see what is salvageable.

! Undefined control sequence.
l.28 ...ega} \cos^2(x')\cos^2(y')\cos^2(z') \, d\x
                                                   \\ &+ 4\pi^2 V_0^2/L^2\in...
The control sequence at the end of the top line
of your error message was never \def'ed. If you have
misspelled it (e.g., `\hobx'), type `I' and the correct
spelling (e.g., `I\hbox'). Otherwise just continue,
and I'll forget about whatever was undefined.

! Misplaced alignment tab character &.
<recently read> &
                 
l.28 ...\cos^2(x')\cos^2(y')\cos^2(z') \, d\x \\ &
                                                  + 4\pi^2 V_0^2/L^2\int_{\O...
I can't figure out why you would want to use a tab mark
here. If you just want an ampersand, the remedy is
simple: Just type `I\&' now. But if some right brace
up above has ended a previous alignment prematurely,
you're probably due for more error messages, and you
might try typing `S' now just to see what is salvageable.

! Undefined control sequence.
l.28 ...ega} \sin^2(x')\sin^2(y')\cos^2(z') \, d\x
                                                   \\
The control sequence at the end of the top line
of your error message was never \def'ed. If you have
misspelled it (e.g., `\hobx'), type `I' and the correct
spelling (e.g., `I\hbox'). Otherwise just continue,
and I'll forget about whatever was undefined.

! Misplaced alignment tab character &.
<recently read> &
                 
l.29 &
      + 4\pi^2 V_0^2/L^2\int_{\Omega} \sin^2(x')\cos^2(y')\sin^2(z') \, d\x ...
I can't figure out why you would want to use a tab mark
here. If you just want an ampersand, the remedy is
simple: Just type `I\&' now. But if some right brace
up above has ended a previous alignment prematurely,
you're probably due for more error messages, and you
might try typing `S' now just to see what is salvageable.

! Undefined control sequence.
l.29 ...ega} \sin^2(x')\cos^2(y')\sin^2(z') \, d\x
                                                   \\ &+ 4\pi^2 V_0^2/L^2\in...
The control sequence at the end of the top line
of your error message was never \def'ed. If you have
misspelled it (e.g., `\hobx'), type `I' and the correct
spelling (e.g., `I\hbox'). Otherwise just continue,
and I'll forget about whatever was undefined.

! Misplaced alignment tab character &.
<recently read> &
                 
l.29 ...\sin^2(x')\cos^2(y')\sin^2(z') \, d\x \\ &
                                                  + 4\pi^2 V_0^2/L^2\int_{\O...
I can't figure out why you would want to use a tab mark
here. If you just want an ampersand, the remedy is
simple: Just type `I\&' now. But if some right brace
up above has ended a previous alignment prematurely,
you're probably due for more error messages, and you
might try typing `S' now just to see what is salvageable.

! Undefined control sequence.
l.29 ...ega} \sin^2(x')\sin^2(y')\cos^2(z') \, d\x
                                                   \\
The control sequence at the end of the top line
of your error message was never \def'ed. If you have
misspelled it (e.g., `\hobx'), type `I' and the correct
spelling (e.g., `I\hbox'). Otherwise just continue,
and I'll forget about whatever was undefined.

! Misplaced alignment tab character &.
<recently read> &
                 
l.30 &
      + 4\pi^2 V_0^2/L^2\int_{\Omega} \cos^2(x')\cos^2(y')\cos^2(z') \, d\x ...
I can't figure out why you would want to use a tab mark
here. If you just want an ampersand, the remedy is
simple: Just type `I\&' now. But if some right brace
up above has ended a previous alignment prematurely,
you're probably due for more error messages, and you
might try typing `S' now just to see what is salvageable.

! Undefined control sequence.
l.30 ...ega} \cos^2(x')\cos^2(y')\cos^2(z') \, d\x
                                                   \\ &+ 4\pi^2 V_0^2/L^2\in...
The control sequence at the end of the top line
of your error message was never \def'ed. If you have
misspelled it (e.g., `\hobx'), type `I' and the correct
spelling (e.g., `I\hbox'). Otherwise just continue,
and I'll forget about whatever was undefined.

! Misplaced alignment tab character &.
<recently read> &
                 
l.30 ...\cos^2(x')\cos^2(y')\cos^2(z') \, d\x \\ &
                                                  + 4\pi^2 V_0^2/L^2\int_{\O...
I can't figure out why you would want to use a tab mark
here. If you just want an ampersand, the remedy is
simple: Just type `I\&' now. But if some right brace
up above has ended a previous alignment prematurely,
you're probably due for more error messages, and you
might try typing `S' now just to see what is salvageable.

! Undefined control sequence.
l.30 ...ega} \cos^2(x')\sin^2(y')\sin^2(z') \, d\x
                                                  .
The control sequence at the end of the top line
of your error message was never \def'ed. If you have
misspelled it (e.g., `\hobx'), type `I' and the correct
spelling (e.g., `I\hbox'). Otherwise just continue,
and I'll forget about whatever was undefined.


! LaTeX Error: \begin{document} ended by \end{align*}.

See the LaTeX manual or LaTeX Companion for explanation.
Type  H <return>  for immediate help.
 ...                                              
                                                  
l.31 \end{align*}
                 
Your command was ignored.
Type  I <command> <return>  to replace it with another command,
or  <return>  to continue without it.

! Missing $ inserted.
<inserted text> 
                $
l.31 \end{align*}
                 
I've inserted something that you may have forgotten.
(See the <inserted text> above.)
With luck, this will get me unwedged. But if you
really didn't forget anything, try typing `2' now; then
my insertion and my current dilemma will both disappear.

Missing character: There is no B in font nullfont!
Missing character: There is no e in font nullfont!
Missing character: There is no c in font nullfont!
Missing character: There is no a in font nullfont!
Missing character: There is no u in font nullfont!
Missing character: There is no s in font nullfont!
Missing character: There is no e in font nullfont!
Missing character: There is no t in font nullfont!
Missing character: There is no h in font nullfont!
Missing character: There is no e in font nullfont!
Missing character: There is no c in font nullfont!
Missing character: There is no o in font nullfont!
Missing character: There is no m in font nullfont!
Missing character: There is no p in font nullfont!
Missing character: There is no o in font nullfont!
Missing character: There is no n in font nullfont!
Missing character: There is no e in font nullfont!
Missing character: There is no n in font nullfont!
Missing character: There is no t in font nullfont!
Missing character: There is no s in font nullfont!
Missing character: There is no o in font nullfont!
Missing character: There is no f in font nullfont!
! Undefined control sequence.
<recently read> \be 
                    
l.32 Because the components of $\be
                                   $ are separable, the integrals can be red...
The control sequence at the end of the top line
of your error message was never \def'ed. If you have
misspelled it (e.g., `\hobx'), type `I' and the correct
spelling (e.g., `I\hbox'). Otherwise just continue,
and I'll forget about whatever was undefined.

Missing character: There is no a in font nullfont!
Missing character: There is no r in font nullfont!
Missing character: There is no e in font nullfont!
Missing character: There is no s in font nullfont!
Missing character: There is no e in font nullfont!
Missing character: There is no p in font nullfont!
Missing character: There is no a in font nullfont!
Missing character: There is no r in font nullfont!
Missing character: There is no a in font nullfont!
Missing character: There is no b in font nullfont!
Missing character: There is no l in font nullfont!
Missing character: There is no e in font nullfont!
Missing character: There is no , in font nullfont!
Missing character: There is no t in font nullfont!
Missing character: There is no h in font nullfont!
Missing character: There is no e in font nullfont!
Missing character: There is no i in font nullfont!
Missing character: There is no n in font nullfont!
Missing character: There is no t in font nullfont!
Missing character: There is no e in font nullfont!
Missing character: There is no g in font nullfont!
Missing character: There is no r in font nullfont!
Missing character: There is no a in font nullfont!
Missing character: There is no l in font nullfont!
Missing character: There is no s in font nullfont!
Missing character: There is no c in font nullfont!
Missing character: There is no a in font nullfont!
Missing character: There is no n in font nullfont!
Missing character: There is no b in font nullfont!
Missing character: There is no e in font nullfont!
Missing character: There is no r in font nullfont!
Missing character: There is no e in font nullfont!
Missing character: There is no d in font nullfont!
Missing character: There is no u in font nullfont!
Missing character: There is no c in font nullfont!
Missing character: There is no e in font nullfont!
Missing character: There is no d in font nullfont!
Missing character: There is no t in font nullfont!
Missing character: There is no o in font nullfont!
Missing character: There is no p in font nullfont!
Missing character: There is no r in font nullfont!
Missing character: There is no o in font nullfont!
Missing character: There is no d in font nullfont!
Missing character: There is no u in font nullfont!
Missing character: There is no c in font nullfont!
Missing character: There is no t in font nullfont!
Missing character: There is no s in font nullfont!
Missing character: There is no o in font nullfont!
Missing character: There is no f in font nullfont!
Missing character: There is no , in font nullfont!

! LaTeX Error: Environment equation* undefined.

See the LaTeX manual or LaTeX Companion for explanation.
Type  H <return>  for immediate help.
 ...                                              
                                                  
l.33 \begin{equation*}
                      
Your command was ignored.
Type  I <command> <return>  to replace it with another command,
or  <return>  to continue without it.

! Missing $ inserted.
<inserted text> 
                $
l.34 \int
         _{0}^L \cos^2(x')\, d\x = \frac{L}{2}, \qquad and \qquad \int_{0}^L...
I've inserted a begin-math/end-math symbol since I think
you left one out. Proceed, with fingers crossed.

! Undefined control sequence.
l.34 \int_{0}^L \cos^2(x')\, d\x
                                 = \frac{L}{2}, \qquad and \qquad \int_{0}^L...
The control sequence at the end of the top line
of your error message was never \def'ed. If you have
misspelled it (e.g., `\hobx'), type `I' and the correct
spelling (e.g., `I\hbox'). Otherwise just continue,
and I'll forget about whatever was undefined.

! Undefined control sequence.
l.34 ...uad and \qquad \int_{0}^L \sin^2(x')\, d\x
                                                   = \frac{L}{2}.
The control sequence at the end of the top line
of your error message was never \def'ed. If you have
misspelled it (e.g., `\hobx'), type `I' and the correct
spelling (e.g., `I\hbox'). Otherwise just continue,
and I'll forget about whatever was undefined.


! LaTeX Error: \begin{document} ended by \end{equation*}.

See the LaTeX manual or LaTeX Companion for explanation.
Type  H <return>  for immediate help.
 ...                                              
                                                  
l.35 \end{equation*}
                    
Your command was ignored.
Type  I <command> <return>  to replace it with another command,
or  <return>  to continue without it.

! Missing $ inserted.
<inserted text> 
                $
l.35 \end{equation*}
                    
I've inserted something that you may have forgotten.
(See the <inserted text> above.)
With luck, this will get me unwedged. But if you
really didn't forget anything, try typing `2' now; then
my insertion and my current dilemma will both disappear.

Missing character: There is no E in font nullfont!
Missing character: There is no v in font nullfont!
Missing character: There is no a in font nullfont!
Missing character: There is no l in font nullfont!
Missing character: There is no u in font nullfont!
Missing character: There is no a in font nullfont!
Missing character: There is no t in font nullfont!
Missing character: There is no i in font nullfont!
Missing character: There is no n in font nullfont!
Missing character: There is no g in font nullfont!
Missing character: There is no e in font nullfont!
Missing character: There is no a in font nullfont!
Missing character: There is no c in font nullfont!
Missing character: There is no h in font nullfont!
Missing character: There is no i in font nullfont!
Missing character: There is no n in font nullfont!
Missing character: There is no t in font nullfont!
Missing character: There is no e in font nullfont!
Missing character: There is no g in font nullfont!
Missing character: There is no r in font nullfont!
Missing character: There is no a in font nullfont!
Missing character: There is no l in font nullfont!

Overfull \hbox (8.63832pt too wide) in paragraph at lines 13--37
 $\OML/cmm/m/it/10 @[]$
 []


Overfull \hbox (4.21356pt too wide) in paragraph at lines 13--37
[]$
 []


Overfull \hbox (85.23851pt too wide) in paragraph at lines 13--37
[][] [][]\OT1/cmr/m/n/10 (\OML/cmm/m/it/10 @[][]\OT1/cmr/m/n/10 )[] \OML/cmm/m/
it/10 d \OT1/cmr/m/n/10 =
 []


Overfull \hbox (52.1251pt too wide) in paragraph at lines 13--37
[][]\OT1/cmr/m/n/10 (\OML/cmm/m/it/10 @[][]\OT1/cmr/m/n/10 )[] \OML/cmm/m/it/10
 d \OT1/cmr/m/n/10 +
 []


Overfull \hbox (52.1251pt too wide) in paragraph at lines 13--37
[][]\OT1/cmr/m/n/10 (\OML/cmm/m/it/10 @[][]\OT1/cmr/m/n/10 )[] \OML/cmm/m/it/10
 d \OT1/cmr/m/n/10 +
 []


Overfull \hbox (44.3473pt too wide) in paragraph at lines 13--37
[][]\OT1/cmr/m/n/10 (\OML/cmm/m/it/10 @[][]\OT1/cmr/m/n/10 )[] \OML/cmm/m/it/10
 d[] 
 []


Overfull \hbox (7.7778pt too wide) in paragraph at lines 13--37
\OT1/cmr/m/n/10 +
 []


Overfull \hbox (52.1251pt too wide) in paragraph at lines 13--37
[][]\OT1/cmr/m/n/10 (\OML/cmm/m/it/10 @[][]\OT1/cmr/m/n/10 )[] \OML/cmm/m/it/10
 d \OT1/cmr/m/n/10 +
 []


Overfull \hbox (52.1251pt too wide) in paragraph at lines 13--37
[][]\OT1/cmr/m/n/10 (\OML/cmm/m/it/10 @[][]\OT1/cmr/m/n/10 )[] \OML/cmm/m/it/10
 d \OT1/cmr/m/n/10 +
 []


Overfull \hbox (47.12509pt too wide) in paragraph at lines 13--37
[][]\OT1/cmr/m/n/10 (\OML/cmm/m/it/10 @[][]\OT1/cmr/m/n/10 )[] \OML/cmm/m/it/10
 d:$
 []


Overfull \hbox (85.23851pt too wide) in paragraph at lines 13--37
[][] [][]\OT1/cmr/m/n/10 (\OML/cmm/m/it/10 @[][]\OT1/cmr/m/n/10 )[] \OML/cmm/m/
it/10 d \OT1/cmr/m/n/10 =
 []


Overfull \hbox (156.23395pt too wide) in paragraph at lines 13--37
[][]\OT1/cmr/m/n/10 (2\OML/cmm/m/it/10 ^^YV[]=L []\OT1/cmr/m/n/10 (\OML/cmm/m/i
t/10 x[]\OT1/cmr/m/n/10 ) [](\OML/cmm/m/it/10 y[]\OT1/cmr/m/n/10 ) [](\OML/cmm/
m/it/10 z[]\OT1/cmr/m/n/10 ))[] \OML/cmm/m/it/10 d[] 
 []


Overfull \hbox (7.7778pt too wide) in paragraph at lines 13--37
\OT1/cmr/m/n/10 +
 []


Overfull \hbox (161.78955pt too wide) in paragraph at lines 13--37
[][]\OT1/cmr/m/n/10 (\OMS/cmsy/m/n/10 ^^@\OT1/cmr/m/n/10 2\OML/cmm/m/it/10 ^^YV
[]=L []\OT1/cmr/m/n/10 (\OML/cmm/m/it/10 x[]\OT1/cmr/m/n/10 ) [](\OML/cmm/m/it/
10 y[]\OT1/cmr/m/n/10 ) [](\OML/cmm/m/it/10 z[]\OT1/cmr/m/n/10 ))[] \OML/cmm/m/
it/10 d[] 
 []


Overfull \hbox (7.7778pt too wide) in paragraph at lines 13--37
\OT1/cmr/m/n/10 +
 []


Overfull \hbox (161.78955pt too wide) in paragraph at lines 13--37
[][]\OT1/cmr/m/n/10 (\OMS/cmsy/m/n/10 ^^@\OT1/cmr/m/n/10 2\OML/cmm/m/it/10 ^^YV
[]=L []\OT1/cmr/m/n/10 (\OML/cmm/m/it/10 x[]\OT1/cmr/m/n/10 ) [](\OML/cmm/m/it/
10 y[]\OT1/cmr/m/n/10 ) [](\OML/cmm/m/it/10 z[]\OT1/cmr/m/n/10 ))[] \OML/cmm/m/
it/10 d[] 
 []


Overfull \hbox (7.7778pt too wide) in paragraph at lines 13--37
\OT1/cmr/m/n/10 +
 []


Overfull \hbox (154.01175pt too wide) in paragraph at lines 13--37
[][]\OT1/cmr/m/n/10 (2\OML/cmm/m/it/10 ^^YV[]=L []\OT1/cmr/m/n/10 (\OML/cmm/m/i
t/10 x[]\OT1/cmr/m/n/10 ) [](\OML/cmm/m/it/10 y[]\OT1/cmr/m/n/10 ) [](\OML/cmm/
m/it/10 z[]\OT1/cmr/m/n/10 ))[] \OML/cmm/m/it/10 d[] 
 []


Overfull \hbox (7.7778pt too wide) in paragraph at lines 13--37
\OT1/cmr/m/n/10 +
 []


Overfull \hbox (164.01175pt too wide) in paragraph at lines 13--37
[][]\OT1/cmr/m/n/10 (\OMS/cmsy/m/n/10 ^^@\OT1/cmr/m/n/10 2\OML/cmm/m/it/10 ^^YV
[]=L []\OT1/cmr/m/n/10 (\OML/cmm/m/it/10 x[]\OT1/cmr/m/n/10 ) [](\OML/cmm/m/it/
10 y[]\OT1/cmr/m/n/10 ) [](\OML/cmm/m/it/10 z[]\OT1/cmr/m/n/10 ))[] \OML/cmm/m/
it/10 d[] 
 []


Overfull \hbox (7.7778pt too wide) in paragraph at lines 13--37
\OT1/cmr/m/n/10 +
 []


Overfull \hbox (156.78954pt too wide) in paragraph at lines 13--37
[][]\OT1/cmr/m/n/10 (2\OML/cmm/m/it/10 ^^YV[]=L []\OT1/cmr/m/n/10 (\OML/cmm/m/i
t/10 x[]\OT1/cmr/m/n/10 ) [](\OML/cmm/m/it/10 y[]\OT1/cmr/m/n/10 ) [](\OML/cmm/
m/it/10 z[]\OT1/cmr/m/n/10 ))[] \OML/cmm/m/it/10 d:$
 []


Overfull \hbox (85.23851pt too wide) in paragraph at lines 13--37
[][] [][]\OT1/cmr/m/n/10 (\OML/cmm/m/it/10 @[][]\OT1/cmr/m/n/10 )[] \OML/cmm/m/
it/10 d \OT1/cmr/m/n/10 =
 []


Overfull \hbox (170.28952pt too wide) in paragraph at lines 13--37
\OT1/cmr/m/n/10 4\OML/cmm/m/it/10 ^^Y[]V[]=L[] [][] [][]\OT1/cmr/m/n/10 (\OML/c
mm/m/it/10 x[]\OT1/cmr/m/n/10 ) [][](\OML/cmm/m/it/10 y[]\OT1/cmr/m/n/10 ) [][]
(\OML/cmm/m/it/10 z[]\OT1/cmr/m/n/10 ) \OML/cmm/m/it/10 d[] 
 []


Overfull \hbox (7.7778pt too wide) in paragraph at lines 13--37
\OT1/cmr/m/n/10 +
 []


Overfull \hbox (168.06732pt too wide) in paragraph at lines 13--37
\OT1/cmr/m/n/10 4\OML/cmm/m/it/10 ^^Y[]V[]=L[] [][] [][]\OT1/cmr/m/n/10 (\OML/c
mm/m/it/10 x[]\OT1/cmr/m/n/10 ) [][](\OML/cmm/m/it/10 y[]\OT1/cmr/m/n/10 ) [][]
(\OML/cmm/m/it/10 z[]\OT1/cmr/m/n/10 ) \OML/cmm/m/it/10 d[] 
 []


Overfull \hbox (7.7778pt too wide) in paragraph at lines 13--37
\OT1/cmr/m/n/10 +
 []


Overfull \hbox (168.06732pt too wide) in paragraph at lines 13--37
\OT1/cmr/m/n/10 4\OML/cmm/m/it/10 ^^Y[]V[]=L[] [][] [][]\OT1/cmr/m/n/10 (\OML/c
mm/m/it/10 x[]\OT1/cmr/m/n/10 ) [][](\OML/cmm/m/it/10 y[]\OT1/cmr/m/n/10 ) [][]
(\OML/cmm/m/it/10 z[]\OT1/cmr/m/n/10 ) \OML/cmm/m/it/10 d[] 
 []


Overfull \hbox (7.7778pt too wide) in paragraph at lines 13--37
\OT1/cmr/m/n/10 +
 []


Overfull \hbox (168.06732pt too wide) in paragraph at lines 13--37
\OT1/cmr/m/n/10 4\OML/cmm/m/it/10 ^^Y[]V[]=L[] [][] [][]\OT1/cmr/m/n/10 (\OML/c
mm/m/it/10 x[]\OT1/cmr/m/n/10 ) [][](\OML/cmm/m/it/10 y[]\OT1/cmr/m/n/10 ) [][]
(\OML/cmm/m/it/10 z[]\OT1/cmr/m/n/10 ) \OML/cmm/m/it/10 d[] 
 []


Overfull \hbox (7.7778pt too wide) in paragraph at lines 13--37
\OT1/cmr/m/n/10 +
 []


Overfull \hbox (170.28952pt too wide) in paragraph at lines 13--37
\OT1/cmr/m/n/10 4\OML/cmm/m/it/10 ^^Y[]V[]=L[] [][] [][]\OT1/cmr/m/n/10 (\OML/c
mm/m/it/10 x[]\OT1/cmr/m/n/10 ) [][](\OML/cmm/m/it/10 y[]\OT1/cmr/m/n/10 ) [][]
(\OML/cmm/m/it/10 z[]\OT1/cmr/m/n/10 ) \OML/cmm/m/it/10 d[] 
 []


Overfull \hbox (7.7778pt too wide) in paragraph at lines 13--37
\OT1/cmr/m/n/10 +
 []


Overfull \hbox (170.84511pt too wide) in paragraph at lines 13--37
\OT1/cmr/m/n/10 4\OML/cmm/m/it/10 ^^Y[]V[]=L[] [][] [][]\OT1/cmr/m/n/10 (\OML/c
mm/m/it/10 x[]\OT1/cmr/m/n/10 ) [][](\OML/cmm/m/it/10 y[]\OT1/cmr/m/n/10 ) [][]
(\OML/cmm/m/it/10 z[]\OT1/cmr/m/n/10 ) \OML/cmm/m/it/10 d:$
 []


Overfull \hbox (65.9201pt too wide) in paragraph at lines 13--37
[][] [][]\OT1/cmr/m/n/10 (\OML/cmm/m/it/10 x[]\OT1/cmr/m/n/10 ) \OML/cmm/m/it/1
0 d \OT1/cmr/m/n/10 =
 []


Overfull \hbox (95.29929pt too wide) in paragraph at lines 13--37
[]\OML/cmm/m/it/10 ;  and  [][] [][]\OT1/cmr/m/n/10 (\OML/cmm/m/it/10 x[]\OT1/c
mr/m/n/10 ) \OML/cmm/m/it/10 d \OT1/cmr/m/n/10 =
 []


Overfull \hbox (10.66393pt too wide) in paragraph at lines 13--37
[]\OML/cmm/m/it/10 :$
 []

! Undefined control sequence.
l.37 $$\sum_{i,j=1}^3 \int_{\Omega} (\partial_i\be
                                                  _j)^2 \,d\x = 6\frac{4\pi^...
The control sequence at the end of the top line
of your error message was never \def'ed. If you have
misspelled it (e.g., `\hobx'), type `I' and the correct
spelling (e.g., `I\hbox'). Otherwise just continue,
and I'll forget about whatever was undefined.

! Double subscript.
l.37 ...um_{i,j=1}^3 \int_{\Omega} (\partial_i\be_
                                                  j)^2 \,d\x = 6\frac{4\pi^2...
I treat `x_1_2' essentially like `x_1{}_2'.

! Undefined control sequence.
l.37 ...^3 \int_{\Omega} (\partial_i\be_j)^2 \,d\x
                                                   = 6\frac{4\pi^2V_0^2}{L^2...
The control sequence at the end of the top line
of your error message was never \def'ed. If you have
misspelled it (e.g., `\hobx'), type `I' and the correct
spelling (e.g., `I\hbox'). Otherwise just continue,
and I'll forget about whatever was undefined.


Overfull \hbox (177.97603pt too wide) detected at line 37
[] [][]\OT1/cmr/m/n/10 (\OML/cmm/m/it/10 @[][]\OT1/cmr/m/n/10 )[] \OML/cmm/m/it
/10 d \OT1/cmr/m/n/10 = 6[][] = 3\OML/cmm/m/it/10 ^^Y[]V[]L:
 []

Missing character: There is no S in font nullfont!
Missing character: There is no u in font nullfont!
Missing character: There is no b in font nullfont!
Missing character: There is no s in font nullfont!
Missing character: There is no t in font nullfont!
Missing character: There is no i in font nullfont!
Missing character: There is no t in font nullfont!
Missing character: There is no u in font nullfont!
Missing character: There is no t in font nullfont!
Missing character: There is no i in font nullfont!
Missing character: There is no n in font nullfont!
Missing character: There is no g in font nullfont!
Missing character: There is no i in font nullfont!
Missing character: There is no n in font nullfont!
Missing character: There is no t in font nullfont!
Missing character: There is no o in font nullfont!
Missing character: There is no t in font nullfont!
Missing character: There is no h in font nullfont!
Missing character: There is no e in font nullfont!
Missing character: There is no f in font nullfont!
Missing character: There is no o in font nullfont!
Missing character: There is no r in font nullfont!
Missing character: There is no m in font nullfont!
Missing character: There is no u in font nullfont!
Missing character: There is no l in font nullfont!
Missing character: There is no a in font nullfont!
Missing character: There is no f in font nullfont!
Missing character: There is no o in font nullfont!
Missing character: There is no r in font nullfont!
! Undefined control sequence.
l.38 ...ting into the formula for $\|\cdot\|_{\hdo
                                                  }$
The control sequence at the end of the top line
of your error message was never \def'ed. If you have
misspelled it (e.g., `\hobx'), type `I' and the correct
spelling (e.g., `I\hbox'). Otherwise just continue,
and I'll forget about whatever was undefined.


Overfull \hbox (7.7778pt too wide) in paragraph at lines 37--40
     $\OMS/cmsy/m/n/10 k ^^A
 []


Overfull \hbox (5.50002pt too wide) in paragraph at lines 37--40
\OMS/cmsy/m/n/10 k[]$ 
 []

! Undefined control sequence.
l.40 $$\|\be
            _{TGV}\|_{\hdo} = \left[ 3\pi^2V_0^2L \right]^{1/2} = \sqrt{3L}\...
The control sequence at the end of the top line
of your error message was never \def'ed. If you have
misspelled it (e.g., `\hobx'), type `I' and the correct
spelling (e.g., `I\hbox'). Otherwise just continue,
and I'll forget about whatever was undefined.

! Undefined control sequence.
l.40 $$\|\be_{TGV}\|_{\hdo
                          } = \left[ 3\pi^2V_0^2L \right]^{1/2} = \sqrt{3L}\...
The control sequence at the end of the top line
of your error message was never \def'ed. If you have
misspelled it (e.g., `\hobx'), type `I' and the correct
spelling (e.g., `I\hbox'). Otherwise just continue,
and I'll forget about whatever was undefined.


Overfull \hbox (151.22714pt too wide) detected at line 40
\OMS/cmsy/m/n/10 k[]k[] \OT1/cmr/m/n/10 = [][] = []\OML/cmm/m/it/10 ^^YV[]:
 []

)
! Emergency stop.
<*> ./appendix_tg_seminorm_general.tex
                                      
*** (job aborted, no legal \end found)

 
Here is how much of TeX's memory you used:
 30 strings out of 474486
 812 string characters out of 5743755
 1930542 words of memory out of 5000000
 22416 multiletter control sequences out of 15000+600000
 558069 words of font info for 36 fonts, out of 8000000 for 9000
 1141 hyphenation exceptions out of 8191
 18i,2n,20p,288b,61s stack positions out of 10000i,1000n,20000p,200000b,200000s
!  ==> Fatal error occurred, no output PDF file produced!
