This is pdfTeX, Version 3.141592653-2.6-1.40.25 (MiKTeX 24.1) (preloaded format=pdflatex 2024.8.10)  30 JAN 2026 13:58
entering extended mode
 restricted \write18 enabled.
 %&-line parsing enabled.
**./appendix_tg_seminorm_1.aux.tex
(appendix_tg_seminorm_1.aux.tex
LaTeX2e <2023-11-01> patch level 1
L3 programming layer <2024-01-04>
! Undefined control sequence.
l.1 \chapter
            {3D Taylor Green H1 Seminorm $1$ domain}
The control sequence at the end of the top line
of your error message was never \def'ed. If you have
misspelled it (e.g., `\hobx'), type `I' and the correct
spelling (e.g., `I\hbox'). Otherwise just continue,
and I'll forget about whatever was undefined.


! LaTeX Error: Missing \begin{document}.

See the LaTeX manual or LaTeX Companion for explanation.
Type  H <return>  for immediate help.
 ...                                              
                                                  
l.1 \chapter{3
              D Taylor Green H1 Seminorm $1$ domain}
You're in trouble here.  Try typing  <return>  to proceed.
If that doesn't work, type  X <return>  to quit.

Missing character: There is no 3 in font nullfont!
Missing character: There is no D in font nullfont!
Missing character: There is no T in font nullfont!
Missing character: There is no a in font nullfont!
Missing character: There is no y in font nullfont!
Missing character: There is no l in font nullfont!
Missing character: There is no o in font nullfont!
Missing character: There is no r in font nullfont!
Missing character: There is no G in font nullfont!
Missing character: There is no r in font nullfont!
Missing character: There is no e in font nullfont!
Missing character: There is no e in font nullfont!
Missing character: There is no n in font nullfont!
Missing character: There is no H in font nullfont!
Missing character: There is no 1 in font nullfont!
Missing character: There is no S in font nullfont!
Missing character: There is no e in font nullfont!
Missing character: There is no m in font nullfont!
Missing character: There is no i in font nullfont!
Missing character: There is no n in font nullfont!
Missing character: There is no o in font nullfont!
Missing character: There is no r in font nullfont!
Missing character: There is no m in font nullfont!
LaTeX Font Info:    External font `cmex10' loaded for size
(Font)              <7> on input line 1.
LaTeX Font Info:    External font `cmex10' loaded for size
(Font)              <5> on input line 1.
Missing character: There is no d in font nullfont!
Missing character: There is no o in font nullfont!
Missing character: There is no m in font nullfont!
Missing character: There is no a in font nullfont!
Missing character: There is no i in font nullfont!
Missing character: There is no n in font nullfont!

Overfull \hbox (20.0pt too wide) in paragraph at lines 1--3
[]
 []


Overfull \hbox (5.00002pt too wide) in paragraph at lines 1--3
\OT1/cmr/m/n/10 1$
 []


! LaTeX Error: Missing \begin{document}.

See the LaTeX manual or LaTeX Companion for explanation.
Type  H <return>  for immediate help.
 ...                                              
                                                  
l.4 T
     he 3D Taylor Green initial condition on the domain $[0,1]^3$ is
You're in trouble here.  Try typing  <return>  to proceed.
If that doesn't work, type  X <return>  to quit.

Missing character: There is no T in font nullfont!
Missing character: There is no h in font nullfont!
Missing character: There is no e in font nullfont!
Missing character: There is no 3 in font nullfont!
Missing character: There is no D in font nullfont!
Missing character: There is no T in font nullfont!
Missing character: There is no a in font nullfont!
Missing character: There is no y in font nullfont!
Missing character: There is no l in font nullfont!
Missing character: There is no o in font nullfont!
Missing character: There is no r in font nullfont!
Missing character: There is no G in font nullfont!
Missing character: There is no r in font nullfont!
Missing character: There is no e in font nullfont!
Missing character: There is no e in font nullfont!
Missing character: There is no n in font nullfont!
Missing character: There is no i in font nullfont!
Missing character: There is no n in font nullfont!
Missing character: There is no i in font nullfont!
Missing character: There is no t in font nullfont!
Missing character: There is no i in font nullfont!
Missing character: There is no a in font nullfont!
Missing character: There is no l in font nullfont!
Missing character: There is no c in font nullfont!
Missing character: There is no o in font nullfont!
Missing character: There is no n in font nullfont!
Missing character: There is no d in font nullfont!
Missing character: There is no i in font nullfont!
Missing character: There is no t in font nullfont!
Missing character: There is no i in font nullfont!
Missing character: There is no o in font nullfont!
Missing character: There is no n in font nullfont!
Missing character: There is no o in font nullfont!
Missing character: There is no n in font nullfont!
Missing character: There is no t in font nullfont!
Missing character: There is no h in font nullfont!
Missing character: There is no e in font nullfont!
Missing character: There is no d in font nullfont!
Missing character: There is no o in font nullfont!
Missing character: There is no m in font nullfont!
Missing character: There is no a in font nullfont!
Missing character: There is no i in font nullfont!
Missing character: There is no n in font nullfont!
Missing character: There is no i in font nullfont!
Missing character: There is no s in font nullfont!

Overfull \hbox (20.0pt too wide) in paragraph at lines 4--5
[]
 []


Overfull \hbox (24.48615pt too wide) in paragraph at lines 4--5
\OT1/cmr/m/n/10 [0\OML/cmm/m/it/10 ; \OT1/cmr/m/n/10 1][]$
 []


! LaTeX Error: Environment bmatrix undefined.

See the LaTeX manual or LaTeX Companion for explanation.
Type  H <return>  for immediate help.
 ...                                              
                                                  
l.5 $$\eta_{TG} = \begin{bmatrix}
                                 
Your command was ignored.
Type  I <command> <return>  to replace it with another command,
or  <return>  to continue without it.


! LaTeX Error: \begin{document} ended by \end{bmatrix}.

See the LaTeX manual or LaTeX Companion for explanation.
Type  H <return>  for immediate help.
 ...                                              
                                                  
l.9          \end{bmatrix}
                          $$
Your command was ignored.
Type  I <command> <return>  to replace it with another command,
or  <return>  to continue without it.


Overfull \hbox (273.53523pt too wide) detected at line 9
\OML/cmm/m/it/10 ^^Q[] \OT1/cmr/m/n/10 = [](2\OML/cmm/m/it/10 ^^Yx\OT1/cmr/m/n/
10 ) [](2\OML/cmm/m/it/10 ^^Yy\OT1/cmr/m/n/10 ) [](2\OML/cmm/m/it/10 ^^Yz\OT1/c
mr/m/n/10 )[]  \OMS/cmsy/m/n/10 ^^@ []\OT1/cmr/m/n/10 (2\OML/cmm/m/it/10 ^^Yx\O
T1/cmr/m/n/10 ) [](2\OML/cmm/m/it/10 ^^Yy\OT1/cmr/m/n/10 ) [](2\OML/cmm/m/it/10
 ^^Yz\OT1/cmr/m/n/10 )[] 0
 []

Missing character: There is no T in font nullfont!
Missing character: There is no h in font nullfont!
Missing character: There is no e in font nullfont!
Missing character: There is no f in font nullfont!
Missing character: There is no o in font nullfont!
Missing character: There is no r in font nullfont!
Missing character: There is no m in font nullfont!
Missing character: There is no u in font nullfont!
Missing character: There is no l in font nullfont!
Missing character: There is no a in font nullfont!
Missing character: There is no f in font nullfont!
Missing character: There is no o in font nullfont!
Missing character: There is no r in font nullfont!
Missing character: There is no t in font nullfont!
Missing character: There is no h in font nullfont!
Missing character: There is no e in font nullfont!
Missing character: There is no H in font nullfont!
Missing character: There is no 1 in font nullfont!
Missing character: There is no s in font nullfont!
Missing character: There is no e in font nullfont!
Missing character: There is no m in font nullfont!
Missing character: There is no i in font nullfont!
Missing character: There is no n in font nullfont!
Missing character: There is no o in font nullfont!
Missing character: There is no r in font nullfont!
Missing character: There is no m in font nullfont!
Missing character: There is no i in font nullfont!
Missing character: There is no s in font nullfont!
! Undefined control sequence.
l.11 $$\|\eta\|_{\hdo
                     } = \|\nabla\eta\|_{L^2} = \left[ \sum_{i,j=1}^3 \int_{...
The control sequence at the end of the top line
of your error message was never \def'ed. If you have
misspelled it (e.g., `\hobx'), type `I' and the correct
spelling (e.g., `I\hbox'). Otherwise just continue,
and I'll forget about whatever was undefined.


Overfull \hbox (177.08119pt too wide) detected at line 11
\OMS/cmsy/m/n/10 k\OML/cmm/m/it/10 ^^Q\OMS/cmsy/m/n/10 k[] \OT1/cmr/m/n/10 = \O
MS/cmsy/m/n/10 kr\OML/cmm/m/it/10 ^^Q\OMS/cmsy/m/n/10 k[] \OT1/cmr/m/n/10 = [][
]
 []


! LaTeX Error: Environment align* undefined.

See the LaTeX manual or LaTeX Companion for explanation.
Type  H <return>  for immediate help.
 ...                                              
                                                  
l.13 \begin{align*}
                   
Your command was ignored.
Type  I <command> <return>  to replace it with another command,
or  <return>  to continue without it.

! Missing $ inserted.
<inserted text> 
                $
l.14 \sum
         _{i,j=1}^3 \int_{\Omega} (\partial_i\eta_j)^2 \,dx &= \int_{\Omega}...
I've inserted a begin-math/end-math symbol since I think
you left one out. Proceed, with fingers crossed.


! LaTeX Error: Missing \begin{document}.

See the LaTeX manual or LaTeX Companion for explanation.
Type  H <return>  for immediate help.
 ...                                              
                                                  
l.14 \sum
         _{i,j=1}^3 \int_{\Omega} (\partial_i\eta_j)^2 \,dx &= \int_{\Omega}...

You're in trouble here.  Try typing  <return>  to proceed.
If that doesn't work, type  X <return>  to quit.

! Misplaced alignment tab character &.
l.14 ... \int_{\Omega} (\partial_i\eta_j)^2 \,dx &
                                                  = \int_{\Omega} (2\pi \cos...
I can't figure out why you would want to use a tab mark
here. If you just want an ampersand, the remedy is
simple: Just type `I\&' now. But if some right brace
up above has ended a previous alignment prematurely,
you're probably due for more error messages, and you
might try typing `S' now just to see what is salvageable.

! Misplaced alignment tab character &.
<recently read> &
                 
l.15 &
      + \int_{\Omega} (-2\pi \sin(2\pi x)\cos(2\pi y)\sin(2\pi z))^2 \, dx +...
I can't figure out why you would want to use a tab mark
here. If you just want an ampersand, the remedy is
simple: Just type `I\&' now. But if some right brace
up above has ended a previous alignment prematurely,
you're probably due for more error messages, and you
might try typing `S' now just to see what is salvageable.

! Misplaced alignment tab character &.
<recently read> &
                 
l.16 &
      + \int_{\Omega} (-2\pi \cos(2\pi x)\cos(2\pi y)\cos(2\pi z))^2 \, dx +...
I can't figure out why you would want to use a tab mark
here. If you just want an ampersand, the remedy is
simple: Just type `I\&' now. But if some right brace
up above has ended a previous alignment prematurely,
you're probably due for more error messages, and you
might try typing `S' now just to see what is salvageable.


! LaTeX Error: \begin{document} ended by \end{align*}.

See the LaTeX manual or LaTeX Companion for explanation.
Type  H <return>  for immediate help.
 ...                                              
                                                  
l.17 \end{align*}
                 
Your command was ignored.
Type  I <command> <return>  to replace it with another command,
or  <return>  to continue without it.

! Missing $ inserted.
<inserted text> 
                $
l.17 \end{align*}
                 
I've inserted something that you may have forgotten.
(See the <inserted text> above.)
With luck, this will get me unwedged. But if you
really didn't forget anything, try typing `2' now; then
my insertion and my current dilemma will both disappear.


Overfull \hbox (115.91908pt too wide) in paragraph at lines 14--18
[]$[][] [][]\OT1/cmr/m/n/10 (\OML/cmm/m/it/10 @[]^^Q[]\OT1/cmr/m/n/10 )[] \OML/
cmm/m/it/10 dx \OT1/cmr/m/n/10 =
 []


Overfull \hbox (172.3625pt too wide) in paragraph at lines 14--18
[][]\OT1/cmr/m/n/10 (2\OML/cmm/m/it/10 ^^Y []\OT1/cmr/m/n/10 (2\OML/cmm/m/it/10
 ^^Yx\OT1/cmr/m/n/10 ) [](2\OML/cmm/m/it/10 ^^Yy\OT1/cmr/m/n/10 ) [](2\OML/cmm/
m/it/10 ^^Yz\OT1/cmr/m/n/10 ))[] \OML/cmm/m/it/10 dx \OT1/cmr/m/n/10 +
 []


Overfull \hbox (170.1403pt too wide) in paragraph at lines 14--18
[][]\OT1/cmr/m/n/10 (\OMS/cmsy/m/n/10 ^^@\OT1/cmr/m/n/10 2\OML/cmm/m/it/10 ^^Y 
[]\OT1/cmr/m/n/10 (2\OML/cmm/m/it/10 ^^Yx\OT1/cmr/m/n/10 ) [](2\OML/cmm/m/it/10
 ^^Yy\OT1/cmr/m/n/10 ) [](2\OML/cmm/m/it/10 ^^Yz\OT1/cmr/m/n/10 ))[] \OML/cmm/m
/it/10 dx[] 
 []


Overfull \hbox (7.7778pt too wide) in paragraph at lines 14--18
\OT1/cmr/m/n/10 +
 []


Overfull \hbox (177.9181pt too wide) in paragraph at lines 14--18
[][]\OT1/cmr/m/n/10 (\OMS/cmsy/m/n/10 ^^@\OT1/cmr/m/n/10 2\OML/cmm/m/it/10 ^^Y 
[]\OT1/cmr/m/n/10 (2\OML/cmm/m/it/10 ^^Yx\OT1/cmr/m/n/10 ) [](2\OML/cmm/m/it/10
 ^^Yy\OT1/cmr/m/n/10 ) [](2\OML/cmm/m/it/10 ^^Yz\OT1/cmr/m/n/10 ))[] \OML/cmm/m
/it/10 dx \OT1/cmr/m/n/10 +
 []


Overfull \hbox (162.3625pt too wide) in paragraph at lines 14--18
[][]\OT1/cmr/m/n/10 (2\OML/cmm/m/it/10 ^^Y []\OT1/cmr/m/n/10 (2\OML/cmm/m/it/10
 ^^Yx\OT1/cmr/m/n/10 ) [](2\OML/cmm/m/it/10 ^^Yy\OT1/cmr/m/n/10 ) [](2\OML/cmm/
m/it/10 ^^Yz\OT1/cmr/m/n/10 ))[] \OML/cmm/m/it/10 dx[] 
 []


Overfull \hbox (7.7778pt too wide) in paragraph at lines 14--18
\OT1/cmr/m/n/10 +
 []


Overfull \hbox (180.1403pt too wide) in paragraph at lines 14--18
[][]\OT1/cmr/m/n/10 (\OMS/cmsy/m/n/10 ^^@\OT1/cmr/m/n/10 2\OML/cmm/m/it/10 ^^Y 
[]\OT1/cmr/m/n/10 (2\OML/cmm/m/it/10 ^^Yx\OT1/cmr/m/n/10 ) [](2\OML/cmm/m/it/10
 ^^Yy\OT1/cmr/m/n/10 ) [](2\OML/cmm/m/it/10 ^^Yz\OT1/cmr/m/n/10 ))[] \OML/cmm/m
/it/10 dx \OT1/cmr/m/n/10 +
 []


Overfull \hbox (149.63681pt too wide) in paragraph at lines 14--18
[][]\OT1/cmr/m/n/10 ([](2\OML/cmm/m/it/10 ^^Yx\OT1/cmr/m/n/10 ) [](2\OML/cmm/m/
it/10 ^^Yy\OT1/cmr/m/n/10 ) [](2\OML/cmm/m/it/10 ^^Yz\OT1/cmr/m/n/10 ))[] \OML/
cmm/m/it/10 dx$ 
 []


! LaTeX Error: Missing \begin{document}.

See the LaTeX manual or LaTeX Companion for explanation.
Type  H <return>  for immediate help.
 ...                                              
                                                  
l.19 $
      $\sum_{i,j=1}^3 \int_{\Omega} (\partial_i\eta_j)^2 \,dx = 3\pi^2$$
You're in trouble here.  Try typing  <return>  to proceed.
If that doesn't work, type  X <return>  to quit.


Overfull \hbox (20.0pt too wide) in paragraph at lines 19--19
[] 
 []


Overfull \hbox (104.01974pt too wide) detected at line 19
[] [][]\OT1/cmr/m/n/10 (\OML/cmm/m/it/10 @[]^^Q[]\OT1/cmr/m/n/10 )[] \OML/cmm/m
/it/10 dx \OT1/cmr/m/n/10 = 3\OML/cmm/m/it/10 ^^Y[]
 []


! LaTeX Error: Missing \begin{document}.

See the LaTeX manual or LaTeX Companion for explanation.
Type  H <return>  for immediate help.
 ...                                              
                                                  
l.21 S
      ubstituting into the formula for the H1 seminorm
You're in trouble here.  Try typing  <return>  to proceed.
If that doesn't work, type  X <return>  to quit.

Missing character: There is no S in font nullfont!
Missing character: There is no u in font nullfont!
Missing character: There is no b in font nullfont!
Missing character: There is no s in font nullfont!
Missing character: There is no t in font nullfont!
Missing character: There is no i in font nullfont!
Missing character: There is no t in font nullfont!
Missing character: There is no u in font nullfont!
Missing character: There is no t in font nullfont!
Missing character: There is no i in font nullfont!
Missing character: There is no n in font nullfont!
Missing character: There is no g in font nullfont!
Missing character: There is no i in font nullfont!
Missing character: There is no n in font nullfont!
Missing character: There is no t in font nullfont!
Missing character: There is no o in font nullfont!
Missing character: There is no t in font nullfont!
Missing character: There is no h in font nullfont!
Missing character: There is no e in font nullfont!
Missing character: There is no f in font nullfont!
Missing character: There is no o in font nullfont!
Missing character: There is no r in font nullfont!
Missing character: There is no m in font nullfont!
Missing character: There is no u in font nullfont!
Missing character: There is no l in font nullfont!
Missing character: There is no a in font nullfont!
Missing character: There is no f in font nullfont!
Missing character: There is no o in font nullfont!
Missing character: There is no r in font nullfont!
Missing character: There is no t in font nullfont!
Missing character: There is no h in font nullfont!
Missing character: There is no e in font nullfont!
Missing character: There is no H in font nullfont!
Missing character: There is no 1 in font nullfont!
Missing character: There is no s in font nullfont!
Missing character: There is no e in font nullfont!
Missing character: There is no m in font nullfont!
Missing character: There is no i in font nullfont!
Missing character: There is no n in font nullfont!
Missing character: There is no o in font nullfont!
Missing character: There is no r in font nullfont!
Missing character: There is no m in font nullfont!

Overfull \hbox (20.0pt too wide) in paragraph at lines 21--22
[]
 []


! LaTeX Error: Missing \begin{document}.

See the LaTeX manual or LaTeX Companion for explanation.
Type  H <return>  for immediate help.
 ...                                              
                                                  
l.23 $
      $\|\eta\|_{\hdo} = \left[ 3\pi^2 \right]^{1/2}$$
You're in trouble here.  Try typing  <return>  to proceed.
If that doesn't work, type  X <return>  to quit.


Overfull \hbox (20.0pt too wide) in paragraph at lines 23--23
[] 
 []

! Undefined control sequence.
l.23 $$\|\eta\|_{\hdo
                     } = \left[ 3\pi^2 \right]^{1/2}$$
The control sequence at the end of the top line
of your error message was never \def'ed. If you have
misspelled it (e.g., `\hobx'), type `I' and the correct
spelling (e.g., `I\hbox'). Otherwise just continue,
and I'll forget about whatever was undefined.


Overfull \hbox (65.6054pt too wide) detected at line 23
\OMS/cmsy/m/n/10 k\OML/cmm/m/it/10 ^^Q\OMS/cmsy/m/n/10 k[] \OT1/cmr/m/n/10 = []
[]
 []

)
! Emergency stop.
<*> ./appendix_tg_seminorm_1.aux.tex
                                    
*** (job aborted, no legal \end found)

 
Here is how much of TeX's memory you used:
 26 strings out of 474486
 726 string characters out of 5743755
 1926542 words of memory out of 5000000
 22412 multiletter control sequences out of 15000+600000
 558069 words of font info for 36 fonts, out of 8000000 for 9000
 1141 hyphenation exceptions out of 8191
 18i,2n,20p,263b,61s stack positions out of 10000i,1000n,20000p,200000b,200000s
!  ==> Fatal error occurred, no output PDF file produced!
