\BOOKMARK [0][-]{chapter*.1}{\376\377\000L\000a\000y\000\040\000A\000b\000s\000t\000r\000a\000c\000t}{}% 1
\BOOKMARK [0][-]{chapter*.2}{\376\377\000A\000b\000s\000t\000r\000a\000c\000t}{}% 2
\BOOKMARK [0][-]{chapter*.3}{\376\377\000A\000c\000k\000n\000o\000w\000l\000e\000d\000g\000e\000m\000e\000n\000t\000s}{}% 3
\BOOKMARK [0][-]{chapter*.7}{\376\377\000N\000o\000t\000a\000t\000i\000o\000n\000,\000\040\000a\000n\000d\000\040\000A\000b\000b\000r\000e\000v\000i\000a\000t\000i\000o\000n\000s}{}% 4
\BOOKMARK [0][-]{chapter*.8}{\376\377\000D\000e\000c\000l\000a\000r\000a\000t\000i\000o\000n\000\040\000o\000f\000\040\000A\000c\000a\000d\000e\000m\000i\000c\000\040\000A\000c\000h\000i\000e\000v\000e\000m\000e\000n\000t}{}% 5
\BOOKMARK [0][-]{chapter.1}{\376\377\000I\000n\000t\000r\000o\000d\000u\000c\000t\000i\000o\000n}{}% 6
\BOOKMARK [1][-]{section.1.1}{\376\377\000S\000i\000n\000g\000u\000l\000a\000r\000i\000t\000y\000\040\000F\000o\000r\000m\000a\000t\000i\000o\000n\000\040\000i\000n\000\040\000M\000o\000d\000e\000l\000s\000\040\000o\000f\000\040\0003\000D\000\040\000F\000l\000u\000i\000d\000\040\000F\000l\000o\000w\000s}{chapter.1}% 7
\BOOKMARK [1][-]{section.1.2}{\376\377\0003\000D\000\040\000E\000u\000l\000e\000r\000-\000V\000o\000i\000g\000t\000\040\000E\000q\000u\000a\000t\000i\000o\000n\000s}{chapter.1}% 8
\BOOKMARK [1][-]{section.1.3}{\376\377\000O\000u\000t\000l\000i\000n\000e\000\040\000o\000f\000\040\000t\000h\000e\000\040\000T\000h\000e\000s\000i\000s}{chapter.1}% 9
\BOOKMARK [0][-]{chapter.2}{\376\377\000P\000r\000o\000p\000e\000r\000t\000i\000e\000s\000\040\000o\000f\000\040\000t\000h\000e\000\040\000E\000u\000l\000e\000r\000-\000V\000o\000i\000g\000t\000\040\000E\000q\000u\000a\000t\000i\000o\000n\000s}{}% 10
\BOOKMARK [1][-]{section.2.1}{\376\377\000F\000i\000n\000i\000t\000e\000\040\000T\000i\000m\000e\000\040\000B\000l\000o\000w\000-\000u\000p\000\040\000C\000r\000i\000t\000e\000r\000i\000o\000n}{chapter.2}% 11
\BOOKMARK [1][-]{section.2.2}{\376\377\000I\000n\000i\000t\000i\000a\000l\000\040\000C\000o\000n\000d\000i\000t\000i\000o\000n\000s}{chapter.2}% 12
\BOOKMARK [1][-]{section.2.3}{\376\377\000S\000c\000a\000l\000i\000n\000g\000\040\000S\000y\000m\000m\000e\000t\000r\000i\000e\000s\000\040\000o\000f\000\040\000E\000u\000l\000e\000r\000\040\000a\000n\000d\000\040\000E\000u\000l\000e\000r\000-\000V\000o\000i\000g\000t\000\040\000S\000y\000s\000t\000e\000m\000s}{chapter.2}% 13
\BOOKMARK [0][-]{chapter.3}{\376\377\000S\000t\000a\000t\000e\000m\000e\000n\000t\000\040\000o\000f\000\040\000t\000h\000e\000\040\000O\000p\000t\000i\000m\000i\000z\000a\000t\000i\000o\000n\000\040\000P\000r\000o\000b\000l\000e\000m}{}% 14
\BOOKMARK [1][-]{section.3.1}{\376\377\000F\000o\000r\000m\000u\000l\000a\000t\000i\000o\000n\000\040\000o\000f\000\040\000t\000h\000e\000\040\000P\000r\000o\000b\000l\000e\000m}{chapter.3}% 15
\BOOKMARK [1][-]{section.3.2}{\376\377\000G\000r\000a\000d\000i\000e\000n\000t\000\040\000o\000f\000\040\000O\000b\000j\000e\000c\000t\000i\000v\000e\000\040\000F\000u\000n\000c\000t\000i\000o\000n}{chapter.3}% 16
\BOOKMARK [1][-]{section.3.3}{\376\377\000R\000i\000e\000m\000a\000n\000n\000i\000a\000n\000\040\000C\000o\000n\000j\000u\000g\000a\000t\000e\000\040\000G\000r\000a\000d\000i\000e\000n\000t\000\040\000M\000e\000t\000h\000o\000d}{chapter.3}% 17
\BOOKMARK [0][-]{chapter.4}{\376\377\000N\000u\000m\000e\000r\000i\000c\000a\000l\000\040\000M\000e\000t\000h\000o\000d\000s}{}% 18
\BOOKMARK [1][-]{section.4.1}{\376\377\000S\000p\000a\000t\000i\000a\000l\000\040\000D\000i\000s\000c\000r\000e\000t\000i\000z\000a\000t\000i\000o\000n\000\040\000\046\000\040\000S\000p\000e\000c\000t\000r\000a\000l\000\040\000M\000e\000t\000h\000o\000d\000s}{chapter.4}% 19
\BOOKMARK [1][-]{section.4.2}{\376\377\000T\000i\000m\000e\000\040\000S\000t\000e\000p\000p\000i\000n\000g}{chapter.4}% 20
\BOOKMARK [1][-]{section.4.3}{\376\377\000D\000e\000t\000e\000r\000m\000i\000n\000a\000t\000i\000o\000n\000\040\000o\000f\000\040\000G\000e\000v\000r\000e\000y\000\040\000c\000l\000a\000s\000s\000\040\000s\000i\000z\000e}{chapter.4}% 21
\BOOKMARK [1][-]{section.4.4}{\376\377\000S\000p\000e\000c\000t\000r\000u\000m\000\040\000V\000a\000l\000i\000d\000a\000t\000i\000o\000n}{chapter.4}% 22
\BOOKMARK [1][-]{section.4.5}{\376\377\000K\000a\000p\000p\000a\000\040\000T\000e\000s\000t\000\040\000V\000a\000l\000i\000d\000a\000t\000i\000o\000n}{chapter.4}% 23
\BOOKMARK [0][-]{chapter.5}{\376\377\000R\000e\000s\000u\000l\000t\000s}{}% 24
\BOOKMARK [0][-]{chapter.6}{\376\377\000C\000o\000n\000c\000l\000u\000s\000i\000o\000n}{}% 25
\BOOKMARK [0][-]{appendix.A}{\376\377\000F\000u\000n\000c\000t\000i\000o\000n\000\040\000S\000p\000a\000c\000e\000s}{}% 26
\BOOKMARK [0][-]{appendix.B}{\376\377\000D\000e\000r\000i\000v\000a\000t\000i\000o\000n\000\040\000o\000f\000\040\000t\000h\000e\000\040\000G\000a\000t\000e\000a\000u\000x\000\040\000D\000i\000r\000e\000c\000t\000i\000o\000n\000a\000l\000\040\000D\000i\000f\000f\000e\000r\000e\000n\000t\000i\000a\000l}{}% 27
\BOOKMARK [0][-]{appendix.C}{\376\377\000L\000i\000n\000e\000a\000r\000i\000z\000a\000t\000i\000o\000n\000\040\000o\000f\000\040\000t\000h\000e\000\040\000E\000u\000l\000e\000r\000-\000V\000o\000i\000g\000t\000\040\000S\000y\000s\000t\000e\000m}{}% 28
\BOOKMARK [0][-]{appendix.D}{\376\377\000D\000e\000r\000i\000v\000a\000t\000i\000o\000n\000\040\000o\000f\000\040\000t\000h\000e\000\040\000A\000d\000j\000o\000i\000n\000t\000\040\000S\000y\000s\000t\000e\000m}{}% 29
\BOOKMARK [0][-]{appendix.E}{\376\377\000P\000r\000o\000o\000f\000\040\000o\000f\000\040\000R\000e\000l\000a\000t\000i\000o\000n\000\040\000\050\0002\000.\0002\0001\000\051}{}% 30
\BOOKMARK [0][-]{appendix.F}{\376\377\000E\000v\000a\000l\000u\000a\000t\000i\000o\000n\000\040\000o\000f\000\040\000b\000o\000l\000d\0000\000m\000u\000\040\000m\000u\000m\000u\000\040\0001\000\040\000f\000o\000r\000\040\000t\000h\000e\000\040\000G\000e\000n\000e\000r\000a\000l\000\040\000T\000a\000y\000l\000o\000r\000\040\000G\000r\000e\000e\000n\000\040\000V\000o\000r\000t\000e\000x}{}% 31
\BOOKMARK [0][-]{appendix.G}{\376\377\000E\000v\000a\000l\000u\000a\000t\000i\000o\000n\000\040\000o\000f\000\040\000b\000o\000l\000d\0000\000m\000u\000\040\000m\000u\000m\000u\000\040\000L\000\040\000f\000o\000r\000\040\000t\000h\000e\000\040\000G\000e\000n\000e\000r\000a\000l\000\040\000T\000a\000y\000l\000o\000r\000\040\000G\000r\000e\000e\000n\000\040\000V\000o\000r\000t\000e\000x}{}% 32
\BOOKMARK [0][-]{appendix.H}{\376\377\000R\000e\000s\000c\000a\000l\000i\000n\000g\000\040\000t\000h\000e\000\040\000E\000u\000l\000e\000r\000\040\000e\000q\000u\000a\000t\000i\000o\000n\000s}{}% 33
\BOOKMARK [0][-]{appendix.I}{\376\377\000R\000e\000s\000c\000a\000l\000i\000n\000g\000\040\000t\000h\000e\000\040\000E\000u\000l\000e\000r\000-\000V\000o\000i\000g\000t\000\040\000e\000q\000u\000a\000t\000i\000o\000n\000s}{}% 34
