This is pdfTeX, Version 3.141592653-2.6-1.40.25 (MiKTeX 24.1) (preloaded format=pdflatex 2024.8.10)  4 APR 2026 14:52
entering extended mode
 restricted \write18 enabled.
 %&-line parsing enabled.
**./notation.tex
(notation.tex
LaTeX2e <2023-11-01> patch level 1
L3 programming layer <2024-01-04>
! Undefined control sequence.
l.1 \prefacesection
                   {Notation, Definitions, and Abbreviations}
The control sequence at the end of the top line
of your error message was never \def'ed. If you have
misspelled it (e.g., `\hobx'), type `I' and the correct
spelling (e.g., `I\hbox'). Otherwise just continue,
and I'll forget about whatever was undefined.


! LaTeX Error: Missing \begin{document}.

See the LaTeX manual or LaTeX Companion for explanation.
Type  H <return>  for immediate help.
 ...                                              
                                                  
l.1 \prefacesection{N
                     otation, Definitions, and Abbreviations}
You're in trouble here.  Try typing  <return>  to proceed.
If that doesn't work, type  X <return>  to quit.

Missing character: There is no N in font nullfont!
Missing character: There is no o in font nullfont!
Missing character: There is no t in font nullfont!
Missing character: There is no a in font nullfont!
Missing character: There is no t in font nullfont!
Missing character: There is no i in font nullfont!
Missing character: There is no o in font nullfont!
Missing character: There is no n in font nullfont!
Missing character: There is no , in font nullfont!
Missing character: There is no D in font nullfont!
Missing character: There is no e in font nullfont!
Missing character: There is no f in font nullfont!
Missing character: There is no i in font nullfont!
Missing character: There is no n in font nullfont!
Missing character: There is no i in font nullfont!
Missing character: There is no t in font nullfont!
Missing character: There is no i in font nullfont!
Missing character: There is no o in font nullfont!
Missing character: There is no n in font nullfont!
Missing character: There is no s in font nullfont!
Missing character: There is no , in font nullfont!
Missing character: There is no a in font nullfont!
Missing character: There is no n in font nullfont!
Missing character: There is no d in font nullfont!
Missing character: There is no A in font nullfont!
Missing character: There is no b in font nullfont!
Missing character: There is no b in font nullfont!
Missing character: There is no r in font nullfont!
Missing character: There is no e in font nullfont!
Missing character: There is no v in font nullfont!
Missing character: There is no i in font nullfont!
Missing character: There is no a in font nullfont!
Missing character: There is no t in font nullfont!
Missing character: There is no i in font nullfont!
Missing character: There is no o in font nullfont!
Missing character: There is no n in font nullfont!
Missing character: There is no s in font nullfont!

Overfull \hbox (20.0pt too wide) in paragraph at lines 1--2
[]
 []

! Undefined control sequence.
l.3 \section
            *{Notation}
The control sequence at the end of the top line
of your error message was never \def'ed. If you have
misspelled it (e.g., `\hobx'), type `I' and the correct
spelling (e.g., `I\hbox'). Otherwise just continue,
and I'll forget about whatever was undefined.


! LaTeX Error: Missing \begin{document}.

See the LaTeX manual or LaTeX Companion for explanation.
Type  H <return>  for immediate help.
 ...                                              
                                                  
l.3 \section*
             {Notation}
You're in trouble here.  Try typing  <return>  to proceed.
If that doesn't work, type  X <return>  to quit.

Missing character: There is no * in font nullfont!
Missing character: There is no N in font nullfont!
Missing character: There is no o in font nullfont!
Missing character: There is no t in font nullfont!
Missing character: There is no a in font nullfont!
Missing character: There is no t in font nullfont!
Missing character: There is no i in font nullfont!
Missing character: There is no o in font nullfont!
Missing character: There is no n in font nullfont!

! LaTeX Error: Environment description undefined.

See the LaTeX manual or LaTeX Companion for explanation.
Type  H <return>  for immediate help.
 ...                                              
                                                  
l.4 \begin{description}
                       [font=\rmfamily\bfseries, leftmargin=3cm, style=nextl...

Your command was ignored.
Type  I <command> <return>  to replace it with another command,
or  <return>  to continue without it.

Missing character: There is no [ in font nullfont!
Missing character: There is no f in font nullfont!
Missing character: There is no o in font nullfont!
Missing character: There is no n in font nullfont!
Missing character: There is no t in font nullfont!
Missing character: There is no = in font nullfont!

Overfull \hbox (20.0pt too wide) in paragraph at lines 3--5
[]
 []


Overfull \hbox (3.19443pt too wide) in paragraph at lines 3--5
\OT1/cmr/bx/n/10 ,
 []


Overfull \hbox (20.28462pt too wide) in paragraph at lines 3--5
\OT1/cmr/bx/n/10 left-
 []


Overfull \hbox (23.74292pt too wide) in paragraph at lines 3--5
\OT1/cmr/bx/n/10 mar-
 []


Overfull \hbox (47.91641pt too wide) in paragraph at lines 3--5
\OT1/cmr/bx/n/10 gin=3cm,
 []


Overfull \hbox (75.6121pt too wide) in paragraph at lines 3--5
\OT1/cmr/bx/n/10 style=nextline] 
 []


! LaTeX Error: Lonely \item--perhaps a missing list environment.

See the LaTeX manual or LaTeX Companion for explanation.
Type  H <return>  for immediate help.
 ...                                              
                                                  
l.5 	\item[$A \leq B$]
                       A is less than or equal to B
Try typing  <return>  to proceed.
If that doesn't work, type  X <return>  to quit.


Overfull \hbox (8.6944pt too wide) in paragraph at lines 5--6
\OT1/cmr/bx/n/10 A
 []


Overfull \hbox (7.7305pt too wide) in paragraph at lines 5--6
\OT1/cmr/bx/n/10 is
 []


Overfull \hbox (17.53738pt too wide) in paragraph at lines 5--6
\OT1/cmr/bx/n/10 less
 []


Overfull \hbox (22.84013pt too wide) in paragraph at lines 5--6
\OT1/cmr/bx/n/10 than
 []


Overfull \hbox (10.48607pt too wide) in paragraph at lines 5--6
\OT1/cmr/bx/n/10 or
 []


Overfull \hbox (26.51373pt too wide) in paragraph at lines 5--6
\OT1/cmr/bx/n/10 equal
 []


Overfull \hbox (10.22217pt too wide) in paragraph at lines 5--6
\OT1/cmr/bx/n/10 to
 []


Overfull \hbox (8.18051pt too wide) in paragraph at lines 5--6
\OT1/cmr/bx/n/10 B 
 []


! LaTeX Error: Lonely \item--perhaps a missing list environment.

See the LaTeX manual or LaTeX Companion for explanation.
Type  H <return>  for immediate help.
 ...                                              
                                                  
l.6 	\item[x]
              Plain-text to denote scalar x
Try typing  <return>  to proceed.
If that doesn't work, type  X <return>  to quit.


Overfull \hbox (30.06232pt too wide) in paragraph at lines 6--7
\OT1/cmr/bx/n/10 Plain-
 []


Overfull \hbox (20.28462pt too wide) in paragraph at lines 6--7
\OT1/cmr/bx/n/10 text
 []


Overfull \hbox (10.22217pt too wide) in paragraph at lines 6--7
\OT1/cmr/bx/n/10 to
 []


Overfull \hbox (15.49298pt too wide) in paragraph at lines 6--7
\OT1/cmr/bx/n/10 de-
 []


Overfull \hbox (21.88184pt too wide) in paragraph at lines 6--7
\OT1/cmr/bx/n/10 note
 []


Overfull \hbox (28.75813pt too wide) in paragraph at lines 6--7
\OT1/cmr/bx/n/10 scalar
 []


Overfull \hbox (6.06941pt too wide) in paragraph at lines 6--7
\OT1/cmr/bx/n/10 x 
 []


! LaTeX Error: Lonely \item--perhaps a missing list environment.

See the LaTeX manual or LaTeX Companion for explanation.
Type  H <return>  for immediate help.
 ...                                              
                                                  
l.7 	\item[$\bds x$]
                     Bold-text to denote vector x
Try typing  <return>  to proceed.
If that doesn't work, type  X <return>  to quit.


Overfull \hbox (27.34708pt too wide) in paragraph at lines 7--8
\OT1/cmr/bx/n/10 Bold-
 []


Overfull \hbox (20.28462pt too wide) in paragraph at lines 7--8
\OT1/cmr/bx/n/10 text
 []


Overfull \hbox (10.22217pt too wide) in paragraph at lines 7--8
\OT1/cmr/bx/n/10 to
 []


Overfull \hbox (15.49298pt too wide) in paragraph at lines 7--8
\OT1/cmr/bx/n/10 de-
 []


Overfull \hbox (21.88184pt too wide) in paragraph at lines 7--8
\OT1/cmr/bx/n/10 note
 []


Overfull \hbox (19.96518pt too wide) in paragraph at lines 7--8
\OT1/cmr/bx/n/10 vec-
 []


Overfull \hbox (14.95827pt too wide) in paragraph at lines 7--8
\OT1/cmr/bx/n/10 tor
 []


Overfull \hbox (6.06941pt too wide) in paragraph at lines 7--8
\OT1/cmr/bx/n/10 x 
 []


! LaTeX Error: Lonely \item--perhaps a missing list environment.

See the LaTeX manual or LaTeX Companion for explanation.
Type  H <return>  for immediate help.
 ...                                              
                                                  
l.8 	\item[$\bds x^\intercal$]
                               Transpose of vector x
Try typing  <return>  to proceed.
If that doesn't work, type  X <return>  to quit.


Overfull \hbox (50.55803pt too wide) in paragraph at lines 8--9
\OT1/cmr/bx/n/10 Transpose
 []


Overfull \hbox (9.26384pt too wide) in paragraph at lines 8--9
\OT1/cmr/bx/n/10 of
 []


Overfull \hbox (19.96518pt too wide) in paragraph at lines 8--9
\OT1/cmr/bx/n/10 vec-
 []


Overfull \hbox (14.95827pt too wide) in paragraph at lines 8--9
\OT1/cmr/bx/n/10 tor
 []


Overfull \hbox (6.06941pt too wide) in paragraph at lines 8--9
\OT1/cmr/bx/n/10 x 
 []


! LaTeX Error: Lonely \item--perhaps a missing list environment.

See the LaTeX manual or LaTeX Companion for explanation.
Type  H <return>  for immediate help.
 ...                                              
                                                  
l.9 	\item[$\I$]
                 Identity Operator
Try typing  <return>  to proceed.
If that doesn't work, type  X <return>  to quit.


! LaTeX Error: \begin{document} ended by \end{description}.

See the LaTeX manual or LaTeX Companion for explanation.
Type  H <return>  for immediate help.
 ...                                              
                                                  
l.10 \end{description}
                      
Your command was ignored.
Type  I <command> <return>  to replace it with another command,
or  <return>  to continue without it.


Overfull \hbox (39.97896pt too wide) in paragraph at lines 9--11
\OT1/cmr/bx/n/10 Identity
 []


Overfull \hbox (18.86101pt too wide) in paragraph at lines 9--11
\OT1/cmr/bx/n/10 Op-
 []


Overfull \hbox (13.84023pt too wide) in paragraph at lines 9--11
\OT1/cmr/bx/n/10 er-
 []


Overfull \hbox (9.42354pt too wide) in paragraph at lines 9--11
\OT1/cmr/bx/n/10 a-
 []


Overfull \hbox (14.95827pt too wide) in paragraph at lines 9--11
\OT1/cmr/bx/n/10 tor
 []

! Undefined control sequence.
l.12 \section
             *{Definitions}
The control sequence at the end of the top line
of your error message was never \def'ed. If you have
misspelled it (e.g., `\hobx'), type `I' and the correct
spelling (e.g., `I\hbox'). Otherwise just continue,
and I'll forget about whatever was undefined.


! LaTeX Error: Missing \begin{document}.

See the LaTeX manual or LaTeX Companion for explanation.
Type  H <return>  for immediate help.
 ...                                              
                                                  
l.12 \section*
              {Definitions}
You're in trouble here.  Try typing  <return>  to proceed.
If that doesn't work, type  X <return>  to quit.

Missing character: There is no * in font nullfont!
Missing character: There is no D in font nullfont!
Missing character: There is no e in font nullfont!
Missing character: There is no f in font nullfont!
Missing character: There is no i in font nullfont!
Missing character: There is no n in font nullfont!
Missing character: There is no i in font nullfont!
Missing character: There is no t in font nullfont!
Missing character: There is no i in font nullfont!
Missing character: There is no o in font nullfont!
Missing character: There is no n in font nullfont!
Missing character: There is no s in font nullfont!

! LaTeX Error: Environment description undefined.

See the LaTeX manual or LaTeX Companion for explanation.
Type  H <return>  for immediate help.
 ...                                              
                                                  
l.13 \begin{description}
                        [font=\rmfamily\bfseries, leftmargin=3cm, style=next...

Your command was ignored.
Type  I <command> <return>  to replace it with another command,
or  <return>  to continue without it.

Missing character: There is no [ in font nullfont!
Missing character: There is no f in font nullfont!
Missing character: There is no o in font nullfont!
Missing character: There is no n in font nullfont!
Missing character: There is no t in font nullfont!
Missing character: There is no = in font nullfont!

Overfull \hbox (20.0pt too wide) in paragraph at lines 12--14
[]
 []


Overfull \hbox (3.19443pt too wide) in paragraph at lines 12--14
\OT1/cmr/bx/n/10 ,
 []


Overfull \hbox (20.28462pt too wide) in paragraph at lines 12--14
\OT1/cmr/bx/n/10 left-
 []


Overfull \hbox (23.74292pt too wide) in paragraph at lines 12--14
\OT1/cmr/bx/n/10 mar-
 []


Overfull \hbox (47.91641pt too wide) in paragraph at lines 12--14
\OT1/cmr/bx/n/10 gin=3cm,
 []


Overfull \hbox (75.6121pt too wide) in paragraph at lines 12--14
\OT1/cmr/bx/n/10 style=nextline] 
 []


! LaTeX Error: Lonely \item--perhaps a missing list environment.

See the LaTeX manual or LaTeX Companion for explanation.
Type  H <return>  for immediate help.
 ...                                              
                                                  
l.14 	\item[Challenge]
                       With respect to video games, a challenge is a set of ...

Try typing  <return>  to proceed.
If that doesn't work, type  X <return>  to quit.


! LaTeX Error: \begin{document} ended by \end{description}.

See the LaTeX manual or LaTeX Companion for explanation.
Type  H <return>  for immediate help.
 ...                                              
                                                  
l.15 \end{description}
                      
Your command was ignored.
Type  I <command> <return>  to replace it with another command,
or  <return>  to continue without it.


Overfull \hbox (25.9443pt too wide) in paragraph at lines 14--16
\OT1/cmr/bx/n/10 With
 []


Overfull \hbox (13.84023pt too wide) in paragraph at lines 14--16
\OT1/cmr/bx/n/10 re-
 []


Overfull \hbox (26.09846pt too wide) in paragraph at lines 14--16
\OT1/cmr/bx/n/10 spect
 []


Overfull \hbox (10.22217pt too wide) in paragraph at lines 14--16
\OT1/cmr/bx/n/10 to
 []


Overfull \hbox (26.67348pt too wide) in paragraph at lines 14--16
\OT1/cmr/bx/n/10 video
 []


Overfull \hbox (33.92479pt too wide) in paragraph at lines 14--16
\OT1/cmr/bx/n/10 games,
 []


Overfull \hbox (5.59023pt too wide) in paragraph at lines 14--16
\OT1/cmr/bx/n/10 a
 []


Overfull \hbox (23.79846pt too wide) in paragraph at lines 14--16
\OT1/cmr/bx/n/10 chal-
 []


Overfull \hbox (25.87488pt too wide) in paragraph at lines 14--16
\OT1/cmr/bx/n/10 lenge
 []


Overfull \hbox (7.7305pt too wide) in paragraph at lines 14--16
\OT1/cmr/bx/n/10 is
 []


Overfull \hbox (5.59023pt too wide) in paragraph at lines 14--16
\OT1/cmr/bx/n/10 a
 []


Overfull \hbox (14.27908pt too wide) in paragraph at lines 14--16
\OT1/cmr/bx/n/10 set
 []


Overfull \hbox (9.26384pt too wide) in paragraph at lines 14--16
\OT1/cmr/bx/n/10 of
 []


Overfull \hbox (24.82066pt too wide) in paragraph at lines 14--16
\OT1/cmr/bx/n/10 goals
 []


Overfull \hbox (20.22908pt too wide) in paragraph at lines 14--16
\OT1/cmr/bx/n/10 pre-
 []


Overfull \hbox (32.00816pt too wide) in paragraph at lines 14--16
\OT1/cmr/bx/n/10 sented
 []


Overfull \hbox (10.22217pt too wide) in paragraph at lines 14--16
\OT1/cmr/bx/n/10 to
 []


Overfull \hbox (16.13187pt too wide) in paragraph at lines 14--16
\OT1/cmr/bx/n/10 the
 []


Overfull \hbox (30.61095pt too wide) in paragraph at lines 14--16
\OT1/cmr/bx/n/10 player
 []


Overfull \hbox (20.92348pt too wide) in paragraph at lines 14--16
\OT1/cmr/bx/n/10 that
 []


Overfull \hbox (22.20128pt too wide) in paragraph at lines 14--16
\OT1/cmr/bx/n/10 they
 []


Overfull \hbox (15.59714pt too wide) in paragraph at lines 14--16
\OT1/cmr/bx/n/10 are
 []


Overfull \hbox (25.20398pt too wide) in paragraph at lines 14--16
\OT1/cmr/bx/n/10 tasks
 []


Overfull \hbox (22.361pt too wide) in paragraph at lines 14--16
\OT1/cmr/bx/n/10 with
 []


Overfull \hbox (24.27765pt too wide) in paragraph at lines 14--16
\OT1/cmr/bx/n/10 com-
 []


Overfull \hbox (23.1596pt too wide) in paragraph at lines 14--16
\OT1/cmr/bx/n/10 plet-
 []


Overfull \hbox (18.52768pt too wide) in paragraph at lines 14--16
\OT1/cmr/bx/n/10 ing;
 []


Overfull \hbox (23.79846pt too wide) in paragraph at lines 14--16
\OT1/cmr/bx/n/10 chal-
 []


Overfull \hbox (30.41095pt too wide) in paragraph at lines 14--16
\OT1/cmr/bx/n/10 lenges
 []


Overfull \hbox (17.09016pt too wide) in paragraph at lines 14--16
\OT1/cmr/bx/n/10 can
 []


Overfull \hbox (18.75128pt too wide) in paragraph at lines 14--16
\OT1/cmr/bx/n/10 test
 []


Overfull \hbox (5.59023pt too wide) in paragraph at lines 14--16
\OT1/cmr/bx/n/10 a
 []


Overfull \hbox (14.85406pt too wide) in paragraph at lines 14--16
\OT1/cmr/bx/n/10 va-
 []


Overfull \hbox (11.76384pt too wide) in paragraph at lines 14--16
\OT1/cmr/bx/n/10 ri-
 []


Overfull \hbox (15.49298pt too wide) in paragraph at lines 14--16
\OT1/cmr/bx/n/10 ety
 []


Overfull \hbox (9.26384pt too wide) in paragraph at lines 14--16
\OT1/cmr/bx/n/10 of
 []


Overfull \hbox (30.61095pt too wide) in paragraph at lines 14--16
\OT1/cmr/bx/n/10 player
 []


Overfull \hbox (27.91927pt too wide) in paragraph at lines 14--16
\OT1/cmr/bx/n/10 skills,
 []


Overfull \hbox (13.4166pt too wide) in paragraph at lines 14--16
\OT1/cmr/bx/n/10 in-
 []


Overfull \hbox (24.91653pt too wide) in paragraph at lines 14--16
\OT1/cmr/bx/n/10 clud-
 []


Overfull \hbox (15.33325pt too wide) in paragraph at lines 14--16
\OT1/cmr/bx/n/10 ing
 []


Overfull \hbox (14.53462pt too wide) in paragraph at lines 14--16
\OT1/cmr/bx/n/10 ac-
 []


Overfull \hbox (15.33325pt too wide) in paragraph at lines 14--16
\OT1/cmr/bx/n/10 cu-
 []


Overfull \hbox (23.74292pt too wide) in paragraph at lines 14--16
\OT1/cmr/bx/n/10 racy,
 []


Overfull \hbox (18.52768pt too wide) in paragraph at lines 14--16
\OT1/cmr/bx/n/10 log-
 []


Overfull \hbox (7.02774pt too wide) in paragraph at lines 14--16
\OT1/cmr/bx/n/10 i-
 []


Overfull \hbox (13.89574pt too wide) in paragraph at lines 14--16
\OT1/cmr/bx/n/10 cal
 []


Overfull \hbox (19.43045pt too wide) in paragraph at lines 14--16
\OT1/cmr/bx/n/10 rea-
 []


Overfull \hbox (20.50821pt too wide) in paragraph at lines 14--16
\OT1/cmr/bx/n/10 son-
 []


Overfull \hbox (18.52768pt too wide) in paragraph at lines 14--16
\OT1/cmr/bx/n/10 ing,
 []


Overfull \hbox (18.36794pt too wide) in paragraph at lines 14--16
\OT1/cmr/bx/n/10 and
 []


Overfull \hbox (18.95131pt too wide) in paragraph at lines 14--16
\OT1/cmr/bx/n/10 cre-
 []


Overfull \hbox (24.27763pt too wide) in paragraph at lines 14--16
\OT1/cmr/bx/n/10 ative
 []


Overfull \hbox (27.09709pt too wide) in paragraph at lines 14--16
\OT1/cmr/bx/n/10 prob-
 []


Overfull \hbox (18.04852pt too wide) in paragraph at lines 14--16
\OT1/cmr/bx/n/10 lem
 []


Overfull \hbox (23.3832pt too wide) in paragraph at lines 14--16
\OT1/cmr/bx/n/10 solv-
 []


Overfull \hbox (15.33325pt too wide) in paragraph at lines 14--16
\OT1/cmr/bx/n/10 ing
 []

! Undefined control sequence.
l.17 \section
             *{Abbreviations}
The control sequence at the end of the top line
of your error message was never \def'ed. If you have
misspelled it (e.g., `\hobx'), type `I' and the correct
spelling (e.g., `I\hbox'). Otherwise just continue,
and I'll forget about whatever was undefined.


! LaTeX Error: Missing \begin{document}.

See the LaTeX manual or LaTeX Companion for explanation.
Type  H <return>  for immediate help.
 ...                                              
                                                  
l.17 \section*
              {Abbreviations}
You're in trouble here.  Try typing  <return>  to proceed.
If that doesn't work, type  X <return>  to quit.

Missing character: There is no * in font nullfont!
Missing character: There is no A in font nullfont!
Missing character: There is no b in font nullfont!
Missing character: There is no b in font nullfont!
Missing character: There is no r in font nullfont!
Missing character: There is no e in font nullfont!
Missing character: There is no v in font nullfont!
Missing character: There is no i in font nullfont!
Missing character: There is no a in font nullfont!
Missing character: There is no t in font nullfont!
Missing character: There is no i in font nullfont!
Missing character: There is no o in font nullfont!
Missing character: There is no n in font nullfont!
Missing character: There is no s in font nullfont!

! LaTeX Error: Environment description undefined.

See the LaTeX manual or LaTeX Companion for explanation.
Type  H <return>  for immediate help.
 ...                                              
                                                  
l.18 \begin{description}
                        [font=\rmfamily\bfseries, leftmargin=3cm, style=next...

Your command was ignored.
Type  I <command> <return>  to replace it with another command,
or  <return>  to continue without it.

Missing character: There is no [ in font nullfont!
Missing character: There is no f in font nullfont!
Missing character: There is no o in font nullfont!
Missing character: There is no n in font nullfont!
Missing character: There is no t in font nullfont!
Missing character: There is no = in font nullfont!

Overfull \hbox (20.0pt too wide) in paragraph at lines 17--19
[]
 []


Overfull \hbox (3.19443pt too wide) in paragraph at lines 17--19
\OT1/cmr/bx/n/10 ,
 []


Overfull \hbox (20.28462pt too wide) in paragraph at lines 17--19
\OT1/cmr/bx/n/10 left-
 []


Overfull \hbox (23.74292pt too wide) in paragraph at lines 17--19
\OT1/cmr/bx/n/10 mar-
 []


Overfull \hbox (47.91641pt too wide) in paragraph at lines 17--19
\OT1/cmr/bx/n/10 gin=3cm,
 []


Overfull \hbox (75.6121pt too wide) in paragraph at lines 17--19
\OT1/cmr/bx/n/10 style=nextline] 
 []


! LaTeX Error: Lonely \item--perhaps a missing list environment.

See the LaTeX manual or LaTeX Companion for explanation.
Type  H <return>  for immediate help.
 ...                                              
                                                  
l.19 	\item[PDE]
                 Partial Differential Equation
Try typing  <return>  to proceed.
If that doesn't work, type  X <return>  to quit.


Overfull \hbox (34.31923pt too wide) in paragraph at lines 19--20
\OT1/cmr/bx/n/10 Partial
 []


Overfull \hbox (19.36101pt too wide) in paragraph at lines 19--20
\OT1/cmr/bx/n/10 Dif-
 []


Overfull \hbox (17.3541pt too wide) in paragraph at lines 19--20
\OT1/cmr/bx/n/10 fer-
 []


Overfull \hbox (15.49298pt too wide) in paragraph at lines 19--20
\OT1/cmr/bx/n/10 en-
 []


Overfull \hbox (16.45128pt too wide) in paragraph at lines 19--20
\OT1/cmr/bx/n/10 tial
 []


Overfull \hbox (29.43732pt too wide) in paragraph at lines 19--20
\OT1/cmr/bx/n/10 Equa-
 []


Overfull \hbox (19.80545pt too wide) in paragraph at lines 19--20
\OT1/cmr/bx/n/10 tion 
 []


! LaTeX Error: The font size command \normalsize is not defined:
               there is probably something wrong with the class file.

See the LaTeX manual or LaTeX Companion for explanation.
Type  H <return>  for immediate help.
 ...                                              
                                                  
l.20 	\item[3D]
                three-dimensional
Your command was ignored.
Type  I <command> <return>  to replace it with another command,
or  <return>  to continue without it.

[1{C:/Users/bensl/AppData/Local/MiKTeX/fonts/map/pdftex/pdftex.map}]

! LaTeX Error: Lonely \item--perhaps a missing list environment.

See the LaTeX manual or LaTeX Companion for explanation.
Type  H <return>  for immediate help.
 ...                                              
                                                  
l.20 	\item[3D]
                three-dimensional
Try typing  <return>  to proceed.
If that doesn't work, type  X <return>  to quit.


Overfull \hbox (29.97209pt too wide) in paragraph at lines 20--21
\OT1/cmr/bx/n/10 three-
 []


Overfull \hbox (59.48021pt too wide) in paragraph at lines 20--21
\OT1/cmr/bx/n/10 dimensional 
 []


! LaTeX Error: Lonely \item--perhaps a missing list environment.

See the LaTeX manual or LaTeX Companion for explanation.
Type  H <return>  for immediate help.
 ...                                              
                                                  
l.21 	\item[TGV]
                 Taylor Green Vortex
Try typing  <return>  to proceed.
If that doesn't work, type  X <return>  to quit.


! LaTeX Error: \begin{document} ended by \end{description}.

See the LaTeX manual or LaTeX Companion for explanation.
Type  H <return>  for immediate help.
 ...                                              
                                                  
l.22 \end{description}
                      
Your command was ignored.
Type  I <command> <return>  to replace it with another command,
or  <return>  to continue without it.

)
! Emergency stop.
<*> ./notation.tex
                  
*** (job aborted, no legal \end found)

 
Here is how much of TeX's memory you used:
 31 strings out of 474486
 644 string characters out of 5743755
 1931542 words of memory out of 5000000
 22414 multiletter control sequences out of 15000+600000
 558377 words of font info for 37 fonts, out of 8000000 for 9000
 1141 hyphenation exceptions out of 8191
 24i,5n,25p,303b,147s stack positions out of 10000i,1000n,20000p,200000b,200000s
!  ==> Fatal error occurred, no output PDF file produced!
