\BOOKMARK [1][-]{section.1}{\376\377\000I\000n\000t\000r\000o\000d\000u\000c\000t\000i\000o\000n}{}% 1
\BOOKMARK [1][-]{section.2}{\376\377\0003\000D\000\040\000T\000o\000r\000u\000s}{}% 2
\BOOKMARK [1][-]{section.3}{\376\377\000S\000m\000o\000o\000t\000h\000\040\000a\000n\000d\000\040\000A\000n\000a\000l\000y\000t\000i\000c\000\040\000F\000u\000n\000c\000t\000i\000o\000n\000s}{}% 3
\BOOKMARK [1][-]{section.4}{\376\377\000F\000o\000u\000r\000i\000e\000r\000\040\000A\000n\000a\000l\000y\000s\000i\000s}{}% 4
\BOOKMARK [2][-]{subsection.4.1}{\376\377\000F\000o\000u\000r\000i\000e\000r\000\040\000T\000r\000a\000n\000s\000f\000o\000r\000m}{section.4}% 5
\BOOKMARK [2][-]{subsection.4.2}{\376\377\000I\000n\000v\000e\000r\000s\000e\000\040\000F\000o\000u\000r\000i\000e\000r\000\040\000T\000r\000a\000n\000s\000f\000o\000r\000m}{section.4}% 6
\BOOKMARK [2][-]{subsection.4.3}{\376\377\000S\000e\000m\000i\000-\000d\000i\000s\000c\000r\000e\000t\000e\000\040\000F\000o\000u\000r\000i\000e\000r\000\040\000T\000r\000a\000n\000s\000f\000o\000r\000m}{section.4}% 7
\BOOKMARK [2][-]{subsection.4.4}{\376\377\000I\000n\000v\000e\000r\000s\000e\000\040\000S\000e\000m\000i\000-\000d\000i\000s\000c\000r\000e\000t\000e\000\040\000F\000o\000u\000r\000i\000e\000r\000\040\000T\000r\000a\000n\000s\000f\000o\000r\000m}{section.4}% 8
\BOOKMARK [2][-]{subsection.4.5}{\376\377\000D\000i\000s\000c\000r\000e\000t\000e\000\040\000F\000o\000u\000r\000i\000e\000r\000\040\000T\000r\000a\000n\000s\000f\000o\000r\000m}{section.4}% 9
\BOOKMARK [2][-]{subsection.4.6}{\376\377\000I\000n\000v\000e\000r\000s\000e\000\040\000D\000i\000s\000c\000r\000e\000t\000e\000\040\000F\000o\000u\000r\000i\000e\000r\000\040\000T\000r\000a\000n\000s\000f\000o\000r\000m}{section.4}% 10
\BOOKMARK [2][-]{subsection.4.7}{\376\377\000F\000o\000u\000r\000i\000e\000r\000\040\000S\000e\000r\000i\000e\000s}{section.4}% 11
\BOOKMARK [2][-]{subsection.4.8}{\376\377\000F\000o\000u\000r\000i\000e\000r\000\040\000E\000x\000p\000a\000n\000s\000i\000o\000n}{section.4}% 12
\BOOKMARK [2][-]{subsection.4.9}{\376\377\000F\000a\000s\000t\000\040\000F\000o\000u\000r\000i\000e\000r\000\040\000T\000r\000a\000n\000s\000f\000o\000r\000m}{section.4}% 13
\BOOKMARK [2][-]{subsection.4.10}{\376\377\000I\000n\000v\000e\000r\000s\000e\000\040\000F\000a\000s\000t\000\040\000F\000o\000u\000r\000i\000e\000r\000\040\000T\000r\000a\000n\000s\000f\000o\000r\000m}{section.4}% 14
\BOOKMARK [2][-]{subsection.4.11}{\376\377\000F\000o\000u\000r\000i\000e\000r\000\040\000F\000i\000l\000t\000e\000r}{section.4}% 15
\BOOKMARK [2][-]{subsection.4.12}{\376\377\000R\000a\000n\000d\000o\000m\000i\000z\000a\000t\000i\000o\000n\000\040\000i\000n\000\040\000F\000o\000u\000r\000i\000e\000r\000\040\000S\000p\000a\000c\000e}{section.4}% 16
\BOOKMARK [2][-]{subsection.4.13}{\376\377\000P\000a\000r\000s\000e\000v\000a\000l\000'\000s\000\040\000T\000h\000e\000o\000r\000e\000m}{section.4}% 17
\BOOKMARK [1][-]{section.5}{\376\377\000I\000n\000i\000t\000i\000a\000l\000\040\000C\000o\000n\000d\000i\000t\000i\000o\000n\000s}{}% 18
\BOOKMARK [2][-]{subsection.5.1}{\376\377\000T\000a\000y\000l\000o\000r\000-\000G\000r\000e\000e\000n\000\040\000V\000o\000r\000t\000e\000x}{section.5}% 19
\BOOKMARK [2][-]{subsection.5.2}{\376\377\000K\000e\000r\000r}{section.5}% 20
\BOOKMARK [2][-]{subsection.5.3}{\376\377\000H\000o\000u}{section.5}% 21
\BOOKMARK [2][-]{subsection.5.4}{\376\377\000R\000a\000n\000d\000o\000m}{section.5}% 22
\BOOKMARK [1][-]{section.6}{\376\377\000S\000u\000p\000r\000e\000m\000u\000m\000\040\000a\000n\000d\000\040\000I\000n\000f\000i\000m\000u\000m}{}% 23
\BOOKMARK [1][-]{section.7}{\376\377\000F\000u\000n\000c\000t\000i\000o\000n\000a\000l\000\040\000A\000n\000a\000l\000y\000s\000i\000s}{}% 24
\BOOKMARK [2][-]{subsection.7.1}{\376\377\000M\000e\000t\000r\000i\000c\000\040\000S\000p\000a\000c\000e\000s}{section.7}% 25
\BOOKMARK [2][-]{subsection.7.2}{\376\377\000C\000o\000m\000p\000l\000e\000t\000e\000\040\000S\000p\000a\000c\000e}{section.7}% 26
\BOOKMARK [2][-]{subsection.7.3}{\376\377\000N\000o\000r\000m\000e\000d\000\040\000S\000p\000a\000c\000e}{section.7}% 27
\BOOKMARK [2][-]{subsection.7.4}{\376\377\000F\000u\000n\000c\000t\000i\000o\000n\000\040\000S\000p\000a\000c\000e\000s}{section.7}% 28
\BOOKMARK [2][-]{subsection.7.5}{\376\377\000B\000a\000n\000a\000c\000h\000\040\000S\000p\000a\000c\000e\000s}{section.7}% 29
\BOOKMARK [2][-]{subsection.7.6}{\376\377\000L\000e\000b\000e\000s\000g\000u\000e\000\040\000S\000p\000a\000c\000e\000s}{section.7}% 30
\BOOKMARK [2][-]{subsection.7.7}{\376\377\000S\000o\000b\000o\000l\000e\000v\000\040\000S\000p\000a\000c\000e\000s}{section.7}% 31
\BOOKMARK [2][-]{subsection.7.8}{\376\377\000H\000i\000l\000b\000e\000r\000t\000\040\000S\000p\000a\000c\000e\000s}{section.7}% 32
\BOOKMARK [2][-]{subsection.7.9}{\376\377\000G\000e\000v\000r\000e\000y\000\040\000S\000u\000b\000s\000p\000a\000c\000e}{section.7}% 33
\BOOKMARK [2][-]{subsection.7.10}{\376\377\000M\000a\000n\000i\000f\000o\000l\000d\000s}{section.7}% 34
\BOOKMARK [1][-]{section.8}{\376\377\000S\000t\000r\000o\000n\000g\000\040\000v\000s\000\040\000W\000e\000a\000k\000\040\000S\000o\000l\000u\000t\000i\000o\000n\000s}{}% 35
\BOOKMARK [1][-]{section.9}{\376\377\000T\000i\000m\000e\000\040\000S\000t\000e\000p\000p\000i\000n\000g}{}% 36
\BOOKMARK [2][-]{subsection.9.1}{\376\377\000l\000e\000a\000p\000f\000r\000o\000g\000\040\000b\000k}{section.9}% 37
\BOOKMARK [2][-]{subsection.9.2}{\376\377\000s\000s\000p\000r\000k\0003\000\040\000b\000k}{section.9}% 38
\BOOKMARK [2][-]{subsection.9.3}{\376\377\000r\000k\0004\000\040\000b\000k}{section.9}% 39
\BOOKMARK [2][-]{subsection.9.4}{\376\377\000r\000k\0005\000\040\000b\000k}{section.9}% 40
\BOOKMARK [1][-]{section.10}{\376\377\000T\000h\000e\000\040\000A\000d\000j\000o\000i\000n\000t\000\040\000M\000e\000t\000h\000o\000d}{}% 41
\BOOKMARK [2][-]{subsection.10.1}{\376\377\000T\000h\000e\000\040\000G\000a\000t\000e\000a\000u\000x\000\040\000D\000i\000r\000e\000c\000t\000i\000o\000n\000a\000l\000\040\000D\000i\000f\000f\000e\000r\000e\000n\000t\000i\000a\000l}{section.10}% 42
\BOOKMARK [1][-]{section.11}{\376\377\000N\000a\000v\000i\000e\000r\000-\000S\000t\000o\000k\000e\000s\000\040\000E\000q\000u\000a\000t\000i\000o\000n\000s}{}% 43
\BOOKMARK [1][-]{section.12}{\376\377\000N\000a\000v\000i\000e\000r\000-\000S\000t\000o\000k\000e\000s\000-\000V\000o\000i\000g\000t\000\040\000E\000q\000u\000a\000t\000i\000o\000n\000s}{}% 44
\BOOKMARK [1][-]{section.13}{\376\377\000E\000u\000l\000e\000r\000'\000s\000\040\000E\000q\000u\000a\000t\000i\000o\000n\000s}{}% 45
\BOOKMARK [1][-]{section.14}{\376\377\000E\000u\000l\000e\000r\000-\000V\000o\000i\000g\000t\000\040\000E\000q\000u\000a\000t\000i\000o\000n\000s}{}% 46
\BOOKMARK [2][-]{subsection.14.1}{\376\377\000-\000E\000n\000e\000r\000g\000y}{section.14}% 47
\BOOKMARK [2][-]{subsection.14.2}{\376\377\000L\000i\000n\000e\000a\000r\000i\000z\000a\000t\000i\000o\000n}{section.14}% 48
\BOOKMARK [1][-]{section.15}{\376\377\000B\000u\000r\000g\000e\000r\000s\000\040\000E\000q\000u\000a\000t\000i\000o\000n}{}% 49
\BOOKMARK [2][-]{subsection.15.1}{\376\377\000V\000i\000s\000c\000i\000d}{section.15}% 50
\BOOKMARK [2][-]{subsection.15.2}{\376\377\000I\000n\000v\000i\000s\000c\000i\000d}{section.15}% 51
\BOOKMARK [1][-]{section.16}{\376\377\000B\000l\000o\000w\000-\000u\000p\000\040\000C\000r\000i\000t\000e\000r\000i\000a}{}% 52
\BOOKMARK [2][-]{subsection.16.1}{\376\377\000B\000e\000a\000l\000e\000-\000K\000a\000t\000o\000-\000M\000a\000j\000d\000a\000\040\000C\000r\000i\000t\000e\000r\000i\000o\000n}{section.16}% 53
\BOOKMARK [2][-]{subsection.16.2}{\376\377\000V\000o\000r\000t\000i\000c\000i\000t\000y\000\040\000C\000r\000i\000t\000e\000r\000i\000o\000n}{section.16}% 54
\BOOKMARK [2][-]{subsection.16.3}{\376\377\000V\000o\000i\000g\000t\000-\000t\000y\000p\000e\000\040\000C\000r\000i\000t\000e\000r\000i\000o\000n}{section.16}% 55
\BOOKMARK [2][-]{subsection.16.4}{\376\377\000E\000n\000s\000t\000r\000o\000p\000h\000y}{section.16}% 56
\BOOKMARK [1][-]{section.17}{\376\377\000B\000r\000e\000n\000t\000'\000s\000\040\000M\000i\000n\000i\000m\000i\000z\000a\000t\000i\000o\000n\000\040\000M\000e\000t\000h\000o\000d}{}% 57
\BOOKMARK [1][-]{section.18}{\376\377\000L\000i\000n\000e\000a\000r\000\040\000C\000o\000n\000j\000u\000g\000a\000t\000e\000\040\000G\000r\000a\000d\000i\000e\000n\000t}{}% 58
\BOOKMARK [1][-]{section.19}{\376\377\000N\000o\000n\000-\000L\000i\000n\000e\000a\000r\000\040\000C\000o\000n\000j\000u\000g\000a\000t\000e\000\040\000G\000r\000a\000d\000i\000e\000n\000t}{}% 59
\BOOKMARK [1][-]{section.20}{\376\377\000R\000i\000e\000m\000a\000n\000n\000i\000a\000n\000\040\000C\000o\000n\000j\000u\000g\000a\000t\000e\000\040\000G\000r\000a\000d\000i\000e\000n\000t\000\040\000M\000e\000t\000h\000o\000d}{}% 60
\BOOKMARK [1][-]{section.21}{\376\377\000S\000p\000e\000c\000t\000r\000a\000l\000\040\000M\000e\000t\000h\000o\000d\000s}{}% 61
\BOOKMARK [1][-]{section.22}{\376\377\000O\000p\000t\000i\000m\000i\000z\000a\000t\000i\000o\000n\000\040\000P\000r\000o\000b\000l\000e\000m\000s}{}% 62
\BOOKMARK [1][-]{section.23}{\376\377\000K\000a\000p\000p\000a\000\040\000T\000e\000s\000t}{}% 63
\BOOKMARK [1][-]{section.24}{\376\377\000P\000a\000p\000e\000r\000\040\000S\000u\000m\000m\000a\000r\000y}{}% 64
\BOOKMARK [1][-]{section.25}{\376\377\000P\000a\000p\000e\000r\000\040\000S\000u\000m\000m\000a\000r\000y}{}% 65
\BOOKMARK [1][-]{section.26}{\376\377\000R\000e\000f\000e\000r\000e\000n\000c\000e\000s}{}% 66
