\BOOKMARK [0][-]{chapter.1}{\376\377\000I\000n\000t\000r\000o\000d\000u\000c\000t\000i\000o\000n}{}% 1
\BOOKMARK [1][-]{section.1.1}{\376\377\0003\000D\000\040\000E\000u\000l\000e\000r\000-\000V\000o\000i\000g\000t\000\040\000E\000q\000u\000a\000t\000i\000o\000n\000s}{chapter.1}% 2
\BOOKMARK [0][-]{chapter.2}{\376\377\000B\000u\000s\000t\000a\000m\000a\000n\000t\000e\000\040\000S\000c\000a\000l\000e\000\040\000R\000e\000s\000u\000l\000t\000s}{}% 3
\BOOKMARK [1][-]{section.2.1}{\376\377\000E\000v\000o\000l\000u\000t\000i\000o\000n\000\040\000o\000f\000\040\000b\000o\000l\000d\0000\000m\000u\000\040\000m\000u\000m\000u\000\040\000u\000u\000u\000u\000u\000u\000L\0002}{chapter.2}% 4
\BOOKMARK [1][-]{section.2.2}{\376\377\000E\000v\000o\000l\000u\000t\000i\000o\000n\000\040\000o\000f\000\040\000L}{chapter.2}% 5
\BOOKMARK [1][-]{section.2.3}{\376\377\000R\000e\000p\000r\000o\000d\000u\000c\000t\000i\000o\000n\000\040\000o\000f\000\040\000F\000i\000g\000\040\0002}{chapter.2}% 6
\BOOKMARK [1][-]{section.2.4}{\376\377\000R\000e\000p\000r\000o\000d\000u\000c\000t\000i\000o\000n\000\040\000o\000f\000\040\000F\000i\000g\000\040\0003}{chapter.2}% 7
\BOOKMARK [1][-]{section.2.5}{\376\377\000R\000e\000p\000r\000o\000d\000u\000c\000t\000i\000o\000n\000\040\000o\000f\000\040\000F\000i\000g\000\040\0003\000\040\000I\000n\000s\000e\000t}{chapter.2}% 8
\BOOKMARK [1][-]{section.2.6}{\376\377\000C\000o\000n\000c\000l\000u\000s\000i\000o\000n}{chapter.2}% 9
\BOOKMARK [0][-]{chapter.3}{\376\377\000L\000a\000r\000i\000o\000s\000\040\000S\000c\000a\000l\000e\000\040\000R\000e\000s\000u\000l\000t\000s}{}% 10
\BOOKMARK [1][-]{section.3.1}{\376\377\000E\000v\000o\000l\000u\000t\000i\000o\000n\000\040\000o\000f\000\040\000b\000o\000l\000d\0000\000m\000u\000\040\000m\000u\000m\000u\000\040\000u\000u\000u\000u\000u\000u\000L\0002}{chapter.3}% 11
\BOOKMARK [1][-]{section.3.2}{\376\377\000E\000v\000o\000l\000u\000t\000i\000o\000n\000\040\000o\000f\000\040\000L}{chapter.3}% 12
\BOOKMARK [1][-]{section.3.3}{\376\377\000R\000e\000p\000r\000o\000d\000u\000c\000t\000i\000o\000n\000\040\000o\000f\000\040\000F\000i\000g\000\040\0002}{chapter.3}% 13
\BOOKMARK [1][-]{section.3.4}{\376\377\000R\000e\000p\000r\000o\000d\000u\000c\000t\000i\000o\000n\000\040\000o\000f\000\040\000F\000i\000g\000\040\0003}{chapter.3}% 14
\BOOKMARK [1][-]{section.3.5}{\376\377\000R\000e\000p\000r\000o\000d\000u\000c\000t\000i\000o\000n\000\040\000o\000f\000\040\000F\000i\000g\000\040\0003\000\040\000I\000n\000s\000e\000t}{chapter.3}% 15
\BOOKMARK [1][-]{section.3.6}{\376\377\000C\000o\000n\000c\000l\000u\000s\000i\000o\000n}{chapter.3}% 16
\BOOKMARK [0][-]{chapter.4}{\376\377\000L\000a\000r\000i\000o\000s\000\040\000S\000c\000a\000l\000e\000\040\0002\000\040\000R\000e\000s\000u\000l\000t\000s}{}% 17
\BOOKMARK [1][-]{section.4.1}{\376\377\000E\000v\000o\000l\000u\000t\000i\000o\000n\000\040\000o\000f\000\040\000b\000o\000l\000d\0000\000m\000u\000\040\000m\000u\000m\000u\000\040\000u\000u\000u\000u\000u\000u\000L\0002}{chapter.4}% 18
\BOOKMARK [1][-]{section.4.2}{\376\377\000E\000v\000o\000l\000u\000t\000i\000o\000n\000\040\000o\000f\000\040\000L}{chapter.4}% 19
\BOOKMARK [1][-]{section.4.3}{\376\377\000R\000e\000p\000r\000o\000d\000u\000c\000t\000i\000o\000n\000\040\000o\000f\000\040\000F\000i\000g\000\040\0002}{chapter.4}% 20
\BOOKMARK [1][-]{section.4.4}{\376\377\000R\000e\000p\000r\000o\000d\000u\000c\000t\000i\000o\000n\000\040\000o\000f\000\040\000F\000i\000g\000\040\0003}{chapter.4}% 21
\BOOKMARK [1][-]{section.4.5}{\376\377\000R\000e\000p\000r\000o\000d\000u\000c\000t\000i\000o\000n\000\040\000o\000f\000\040\000F\000i\000g\000\040\0003\000\040\000I\000n\000s\000e\000t}{chapter.4}% 22
\BOOKMARK [1][-]{section.4.6}{\376\377\000C\000o\000n\000c\000l\000u\000s\000i\000o\000n}{chapter.4}% 23
\BOOKMARK [0][-]{appendix.A}{\376\377\000T\000a\000y\000l\000o\000r\000\040\000G\000r\000e\000e\000n\000\040\0001\000\040\000i\000n\000\040\000[\0000\000,\0002\000]\0003\000\040\000d\000o\000m\000a\000i\000n}{}% 24
\BOOKMARK [0][-]{appendix.B}{\376\377\000T\000a\000y\000l\000o\000r\000\040\000G\000r\000e\000e\000n\000\040\0001\000\040\000i\000n\000\040\000[\0000\000,\0001\000]\0003\000\040\000d\000o\000m\000a\000i\000n}{}% 25
\BOOKMARK [0][-]{appendix.C}{\376\377\000S\000c\000a\000l\000e\000d\000\040\000T\000a\000y\000l\000o\000r\000\040\000G\000r\000e\000e\000n\000\040\0001\000\040\000i\000n\000\040\000[\0000\000,\0001\000]\0003\000\040\000d\000o\000m\000a\000i\000n}{}% 26
\BOOKMARK [0][-]{appendix.D}{\376\377\000T\000a\000y\000l\000o\000r\000\040\000G\000r\000e\000e\000n\000\040\000L\000\040\000i\000n\000\040\000[\0000\000,\0002\000]\0003\000\040\000d\000o\000m\000a\000i\000n}{}% 27
\BOOKMARK [0][-]{appendix.E}{\376\377\000T\000a\000y\000l\000o\000r\000\040\000G\000r\000e\000e\000n\000\040\000L\000\040\000i\000n\000\040\000[\0000\000,\0001\000]\0003\000\040\000d\000o\000m\000a\000i\000n}{}% 28
\BOOKMARK [0][-]{appendix.F}{\376\377\000S\000c\000a\000l\000e\000d\000\040\000T\000a\000y\000l\000o\000r\000\040\000G\000r\000e\000e\000n\000\040\000L\000\040\000i\000n\000\040\000[\0000\000,\0001\000]\0003\000\040\000d\000o\000m\000a\000i\000n}{}% 29
