\BOOKMARK [1][-]{section.1}{\376\377\000I\000n\000t\000r\000o\000d\000u\000c\000t\000i\000o\000n}{}% 1
\BOOKMARK [2][-]{subsection.1.1}{\376\377\000S\000i\000n\000g\000u\000l\000a\000r\000i\000t\000y\000\040\000F\000o\000r\000m\000a\000t\000i\000o\000n\000\040\000i\000n\000\040\0003\000D\000\040\000F\000l\000u\000i\000d\000\040\000F\000l\000o\000w\000s}{section.1}% 2
\BOOKMARK [2][-]{subsection.1.2}{\376\377\0003\000D\000\040\000E\000u\000l\000e\000r\000-\000V\000o\000i\000g\000t\000\040\000E\000q\000u\000a\000t\000i\000o\000n\000s}{section.1}% 3
\BOOKMARK [2][-]{subsection.1.3}{\376\377\000I\000n\000i\000t\000i\000a\000l\000\040\000C\000o\000n\000d\000i\000t\000i\000o\000n\000s}{section.1}% 4
\BOOKMARK [2][-]{subsection.1.4}{\376\377\000F\000i\000n\000i\000t\000e\000\040\000T\000i\000m\000e\000\040\000B\000l\000o\000w\000-\000u\000p\000\040\000C\000r\000i\000t\000e\000r\000i\000a}{section.1}% 5
\BOOKMARK [1][-]{section.2}{\376\377\000T\000h\000e\000\040\000O\000p\000t\000i\000m\000i\000z\000a\000t\000i\000o\000n\000\040\000P\000r\000o\000b\000l\000e\000m}{}% 6
\BOOKMARK [2][-]{subsection.2.1}{\376\377\000F\000o\000r\000m\000u\000l\000a\000t\000i\000o\000n\000\040\000o\000f\000\040\000t\000h\000e\000\040\000P\000r\000o\000b\000l\000e\000m}{section.2}% 7
\BOOKMARK [2][-]{subsection.2.2}{\376\377\000G\000\342\000t\000e\000a\000u\000x\000\040\000\050\000D\000i\000r\000e\000c\000t\000i\000o\000n\000a\000l\000\051\000\040\000D\000i\000f\000f\000e\000r\000e\000n\000t\000i\000a\000l}{section.2}% 8
\BOOKMARK [2][-]{subsection.2.3}{\376\377\000R\000i\000e\000m\000a\000n\000n\000i\000a\000n\000\040\000C\000o\000n\000j\000u\000g\000a\000t\000e\000\040\000G\000r\000a\000d\000i\000e\000n\000t\000\040\000M\000e\000t\000h\000o\000d}{section.2}% 9
\BOOKMARK [1][-]{section.3}{\376\377\000N\000u\000m\000e\000r\000i\000c\000a\000l\000\040\000M\000e\000t\000h\000o\000d\000s}{}% 10
\BOOKMARK [2][-]{subsection.3.1}{\376\377\000S\000p\000a\000t\000i\000a\000l\000\040\000D\000i\000s\000c\000r\000e\000t\000i\000z\000a\000t\000i\000o\000n\000\040\000\046\000\040\000S\000p\000e\000c\000t\000r\000a\000l\000\040\000M\000e\000t\000h\000o\000d\000s}{section.3}% 11
\BOOKMARK [2][-]{subsection.3.2}{\376\377\000T\000i\000m\000e\000\040\000S\000t\000e\000p\000p\000i\000n\000g}{section.3}% 12
\BOOKMARK [2][-]{subsection.3.3}{\376\377\000K\000a\000p\000p\000a\000\040\000T\000e\000s\000t\000\040\000V\000a\000l\000i\000d\000a\000t\000i\000o\000n}{section.3}% 13
\BOOKMARK [1][-]{section.4}{\376\377\000R\000e\000s\000u\000l\000t\000s}{}% 14
\BOOKMARK [2][-]{subsection.4.1}{\376\377\000R\000e\000s\000u\000l\000t\000s\000\040\000f\000o\000r\000\040\000b\000o\000l\000d\0000\000m\000u\000\040\000m\000u\000m\000u\000\040\000=\000\040\000=\000\040\000b\000o\000t\000t\000o\000m\000=\000\040\000=\000\040\000=\000\040\000=\000\040\000v\000a\000l\000u\000e\000\040\0001}{section.4}% 15
\BOOKMARK [2][-]{subsection.4.2}{\376\377\000R\000e\000s\000u\000l\000t\000s\000\040\000f\000o\000r\000\040\000b\000o\000l\000d\0000\000m\000u\000\040\000m\000u\000m\000u\000\040\000=\000\040\000=\000\040\000b\000o\000t\000t\000o\000m\000=\000\040\000=\000\040\000=\000\040\000=\000\040\000v\000a\000l\000u\000e\000\040\0002}{section.4}% 16
\BOOKMARK [2][-]{subsection.4.3}{\376\377\000R\000e\000s\000u\000l\000t\000s\000\040\000f\000o\000r\000\040\000b\000o\000l\000d\0000\000m\000u\000\040\000m\000u\000m\000u\000\040\000=\000\040\000=\000\040\000b\000o\000t\000t\000o\000m\000=\000\040\000=\000\040\000=\000\040\000=\000\040\000v\000a\000l\000u\000e\000\040\0003}{section.4}% 17
\BOOKMARK [1][-]{section.5}{\376\377\000C\000o\000n\000c\000l\000u\000s\000i\000o\000n}{}% 18
\BOOKMARK [1][-]{section.6}{\376\377\000A\000p\000p\000e\000n\000d\000i\000x}{}% 19
\BOOKMARK [2][-]{subsection.6.1}{\376\377\000D\000e\000r\000i\000v\000a\000t\000i\000o\000n\000\040\000o\000f\000\040\000t\000h\000e\000\040\000G\000a\000t\000e\000a\000u\000x\000\040\000D\000i\000r\000e\000c\000t\000i\000o\000n\000a\000l\000\040\000D\000i\000f\000f\000e\000r\000e\000n\000t\000i\000a\000l}{section.6}% 20
\BOOKMARK [2][-]{subsection.6.2}{\376\377\000L\000i\000n\000e\000a\000r\000i\000z\000a\000t\000i\000o\000n\000\040\000o\000f\000\040\000t\000h\000e\000\040\000E\000u\000l\000e\000r\000-\000V\000o\000i\000g\000t\000\040\000S\000y\000s\000t\000e\000m}{section.6}% 21
\BOOKMARK [2][-]{subsection.6.3}{\376\377\000D\000e\000r\000i\000v\000a\000t\000i\000o\000n\000\040\000o\000f\000\040\000t\000h\000e\000\040\000A\000d\000j\000o\000i\000n\000t\000\040\000S\000y\000s\000t\000e\000m}{section.6}% 22
