This is pdfTeX, Version 3.141592653-2.6-1.40.25 (MiKTeX 24.1) (preloaded format=pdflatex 2024.8.10)  17 APR 2026 10:34
entering extended mode
 restricted \write18 enabled.
 %&-line parsing enabled.
**./EulerVoigt_Optimization_AIMS_Seminar.tex
(EulerVoigt_Optimization_AIMS_Seminar.tex
LaTeX2e <2023-11-01> patch level 1
L3 programming layer <2024-01-04>
(C:\Users\bensl\AppData\Local\Programs\MiKTeX\tex/latex/beamer\beamer.cls
Document Class: beamer 2024/01/06 v3.71 A class for typesetting presentations

(C:\Users\bensl\AppData\Local\Programs\MiKTeX\tex/latex/beamer\beamerbasemodes.
sty
(C:\Users\bensl\AppData\Local\Programs\MiKTeX\tex/latex/etoolbox\etoolbox.sty
Package: etoolbox 2020/10/05 v2.5k e-TeX tools for LaTeX (JAW)
\etb@tempcnta=\count187
)
\beamer@tempbox=\box51
\beamer@tempcount=\count188
\c@beamerpauses=\count189

(C:\Users\bensl\AppData\Local\Programs\MiKTeX\tex/latex/beamer\beamerbasedecode
.sty
\beamer@slideinframe=\count190
\beamer@minimum=\count191
\beamer@decode@box=\box52
)
\beamer@commentbox=\box53
\beamer@modecount=\count192
)
(C:\Users\bensl\AppData\Local\Programs\MiKTeX\tex/generic/iftex\iftex.sty
Package: iftex 2022/02/03 v1.0f TeX engine tests
)
\headdp=\dimen140
\footheight=\dimen141
\sidebarheight=\dimen142
\beamer@tempdim=\dimen143
\beamer@finalheight=\dimen144
\beamer@animht=\dimen145
\beamer@animdp=\dimen146
\beamer@animwd=\dimen147
\beamer@leftmargin=\dimen148
\beamer@rightmargin=\dimen149
\beamer@leftsidebar=\dimen150
\beamer@rightsidebar=\dimen151
\beamer@boxsize=\dimen152
\beamer@vboxoffset=\dimen153
\beamer@descdefault=\dimen154
\beamer@descriptionwidth=\dimen155
\beamer@lastskip=\skip48
\beamer@areabox=\box54
\beamer@animcurrent=\box55
\beamer@animshowbox=\box56
\beamer@sectionbox=\box57
\beamer@logobox=\box58
\beamer@linebox=\box59
\beamer@sectioncount=\count193
\beamer@subsubsectionmax=\count194
\beamer@subsectionmax=\count195
\beamer@sectionmax=\count196
\beamer@totalheads=\count197
\beamer@headcounter=\count198
\beamer@partstartpage=\count199
\beamer@sectionstartpage=\count266
\beamer@subsectionstartpage=\count267
\beamer@animationtempa=\count268
\beamer@animationtempb=\count269
\beamer@xpos=\count270
\beamer@ypos=\count271
\beamer@ypos@offset=\count272
\beamer@showpartnumber=\count273
\beamer@currentsubsection=\count274
\beamer@coveringdepth=\count275
\beamer@sectionadjust=\count276
\beamer@toclastsection=\count277
\beamer@tocsectionnumber=\count278

(C:\Users\bensl\AppData\Local\Programs\MiKTeX\tex/latex/beamer\beamerbaseoption
s.sty
(C:\Users\bensl\AppData\Local\Programs\MiKTeX\tex/latex/graphics\keyval.sty
Package: keyval 2022/05/29 v1.15 key=value parser (DPC)
\KV@toks@=\toks17
))
\beamer@paperwidth=\skip49
\beamer@paperheight=\skip50

(C:\Users\bensl\AppData\Local\Programs\MiKTeX\tex/latex/geometry\geometry.sty
Package: geometry 2020/01/02 v5.9 Page Geometry

(C:\Users\bensl\AppData\Local\Programs\MiKTeX\tex/generic/iftex\ifvtex.sty
Package: ifvtex 2019/10/25 v1.7 ifvtex legacy package. Use iftex instead.
)
\Gm@cnth=\count279
\Gm@cntv=\count280
\c@Gm@tempcnt=\count281
\Gm@bindingoffset=\dimen156
\Gm@wd@mp=\dimen157
\Gm@odd@mp=\dimen158
\Gm@even@mp=\dimen159
\Gm@layoutwidth=\dimen160
\Gm@layoutheight=\dimen161
\Gm@layouthoffset=\dimen162
\Gm@layoutvoffset=\dimen163
\Gm@dimlist=\toks18

(C:\Users\bensl\AppData\Local\Programs\MiKTeX\tex/latex/geometry\geometry.cfg))
(C:\Users\bensl\AppData\Local\Programs\MiKTeX\tex/latex/pgf/math\pgfmath.sty
(C:\Users\bensl\AppData\Local\Programs\MiKTeX\tex/latex/pgf/utilities\pgfrcs.st
y
(C:\Users\bensl\AppData\Local\Programs\MiKTeX\tex/generic/pgf/utilities\pgfutil
-common.tex
\pgfutil@everybye=\toks19
\pgfutil@tempdima=\dimen164
\pgfutil@tempdimb=\dimen165
)
(C:\Users\bensl\AppData\Local\Programs\MiKTeX\tex/generic/pgf/utilities\pgfutil
-latex.def
\pgfutil@abb=\box60
)
(C:\Users\bensl\AppData\Local\Programs\MiKTeX\tex/generic/pgf/utilities\pgfrcs.
code.tex
(C:\Users\bensl\AppData\Local\Programs\MiKTeX\tex/generic/pgf\pgf.revision.tex)
Package: pgfrcs 2023-01-15 v3.1.10 (3.1.10)
))
(C:\Users\bensl\AppData\Local\Programs\MiKTeX\tex/latex/pgf/utilities\pgfkeys.s
ty
(C:\Users\bensl\AppData\Local\Programs\MiKTeX\tex/generic/pgf/utilities\pgfkeys
.code.tex
\pgfkeys@pathtoks=\toks20
\pgfkeys@temptoks=\toks21

(C:\Users\bensl\AppData\Local\Programs\MiKTeX\tex/generic/pgf/utilities\pgfkeys
libraryfiltered.code.tex
\pgfkeys@tmptoks=\toks22
)))
(C:\Users\bensl\AppData\Local\Programs\MiKTeX\tex/generic/pgf/math\pgfmath.code
.tex
(C:\Users\bensl\AppData\Local\Programs\MiKTeX\tex/generic/pgf/math\pgfmathutil.
code.tex
\pgf@x=\dimen166
\pgf@xa=\dimen167
\pgf@xb=\dimen168
\pgf@xc=\dimen169
\pgf@y=\dimen170
\pgf@ya=\dimen171
\pgf@yb=\dimen172
\pgf@yc=\dimen173
\c@pgf@counta=\count282
\c@pgf@countb=\count283
\c@pgf@countc=\count284
\c@pgf@countd=\count285
)
(C:\Users\bensl\AppData\Local\Programs\MiKTeX\tex/generic/pgf/math\pgfmathparse
r.code.tex
\pgfmath@dimen=\dimen174
\pgfmath@count=\count286
\pgfmath@box=\box61
\pgfmath@toks=\toks23
\pgfmath@stack@operand=\toks24
\pgfmath@stack@operation=\toks25
)
(C:\Users\bensl\AppData\Local\Programs\MiKTeX\tex/generic/pgf/math\pgfmathfunct
ions.code.tex)
(C:\Users\bensl\AppData\Local\Programs\MiKTeX\tex/generic/pgf/math\pgfmathfunct
ions.basic.code.tex)
(C:\Users\bensl\AppData\Local\Programs\MiKTeX\tex/generic/pgf/math\pgfmathfunct
ions.trigonometric.code.tex)
(C:\Users\bensl\AppData\Local\Programs\MiKTeX\tex/generic/pgf/math\pgfmathfunct
ions.random.code.tex)
(C:\Users\bensl\AppData\Local\Programs\MiKTeX\tex/generic/pgf/math\pgfmathfunct
ions.comparison.code.tex)
(C:\Users\bensl\AppData\Local\Programs\MiKTeX\tex/generic/pgf/math\pgfmathfunct
ions.base.code.tex)
(C:\Users\bensl\AppData\Local\Programs\MiKTeX\tex/generic/pgf/math\pgfmathfunct
ions.round.code.tex)
(C:\Users\bensl\AppData\Local\Programs\MiKTeX\tex/generic/pgf/math\pgfmathfunct
ions.misc.code.tex)
(C:\Users\bensl\AppData\Local\Programs\MiKTeX\tex/generic/pgf/math\pgfmathfunct
ions.integerarithmetics.code.tex)
(C:\Users\bensl\AppData\Local\Programs\MiKTeX\tex/generic/pgf/math\pgfmathcalc.
code.tex)
(C:\Users\bensl\AppData\Local\Programs\MiKTeX\tex/generic/pgf/math\pgfmathfloat
.code.tex
\c@pgfmathroundto@lastzeros=\count287
)))
(C:\Users\bensl\AppData\Local\Programs\MiKTeX\tex/latex/base\size11.clo
File: size11.clo 2023/05/17 v1.4n Standard LaTeX file (size option)
)
(C:\Users\bensl\AppData\Local\Programs\MiKTeX\tex/latex/pgf/basiclayer\pgfcore.
sty
(C:\Users\bensl\AppData\Local\Programs\MiKTeX\tex/latex/graphics\graphicx.sty
Package: graphicx 2021/09/16 v1.2d Enhanced LaTeX Graphics (DPC,SPQR)

(C:\Users\bensl\AppData\Local\Programs\MiKTeX\tex/latex/graphics\graphics.sty
Package: graphics 2022/03/10 v1.4e Standard LaTeX Graphics (DPC,SPQR)

(C:\Users\bensl\AppData\Local\Programs\MiKTeX\tex/latex/graphics\trig.sty
Package: trig 2021/08/11 v1.11 sin cos tan (DPC)
)
(C:\Users\bensl\AppData\Local\Programs\MiKTeX\tex/latex/graphics-cfg\graphics.c
fg
File: graphics.cfg 2016/06/04 v1.11 sample graphics configuration
)
Package graphics Info: Driver file: pdftex.def on input line 107.

(C:\Users\bensl\AppData\Local\Programs\MiKTeX\tex/latex/graphics-def\pdftex.def
File: pdftex.def 2022/09/22 v1.2b Graphics/color driver for pdftex
))
\Gin@req@height=\dimen175
\Gin@req@width=\dimen176
)
(C:\Users\bensl\AppData\Local\Programs\MiKTeX\tex/latex/pgf/systemlayer\pgfsys.
sty
(C:\Users\bensl\AppData\Local\Programs\MiKTeX\tex/generic/pgf/systemlayer\pgfsy
s.code.tex
Package: pgfsys 2023-01-15 v3.1.10 (3.1.10)
\pgf@x=\dimen177
\pgf@y=\dimen178
\pgf@xa=\dimen179
\pgf@ya=\dimen180
\pgf@xb=\dimen181
\pgf@yb=\dimen182
\pgf@xc=\dimen183
\pgf@yc=\dimen184
\pgf@xd=\dimen185
\pgf@yd=\dimen186
\w@pgf@writea=\write3
\r@pgf@reada=\read2
\c@pgf@counta=\count288
\c@pgf@countb=\count289
\c@pgf@countc=\count290
\c@pgf@countd=\count291
\t@pgf@toka=\toks26
\t@pgf@tokb=\toks27
\t@pgf@tokc=\toks28
\pgf@sys@id@count=\count292

(C:\Users\bensl\AppData\Local\Programs\MiKTeX\tex/generic/pgf/systemlayer\pgf.c
fg
File: pgf.cfg 2023-01-15 v3.1.10 (3.1.10)
)
Driver file for pgf: pgfsys-pdftex.def

(C:\Users\bensl\AppData\Local\Programs\MiKTeX\tex/generic/pgf/systemlayer\pgfsy
s-pdftex.def
File: pgfsys-pdftex.def 2023-01-15 v3.1.10 (3.1.10)

(C:\Users\bensl\AppData\Local\Programs\MiKTeX\tex/generic/pgf/systemlayer\pgfsy
s-common-pdf.def
File: pgfsys-common-pdf.def 2023-01-15 v3.1.10 (3.1.10)
)))
(C:\Users\bensl\AppData\Local\Programs\MiKTeX\tex/generic/pgf/systemlayer\pgfsy
ssoftpath.code.tex
File: pgfsyssoftpath.code.tex 2023-01-15 v3.1.10 (3.1.10)
\pgfsyssoftpath@smallbuffer@items=\count293
\pgfsyssoftpath@bigbuffer@items=\count294
)
(C:\Users\bensl\AppData\Local\Programs\MiKTeX\tex/generic/pgf/systemlayer\pgfsy
sprotocol.code.tex
File: pgfsysprotocol.code.tex 2023-01-15 v3.1.10 (3.1.10)
))
(C:\Users\bensl\AppData\Local\Programs\MiKTeX\tex/latex/xcolor\xcolor.sty
Package: xcolor 2023/11/15 v3.01 LaTeX color extensions (UK)

(C:\Users\bensl\AppData\Local\Programs\MiKTeX\tex/latex/graphics-cfg\color.cfg
File: color.cfg 2016/01/02 v1.6 sample color configuration
)
Package xcolor Info: Driver file: pdftex.def on input line 274.
(C:\Users\bensl\AppData\Local\Programs\MiKTeX\tex/latex/graphics\mathcolor.ltx)
Package xcolor Info: Model `cmy' substituted by `cmy0' on input line 1350.
Package xcolor Info: Model `hsb' substituted by `rgb' on input line 1354.
Package xcolor Info: Model `RGB' extended on input line 1366.
Package xcolor Info: Model `HTML' substituted by `rgb' on input line 1368.
Package xcolor Info: Model `Hsb' substituted by `hsb' on input line 1369.
Package xcolor Info: Model `tHsb' substituted by `hsb' on input line 1370.
Package xcolor Info: Model `HSB' substituted by `hsb' on input line 1371.
Package xcolor Info: Model `Gray' substituted by `gray' on input line 1372.
Package xcolor Info: Model `wave' substituted by `hsb' on input line 1373.
)
(C:\Users\bensl\AppData\Local\Programs\MiKTeX\tex/generic/pgf/basiclayer\pgfcor
e.code.tex
Package: pgfcore 2023-01-15 v3.1.10 (3.1.10)

(C:\Users\bensl\AppData\Local\Programs\MiKTeX\tex/generic/pgf/math\pgfint.code.
tex)
(C:\Users\bensl\AppData\Local\Programs\MiKTeX\tex/generic/pgf/basiclayer\pgfcor
epoints.code.tex
File: pgfcorepoints.code.tex 2023-01-15 v3.1.10 (3.1.10)
\pgf@picminx=\dimen187
\pgf@picmaxx=\dimen188
\pgf@picminy=\dimen189
\pgf@picmaxy=\dimen190
\pgf@pathminx=\dimen191
\pgf@pathmaxx=\dimen192
\pgf@pathminy=\dimen193
\pgf@pathmaxy=\dimen194
\pgf@xx=\dimen195
\pgf@xy=\dimen196
\pgf@yx=\dimen197
\pgf@yy=\dimen198
\pgf@zx=\dimen199
\pgf@zy=\dimen256
)
(C:\Users\bensl\AppData\Local\Programs\MiKTeX\tex/generic/pgf/basiclayer\pgfcor
epathconstruct.code.tex
File: pgfcorepathconstruct.code.tex 2023-01-15 v3.1.10 (3.1.10)
\pgf@path@lastx=\dimen257
\pgf@path@lasty=\dimen258
)
(C:\Users\bensl\AppData\Local\Programs\MiKTeX\tex/generic/pgf/basiclayer\pgfcor
epathusage.code.tex
File: pgfcorepathusage.code.tex 2023-01-15 v3.1.10 (3.1.10)
\pgf@shorten@end@additional=\dimen259
\pgf@shorten@start@additional=\dimen260
)
(C:\Users\bensl\AppData\Local\Programs\MiKTeX\tex/generic/pgf/basiclayer\pgfcor
escopes.code.tex
File: pgfcorescopes.code.tex 2023-01-15 v3.1.10 (3.1.10)
\pgfpic=\box62
\pgf@hbox=\box63
\pgf@layerbox@main=\box64
\pgf@picture@serial@count=\count295
)
(C:\Users\bensl\AppData\Local\Programs\MiKTeX\tex/generic/pgf/basiclayer\pgfcor
egraphicstate.code.tex
File: pgfcoregraphicstate.code.tex 2023-01-15 v3.1.10 (3.1.10)
\pgflinewidth=\dimen261
)
(C:\Users\bensl\AppData\Local\Programs\MiKTeX\tex/generic/pgf/basiclayer\pgfcor
etransformations.code.tex
File: pgfcoretransformations.code.tex 2023-01-15 v3.1.10 (3.1.10)
\pgf@pt@x=\dimen262
\pgf@pt@y=\dimen263
\pgf@pt@temp=\dimen264
)
(C:\Users\bensl\AppData\Local\Programs\MiKTeX\tex/generic/pgf/basiclayer\pgfcor
equick.code.tex
File: pgfcorequick.code.tex 2023-01-15 v3.1.10 (3.1.10)
)
(C:\Users\bensl\AppData\Local\Programs\MiKTeX\tex/generic/pgf/basiclayer\pgfcor
eobjects.code.tex
File: pgfcoreobjects.code.tex 2023-01-15 v3.1.10 (3.1.10)
)
(C:\Users\bensl\AppData\Local\Programs\MiKTeX\tex/generic/pgf/basiclayer\pgfcor
epathprocessing.code.tex
File: pgfcorepathprocessing.code.tex 2023-01-15 v3.1.10 (3.1.10)
)
(C:\Users\bensl\AppData\Local\Programs\MiKTeX\tex/generic/pgf/basiclayer\pgfcor
earrows.code.tex
File: pgfcorearrows.code.tex 2023-01-15 v3.1.10 (3.1.10)
\pgfarrowsep=\dimen265
)
(C:\Users\bensl\AppData\Local\Programs\MiKTeX\tex/generic/pgf/basiclayer\pgfcor
eshade.code.tex
File: pgfcoreshade.code.tex 2023-01-15 v3.1.10 (3.1.10)
\pgf@max=\dimen266
\pgf@sys@shading@range@num=\count296
\pgf@shadingcount=\count297
)
(C:\Users\bensl\AppData\Local\Programs\MiKTeX\tex/generic/pgf/basiclayer\pgfcor
eimage.code.tex
File: pgfcoreimage.code.tex 2023-01-15 v3.1.10 (3.1.10)
)
(C:\Users\bensl\AppData\Local\Programs\MiKTeX\tex/generic/pgf/basiclayer\pgfcor
eexternal.code.tex
File: pgfcoreexternal.code.tex 2023-01-15 v3.1.10 (3.1.10)
\pgfexternal@startupbox=\box65
)
(C:\Users\bensl\AppData\Local\Programs\MiKTeX\tex/generic/pgf/basiclayer\pgfcor
elayers.code.tex
File: pgfcorelayers.code.tex 2023-01-15 v3.1.10 (3.1.10)
)
(C:\Users\bensl\AppData\Local\Programs\MiKTeX\tex/generic/pgf/basiclayer\pgfcor
etransparency.code.tex
File: pgfcoretransparency.code.tex 2023-01-15 v3.1.10 (3.1.10)
)
(C:\Users\bensl\AppData\Local\Programs\MiKTeX\tex/generic/pgf/basiclayer\pgfcor
epatterns.code.tex
File: pgfcorepatterns.code.tex 2023-01-15 v3.1.10 (3.1.10)
)
(C:\Users\bensl\AppData\Local\Programs\MiKTeX\tex/generic/pgf/basiclayer\pgfcor
erdf.code.tex
File: pgfcorerdf.code.tex 2023-01-15 v3.1.10 (3.1.10)
)))
(C:\Users\bensl\AppData\Local\Programs\MiKTeX\tex/latex/pgf/utilities\xxcolor.s
ty
Package: xxcolor 2003/10/24 ver 0.1
\XC@nummixins=\count298
\XC@countmixins=\count299
)
(C:\Users\bensl\AppData\Local\Programs\MiKTeX\tex/latex/base\atbegshi-ltx.sty
Package: atbegshi-ltx 2021/01/10 v1.0c Emulation of the original atbegshi
package with kernel methods
)
(C:\Users\bensl\AppData\Local\Programs\MiKTeX\tex/latex/hyperref\hyperref.sty
Package: hyperref 2023-11-26 v7.01g Hypertext links for LaTeX

(C:\Users\bensl\AppData\Local\Programs\MiKTeX\tex/generic/infwarerr\infwarerr.s
ty
Package: infwarerr 2019/12/03 v1.5 Providing info/warning/error messages (HO)
)
(C:\Users\bensl\AppData\Local\Programs\MiKTeX\tex/latex/kvsetkeys\kvsetkeys.sty
Package: kvsetkeys 2022-10-05 v1.19 Key value parser (HO)
)
(C:\Users\bensl\AppData\Local\Programs\MiKTeX\tex/generic/kvdefinekeys\kvdefine
keys.sty
Package: kvdefinekeys 2019-12-19 v1.6 Define keys (HO)
)
(C:\Users\bensl\AppData\Local\Programs\MiKTeX\tex/generic/pdfescape\pdfescape.s
ty
Package: pdfescape 2019/12/09 v1.15 Implements pdfTeX's escape features (HO)

(C:\Users\bensl\AppData\Local\Programs\MiKTeX\tex/generic/ltxcmds\ltxcmds.sty
Package: ltxcmds 2023-12-04 v1.26 LaTeX kernel commands for general use (HO)
)
(C:\Users\bensl\AppData\Local\Programs\MiKTeX\tex/generic/pdftexcmds\pdftexcmds
.sty
Package: pdftexcmds 2020-06-27 v0.33 Utility functions of pdfTeX for LuaTeX (HO
)
Package pdftexcmds Info: \pdf@primitive is available.
Package pdftexcmds Info: \pdf@ifprimitive is available.
Package pdftexcmds Info: \pdfdraftmode found.
))
(C:\Users\bensl\AppData\Local\Programs\MiKTeX\tex/latex/hycolor\hycolor.sty
Package: hycolor 2020-01-27 v1.10 Color options for hyperref/bookmark (HO)
)
(C:\Users\bensl\AppData\Local\Programs\MiKTeX\tex/latex/letltxmacro\letltxmacro
.sty
Package: letltxmacro 2019/12/03 v1.6 Let assignment for LaTeX macros (HO)
)
(C:\Users\bensl\AppData\Local\Programs\MiKTeX\tex/latex/auxhook\auxhook.sty
Package: auxhook 2019-12-17 v1.6 Hooks for auxiliary files (HO)
)
(C:\Users\bensl\AppData\Local\Programs\MiKTeX\tex/latex/hyperref\nameref.sty
Package: nameref 2023-11-26 v2.56 Cross-referencing by name of section

(C:\Users\bensl\AppData\Local\Programs\MiKTeX\tex/latex/refcount\refcount.sty
Package: refcount 2019/12/15 v3.6 Data extraction from label references (HO)
)
(C:\Users\bensl\AppData\Local\Programs\MiKTeX\tex/generic/gettitlestring\gettit
lestring.sty
Package: gettitlestring 2019/12/15 v1.6 Cleanup title references (HO)

(C:\Users\bensl\AppData\Local\Programs\MiKTeX\tex/latex/kvoptions\kvoptions.sty
Package: kvoptions 2022-06-15 v3.15 Key value format for package options (HO)
))
\c@section@level=\count300
)
\@linkdim=\dimen267
\Hy@linkcounter=\count301
\Hy@pagecounter=\count302
 (C:\Users\bensl\AppData\Local\Programs\MiKTeX\tex/latex/hyperref\pd1enc.def
File: pd1enc.def 2023-11-26 v7.01g Hyperref: PDFDocEncoding definition (HO)
Now handling font encoding PD1 ...
... no UTF-8 mapping file for font encoding PD1
) (C:\Users\bensl\AppData\Local\Programs\MiKTeX\tex/generic/intcalc\intcalc.sty
Package: intcalc 2019/12/15 v1.3 Expandable calculations with integers (HO)
)
\Hy@SavedSpaceFactor=\count303
 (C:\Users\bensl\AppData\Local\Programs\MiKTeX\tex/latex/hyperref\puenc.def
File: puenc.def 2023-11-26 v7.01g Hyperref: PDF Unicode definition (HO)
Now handling font encoding PU ...
... no UTF-8 mapping file for font encoding PU
)
Package hyperref Info: Option `bookmarks' set `true' on input line 4064.
Package hyperref Info: Option `bookmarksopen' set `true' on input line 4064.
Package hyperref Info: Option `implicit' set `false' on input line 4064.
Package hyperref Info: Hyper figures OFF on input line 4181.
Package hyperref Info: Link nesting OFF on input line 4186.
Package hyperref Info: Hyper index ON on input line 4189.
Package hyperref Info: Plain pages OFF on input line 4196.
Package hyperref Info: Backreferencing OFF on input line 4201.
Package hyperref Info: Implicit mode OFF; no redefinition of LaTeX internals.
Package hyperref Info: Bookmarks ON on input line 4448.
\c@Hy@tempcnt=\count304

(C:\Users\bensl\AppData\Local\Programs\MiKTeX\tex/latex/url\url.sty
\Urlmuskip=\muskip16
Package: url 2013/09/16  ver 3.4  Verb mode for urls, etc.
)
LaTeX Info: Redefining \url on input line 4786.
\XeTeXLinkMargin=\dimen268

(C:\Users\bensl\AppData\Local\Programs\MiKTeX\tex/generic/bitset\bitset.sty
Package: bitset 2019/12/09 v1.3 Handle bit-vector datatype (HO)

(C:\Users\bensl\AppData\Local\Programs\MiKTeX\tex/generic/bigintcalc\bigintcalc
.sty
Package: bigintcalc 2019/12/15 v1.5 Expandable calculations on big integers (HO
)
))
\Fld@menulength=\count305
\Field@Width=\dimen269
\Fld@charsize=\dimen270
Package hyperref Info: Hyper figures OFF on input line 6065.
Package hyperref Info: Link nesting OFF on input line 6070.
Package hyperref Info: Hyper index ON on input line 6073.
Package hyperref Info: backreferencing OFF on input line 6080.
Package hyperref Info: Link coloring OFF on input line 6085.
Package hyperref Info: Link coloring with OCG OFF on input line 6090.
Package hyperref Info: PDF/A mode OFF on input line 6095.
\Hy@abspage=\count306


Package hyperref Message: Stopped early.

)
Package hyperref Info: Driver (autodetected): hpdftex.
 (C:\Users\bensl\AppData\Local\Programs\MiKTeX\tex/latex/hyperref\hpdftex.def
File: hpdftex.def 2023-11-26 v7.01g Hyperref driver for pdfTeX

(C:\Users\bensl\AppData\Local\Programs\MiKTeX\tex/latex/base\atveryend-ltx.sty
Package: atveryend-ltx 2020/08/19 v1.0a Emulation of the original atveryend pac
kage
with kernel methods
)
\Fld@listcount=\count307
\c@bookmark@seq@number=\count308

(C:\Users\bensl\AppData\Local\Programs\MiKTeX\tex/latex/rerunfilecheck\rerunfil
echeck.sty
Package: rerunfilecheck 2022-07-10 v1.10 Rerun checks for auxiliary files (HO)

(C:\Users\bensl\AppData\Local\Programs\MiKTeX\tex/generic/uniquecounter\uniquec
ounter.sty
Package: uniquecounter 2019/12/15 v1.4 Provide unlimited unique counter (HO)
)
Package uniquecounter Info: New unique counter `rerunfilecheck' on input line 2
85.
))
(C:\Users\bensl\AppData\Local\Programs\MiKTeX\tex/latex/beamer\beamerbaserequir
es.sty
(C:\Users\bensl\AppData\Local\Programs\MiKTeX\tex/latex/beamer\beamerbasecompat
ibility.sty)
(C:\Users\bensl\AppData\Local\Programs\MiKTeX\tex/latex/beamer\beamerbasefont.s
ty (C:\Users\bensl\AppData\Local\Programs\MiKTeX\tex/latex/amsfonts\amssymb.sty
Package: amssymb 2013/01/14 v3.01 AMS font symbols
(C:\Users\bensl\AppData\Local\Programs\MiKTeX\tex/latex/amsfonts\amsfonts.sty
Package: amsfonts 2013/01/14 v3.01 Basic AMSFonts support
\@emptytoks=\toks29
\symAMSa=\mathgroup4
\symAMSb=\mathgroup5
LaTeX Font Info:    Redeclaring math symbol \hbar on input line 98.
LaTeX Font Info:    Overwriting math alphabet `\mathfrak' in version `bold'
(Font)                  U/euf/m/n --> U/euf/b/n on input line 106.
))
(C:\Users\bensl\AppData\Local\Programs\MiKTeX\tex/latex/sansmathaccent\sansmath
accent.sty
Package: sansmathaccent 2020/01/31

(C:\Users\bensl\AppData\Local\Programs\MiKTeX\tex/latex/koma-script\scrlfile.st
y
Package: scrlfile 2023/07/07 v3.41 KOMA-Script package (file load hooks)

(C:\Users\bensl\AppData\Local\Programs\MiKTeX\tex/latex/koma-script\scrlfile-ho
ok.sty
Package: scrlfile-hook 2023/07/07 v3.41 KOMA-Script package (using LaTeX hooks)


(C:\Users\bensl\AppData\Local\Programs\MiKTeX\tex/latex/koma-script\scrlogo.sty
Package: scrlogo 2023/07/07 v3.41 KOMA-Script package (logo)
)))))
(C:\Users\bensl\AppData\Local\Programs\MiKTeX\tex/latex/beamer\beamerbasetransl
ator.sty
(C:\Users\bensl\AppData\Local\Programs\MiKTeX\tex/latex/translator\translator.s
ty
Package: translator 2021-05-31 v1.12d Easy translation of strings in LaTeX
))
(C:\Users\bensl\AppData\Local\Programs\MiKTeX\tex/latex/beamer\beamerbasemisc.s
ty)
(C:\Users\bensl\AppData\Local\Programs\MiKTeX\tex/latex/beamer\beamerbasetwoscr
eens.sty)
(C:\Users\bensl\AppData\Local\Programs\MiKTeX\tex/latex/beamer\beamerbaseoverla
y.sty
\beamer@argscount=\count309
\beamer@lastskipcover=\skip51
\beamer@trivlistdepth=\count310
)
(C:\Users\bensl\AppData\Local\Programs\MiKTeX\tex/latex/beamer\beamerbasetitle.
sty)
(C:\Users\bensl\AppData\Local\Programs\MiKTeX\tex/latex/beamer\beamerbasesectio
n.sty
\c@lecture=\count311
\c@part=\count312
\c@section=\count313
\c@subsection=\count314
\c@subsubsection=\count315
)
(C:\Users\bensl\AppData\Local\Programs\MiKTeX\tex/latex/beamer\beamerbaseframe.
sty
\beamer@framebox=\box66
\beamer@frametitlebox=\box67
\beamer@zoombox=\box68
\beamer@zoomcount=\count316
\beamer@zoomframecount=\count317
\beamer@frametextheight=\dimen271
\c@subsectionslide=\count318
\beamer@frametopskip=\skip52
\beamer@framebottomskip=\skip53
\beamer@frametopskipautobreak=\skip54
\beamer@framebottomskipautobreak=\skip55
\beamer@envbody=\toks30
\framewidth=\dimen272
\c@framenumber=\count319
)
(C:\Users\bensl\AppData\Local\Programs\MiKTeX\tex/latex/beamer\beamerbaseverbat
im.sty
\beamer@verbatimfileout=\write4
)
(C:\Users\bensl\AppData\Local\Programs\MiKTeX\tex/latex/beamer\beamerbaseframes
ize.sty
\beamer@splitbox=\box69
\beamer@autobreakcount=\count320
\beamer@autobreaklastheight=\dimen273
\beamer@frametitletoks=\toks31
\beamer@framesubtitletoks=\toks32
)
(C:\Users\bensl\AppData\Local\Programs\MiKTeX\tex/latex/beamer\beamerbaseframec
omponents.sty
\beamer@footins=\box70
)
(C:\Users\bensl\AppData\Local\Programs\MiKTeX\tex/latex/beamer\beamerbasecolor.
sty)
(C:\Users\bensl\AppData\Local\Programs\MiKTeX\tex/latex/beamer\beamerbasenotes.
sty
\beamer@frameboxcopy=\box71
)
(C:\Users\bensl\AppData\Local\Programs\MiKTeX\tex/latex/beamer\beamerbasetoc.st
y)
(C:\Users\bensl\AppData\Local\Programs\MiKTeX\tex/latex/beamer\beamerbasetempla
tes.sty
\beamer@sbttoks=\toks33

(C:\Users\bensl\AppData\Local\Programs\MiKTeX\tex/latex/beamer\beamerbaseauxtem
plates.sty
(C:\Users\bensl\AppData\Local\Programs\MiKTeX\tex/latex/beamer\beamerbaseboxes.
sty
\bmb@box=\box72
\bmb@colorbox=\box73
\bmb@boxwidth=\dimen274
\bmb@boxheight=\dimen275
\bmb@prevheight=\dimen276
\bmb@temp=\dimen277
\bmb@dima=\dimen278
\bmb@dimb=\dimen279
\bmb@prevheight=\dimen280
)
\beamer@blockheadheight=\dimen281
))
(C:\Users\bensl\AppData\Local\Programs\MiKTeX\tex/latex/beamer\beamerbaselocals
tructure.sty
(C:\Users\bensl\AppData\Local\Programs\MiKTeX\tex/latex/tools\enumerate.sty
Package: enumerate 2023/07/04 v3.00 enumerate extensions (DPC)
\@enLab=\toks34
)
\beamer@bibiconwidth=\skip56
\c@figure=\count321
\c@table=\count322
\abovecaptionskip=\skip57
\belowcaptionskip=\skip58
)
(C:\Users\bensl\AppData\Local\Programs\MiKTeX\tex/latex/beamer\beamerbasenaviga
tion.sty
(C:\Users\bensl\AppData\Local\Programs\MiKTeX\tex/latex/beamer\beamerbasenaviga
tionsymbols.tex)
\beamer@section@min@dim=\dimen282
)
(C:\Users\bensl\AppData\Local\Programs\MiKTeX\tex/latex/beamer\beamerbasetheore
ms.sty
(C:\Users\bensl\AppData\Local\Programs\MiKTeX\tex/latex/amsmath\amsmath.sty
Package: amsmath 2023/05/13 v2.17o AMS math features
\@mathmargin=\skip59

For additional information on amsmath, use the `?' option.
(C:\Users\bensl\AppData\Local\Programs\MiKTeX\tex/latex/amsmath\amstext.sty
Package: amstext 2021/08/26 v2.01 AMS text

(C:\Users\bensl\AppData\Local\Programs\MiKTeX\tex/latex/amsmath\amsgen.sty
File: amsgen.sty 1999/11/30 v2.0 generic functions
\@emptytoks=\toks35
\ex@=\dimen283
))
(C:\Users\bensl\AppData\Local\Programs\MiKTeX\tex/latex/amsmath\amsbsy.sty
Package: amsbsy 1999/11/29 v1.2d Bold Symbols
\pmbraise@=\dimen284
)
(C:\Users\bensl\AppData\Local\Programs\MiKTeX\tex/latex/amsmath\amsopn.sty
Package: amsopn 2022/04/08 v2.04 operator names
)
\inf@bad=\count323
LaTeX Info: Redefining \frac on input line 234.
\uproot@=\count324
\leftroot@=\count325
LaTeX Info: Redefining \overline on input line 399.
LaTeX Info: Redefining \colon on input line 410.
\classnum@=\count326
\DOTSCASE@=\count327
LaTeX Info: Redefining \ldots on input line 496.
LaTeX Info: Redefining \dots on input line 499.
LaTeX Info: Redefining \cdots on input line 620.
\Mathstrutbox@=\box74
\strutbox@=\box75
LaTeX Info: Redefining \big on input line 722.
LaTeX Info: Redefining \Big on input line 723.
LaTeX Info: Redefining \bigg on input line 724.
LaTeX Info: Redefining \Bigg on input line 725.
\big@size=\dimen285
LaTeX Font Info:    Redeclaring font encoding OML on input line 743.
LaTeX Font Info:    Redeclaring font encoding OMS on input line 744.
\macc@depth=\count328
LaTeX Info: Redefining \bmod on input line 905.
LaTeX Info: Redefining \pmod on input line 910.
LaTeX Info: Redefining \smash on input line 940.
LaTeX Info: Redefining \relbar on input line 970.
LaTeX Info: Redefining \Relbar on input line 971.
\c@MaxMatrixCols=\count329
\dotsspace@=\muskip17
\c@parentequation=\count330
\dspbrk@lvl=\count331
\tag@help=\toks36
\row@=\count332
\column@=\count333
\maxfields@=\count334
\andhelp@=\toks37
\eqnshift@=\dimen286
\alignsep@=\dimen287
\tagshift@=\dimen288
\tagwidth@=\dimen289
\totwidth@=\dimen290
\lineht@=\dimen291
\@envbody=\toks38
\multlinegap=\skip60
\multlinetaggap=\skip61
\mathdisplay@stack=\toks39
LaTeX Info: Redefining \[ on input line 2953.
LaTeX Info: Redefining \] on input line 2954.
)
(C:\Users\bensl\AppData\Local\Programs\MiKTeX\tex/latex/amscls\amsthm.sty
Package: amsthm 2020/05/29 v2.20.6
\thm@style=\toks40
\thm@bodyfont=\toks41
\thm@headfont=\toks42
\thm@notefont=\toks43
\thm@headpunct=\toks44
\thm@preskip=\skip62
\thm@postskip=\skip63
\thm@headsep=\skip64
\dth@everypar=\toks45
)
\c@theorem=\count335
)
(C:\Users\bensl\AppData\Local\Programs\MiKTeX\tex/latex/beamer\beamerbasethemes
.sty))
(C:\Users\bensl\AppData\Local\Programs\MiKTeX\tex/latex/beamer\beamerthemedefau
lt.sty
(C:\Users\bensl\AppData\Local\Programs\MiKTeX\tex/latex/beamer\beamerfontthemed
efault.sty)
(C:\Users\bensl\AppData\Local\Programs\MiKTeX\tex/latex/beamer\beamercolortheme
default.sty)
(C:\Users\bensl\AppData\Local\Programs\MiKTeX\tex/latex/beamer\beamerinnertheme
default.sty
\beamer@dima=\dimen292
\beamer@dimb=\dimen293
)
(C:\Users\bensl\AppData\Local\Programs\MiKTeX\tex/latex/beamer\beameroutertheme
default.sty)))
\c@thm=\count336

(C:\Users\bensl\AppData\Local\Programs\MiKTeX\tex/latex/beamer\beamerthemesplit
.sty
(C:\Users\bensl\AppData\Local\Programs\MiKTeX\tex/latex/beamer\beamercolortheme
whale.sty)
(C:\Users\bensl\AppData\Local\Programs\MiKTeX\tex/latex/beamer\beameroutertheme
split.sty)
(C:\Users\bensl\AppData\Local\Programs\MiKTeX\tex/latex/beamer\beamerfontthemes
tructurebold.sty))
(C:\Users\bensl\AppData\Local\Programs\MiKTeX\tex/latex/graphics\epsfig.sty
Package: epsfig 2017/06/25 v1.7b (e)psfig emulation (SPQR)
\epsfxsize=\dimen294
\epsfysize=\dimen295
)
(C:\Users\bensl\AppData\Local\Programs\MiKTeX\tex/latex/tools\array.sty
Package: array 2023/10/16 v2.5g Tabular extension package (FMi)
\col@sep=\dimen296
\ar@mcellbox=\box76
\extrarowheight=\dimen297
\NC@list=\toks46
\extratabsurround=\skip65
\backup@length=\skip66
\ar@cellbox=\box77
)
(C:\Users\bensl\AppData\Local\Programs\MiKTeX\tex/latex/subfigure\subfigure.sty
Package: subfigure 2002/07/30 v2.1.4 subfigure package
\subfigtopskip=\skip67
\subfigcapskip=\skip68
\subfigcaptopadj=\dimen298
\subfigbottomskip=\skip69
\subfigcapmargin=\dimen299
\subfiglabelskip=\skip70
\c@subfigure=\count337
\c@lofdepth=\count338
\c@subtable=\count339
\c@lotdepth=\count340
****************************************
* Local config file subfigure.cfg used *
****************************************

(C:\Users\bensl\AppData\Local\Programs\MiKTeX\tex/latex/subfigure\subfigure.cfg
)
\subfig@top=\skip71
\subfig@bottom=\skip72
)
(C:\Users\bensl\AppData\Local\Programs\MiKTeX\tex/latex/graphics\rotating.sty
Package: rotating 2016/08/11 v2.16d rotated objects in LaTeX

(C:\Users\bensl\AppData\Local\Programs\MiKTeX\tex/latex/base\ifthen.sty
Package: ifthen 2022/04/13 v1.1d Standard LaTeX ifthen package (DPC)
)
\c@r@tfl@t=\count341
\rotFPtop=\skip73
\rotFPbot=\skip74
\rot@float@box=\box78
\rot@mess@toks=\toks47
)
(C:\Users\bensl\AppData\Local\Programs\MiKTeX\tex/generic/texdraw\texdraw.sty
(C:\Users\bensl\AppData\Local\Programs\MiKTeX\tex/generic/texdraw\texdraw.tex
\t@counta=\count342
\t@countb=\count343
\t@countc=\count344
\t@countd=\count345
\t@counte=\count346
\t@pixa=\count347
\t@pixb=\count348
\t@pixc=\count349
\t@pixd=\count350
\t@xpos=\dimen300
\t@ypos=\dimen301
\xminpix=\count351
\xmaxpix=\count352
\yminpix=\count353
\ymaxpix=\count354
\a@lenpix=\count355
\a@widpix=\count356
\x@pix=\count357
\y@pix=\count358
\x@segoffpix=\count359
\y@segoffpix=\count360
\x@savepix=\count361
\y@savepix=\count362
\s@ppix=\count363
\d@bs=\count364
\t@xdnum=\count365
\t@xdbox=\box79
\drawfile=\write5
\everytexdraw=\toks48
)
Package: texdraw 2019/04/18 TeXdraw V2R3
) (C:\Users\bensl\AppData\Local\Programs\MiKTeX\tex/latex/beamer\multimedia.sty
Package: multimedia 2012/05/02 ver 0.02

(C:\Users\bensl\AppData\Local\Programs\MiKTeX\tex/generic/iftex\ifpdf.sty
Package: ifpdf 2019/10/25 v3.4 ifpdf legacy package. Use iftex instead.
)
\mm@movie=\count366
)
(C:\Users\bensl\AppData\Local\Programs\MiKTeX\tex/latex/psfrag\psfrag.sty
Package: psfrag 1998/04/11 v3.04 PSfrag (MCG)
\pfg@pcount=\count367
\pfg@scount=\count368
\pfg@temp=\write6
)
(C:\Users\bensl\AppData\Local\Programs\MiKTeX\tex/generic/babel\babel.sty
Package: babel 2024/01/07 v24.1 The Babel package
\babel@savecnt=\count369
\U@D=\dimen302
\l@unhyphenated=\language79

(C:\Users\bensl\AppData\Local\Programs\MiKTeX\tex/generic/babel\txtbabel.def)
\bbl@readstream=\read3
LaTeX Info: Redefining \textlatin on input line 3986.
\bbl@dirlevel=\count370

*************************************
* Local config file bblopts.cfg used
*
(C:\Users\bensl\AppData\Local\Programs\MiKTeX\tex/latex/arabi\bblopts.cfg
File: bblopts.cfg 2005/09/08 v0.1 add Arabic and Farsi to "declared" options of
 babel
)
(C:\Users\bensl\AppData\Local\Programs\MiKTeX\tex/latex/babel-english\english.l
df
Language: english 2017/06/06 v3.3r English support from the babel system
Package babel Info: Hyphen rules for 'canadian' set to \l@english
(babel)             (\language0). Reported on input line 102.
Package babel Info: Hyphen rules for 'australian' set to \l@ukenglish
(babel)             (\language73). Reported on input line 105.
Package babel Info: Hyphen rules for 'newzealand' set to \l@ukenglish
(babel)             (\language73). Reported on input line 108.
))
(C:\Users\bensl\AppData\Local\Programs\MiKTeX\tex/generic/babel/locale/en\babel
-english.tex
Package babel Info: Importing font and identification data for english
(babel)             from babel-en.ini. Reported on input line 11.
)
(C:\Users\bensl\AppData\Local\Programs\MiKTeX\tex/latex/caption\caption.sty
Package: caption 2023/08/05 v3.6o Customizing captions (AR)

(C:\Users\bensl\AppData\Local\Programs\MiKTeX\tex/latex/caption\caption3.sty
Package: caption3 2023/07/31 v2.4d caption3 kernel (AR)
\caption@tempdima=\dimen303
\captionmargin=\dimen304
\caption@leftmargin=\dimen305
\caption@rightmargin=\dimen306
\caption@width=\dimen307
\caption@indent=\dimen308
\caption@parindent=\dimen309
\caption@hangindent=\dimen310
Package caption Info: beamer document class detected.

(C:\Users\bensl\AppData\Local\Programs\MiKTeX\tex/latex/caption\caption-beamer.
sto
File: caption-beamer.sto 2022/01/06 v2.0c Adaption of the caption package to th
e beamer document classes (AR)
))
\c@caption@flags=\count371
\c@continuedfloat=\count372
Package caption Info: hyperref package is loaded.
Package caption Info: Hyperref support is turned off
(caption)             because hyperref has stopped early.
Package caption Info: rotating package is loaded.
Package caption Info: subfigure package is loaded.
)
(C:\Users\bensl\AppData\Local\Programs\MiKTeX\tex/latex/tabularray\tabularray.s
ty
Package: tabularray 2025-11-27 v2025C Typeset tabulars and arrays with LaTeX3

(C:\Users\bensl\AppData\Local\Programs\MiKTeX\tex/latex/ninecolors\ninecolors.s
ty
Package: ninecolors 2022-02-13 v2022D Select colors with proper color contrast

(C:\Users\bensl\AppData\Local\Programs\MiKTeX\tex/latex/l3packages/xparse\xpars
e.sty
(C:\Users\bensl\AppData\Local\Programs\MiKTeX\tex/latex/l3kernel\expl3.sty
Package: expl3 2024-01-04 L3 programming layer (loader) 

(C:\Users\bensl\AppData\Local\Programs\MiKTeX\tex/latex/l3backend\l3backend-pdf
tex.def
File: l3backend-pdftex.def 2024-01-04 L3 backend support: PDF output (pdfTeX)
\l__color_backend_stack_int=\count373
\l__pdf_internal_box=\box80
))
Package: xparse 2023-10-10 L3 Experimental document command parser
))
\g__tblr_nohyper_int=\count374
\l__tblr_a_int=\count375
\l__tblr_c_int=\count376
\l__tblr_r_int=\count377
\l__tblr_d_dim=\dimen311
\l__tblr_h_dim=\dimen312
\l__tblr_o_dim=\dimen313
\l__tblr_p_dim=\dimen314
\l__tblr_q_dim=\dimen315
\l__tblr_r_dim=\dimen316
\l__tblr_s_dim=\dimen317
\l__tblr_t_dim=\dimen318
\l__tblr_v_dim=\dimen319
\l__tblr_w_dim=\dimen320
\l__tblr_a_box=\box81
\l__tblr_b_box=\box82
\l__tblr_c_box=\box83
\l__tblr_d_box=\box84
\c@tblrcount=\count378
\c@rownum=\count379
\c@colnum=\count380
\c@rowcount=\count381
\c@colcount=\count382
\abovesep=\dimen321
\belowsep=\dimen322
\leftsep=\dimen323
\rightsep=\dimen324
\gTblrLevelInt=\count383
\g__tblr_data_row_key_count_int=\count384
\g__tblr_data_column_key_count_int=\count385
\g__tblr_data_cell_key_count_int=\count386
\g__tblr_array_int=\count387
\l__tblr_key_count_int=\count388
\l__tblr_key_quotient_int=\count389
\l__tblr_key_quotient_two_int=\count390
\l__tblr_key_remainder_int=\count391
\g__tblr_data_str_value_count_int=\count392
\lTblrChildTotalInt=\count393
\lTblrChildHtotalInt=\count394
\lTblrChildVtotalInt=\count395
\l__child_diff_h_int=\count396
\l__child_diff_v_int=\count397
\l__child_sign_h_int=\count398
\l__child_sign_v_int=\count399
\l__child_step_int=\count400
\lTblrDefaultHruleWidthDim=\dimen325
\lTblrDefaultVruleWidthDim=\dimen326
\l__tblr_split_balance_int=\count401
\l__tblr_strut_dp_dim=\dimen327
\l__tblr_strut_ht_dim=\dimen328
\g__tblr_cell_wd_dim=\dimen329
\g__tblr_cell_ht_dim=\dimen330
\g__tblr_cell_head_dim=\dimen331
\g__tblr_cell_foot_dim=\dimen332
\l__tblr_measured_cell_box=\box85
\g__tblr_last_box=\box86
\l__tblr_temp_box=\box87
\l__tblr_column_target_dim=\dimen333
\l__tblr_hfuzz_dim=\dimen334
\l__tblr_caption_box=\box88
\l__tblr_caption_left_box=\box89
\lTblrRowHeadInt=\count402
\lTblrRowFootInt=\count403
\l__tblr_row_head_box=\box90
\l__tblr_row_foot_box=\box91
\l__tblr_row_head_foot_dim=\dimen335
\lTblrTableWidthDim=\dimen336
\l__tblr_table_firsthead_box=\box92
\l__tblr_table_middlehead_box=\box93
\l__tblr_table_lasthead_box=\box94
\l__tblr_table_firstfoot_box=\box95
\l__tblr_table_middlefoot_box=\box96
\l__tblr_table_lastfoot_box=\box97
\l__tblr_remain_height_dim=\dimen337
\l__tblr_next_rows_dim=\dimen338
\l__tblr_page_overfill_dim=\dimen339
\l__tblr_long_from_int=\count404
\l__tblr_long_to_int=\count405
\l__tblr_curr_i_int=\count406
\l__tblr_prev_i_int=\count407
\lTblrTablePageInt=\count408
\l__tblr_table_head_box=\box98
\l__tblr_table_foot_box=\box99
\l__tblr_table_head_foot_dim=\dimen340
\l__tblr_table_head_body_foot_dim=\dimen341
\l__tblr_table_box=\box100
\lTblrRowFirstInt=\count409
\lTblrRowLastInt=\count410
\l__tblr_cover_box_a_dim=\dimen342
\l__tblr_cover_box_b_dim=\dimen343
\l__tblr_table_hlines_box=\box101
\l__tblr_hline_box=\box102
\l__tblr_row_box=\box103
\l__tblr_col_o_wd_dim=\dimen344
\l__tblr_col_b_wd_dim=\dimen345
\l__tblr_hline_leftskip_dim=\dimen346
\l__tblr_hline_rightskip_dim=\dimen347
\l__tblr_row_ht_dim=\dimen348
\l__tblr_row_dp_dim=\dimen349
\l__tblr_row_abovesep_dim=\dimen350
\l__tblr_row_belowsep_dim=\dimen351
\l__tblr_row_vlines_box=\box104
\l__tblr_vline_box=\box105
\l__tblr_cell_box=\box106
\l__tblr_row_upper_dim=\dimen352
\l__tblr_row_lower_dim=\dimen353
\l__tblr_row_vpace_dim=\dimen354
\l__tblr_vline_aboveskip_dim=\dimen355
\l__tblr_vline_belowskip_dim=\dimen356
\lTblrCellRowSpanInt=\count411
\lTblrCellColSpanInt=\count412
\l__tblr_cell_wd_dim=\dimen357
\l__tblr_cell_ht_dim=\dimen358
\lTblrCellAboveBorderWidthDim=\dimen359
\lTblrCellBelowBorderWidthDim=\dimen360
\lTblrCellLeftBorderWidthDim=\dimen361
\lTblrCellRightBorderWidthDim=\dimen362
\l__tblr_diag_box=\box107
\l__tblr_cell_inner_wd_dim=\dimen363
\l__tblr_cell_inner_dp_dim=\dimen364
\l__tblr_cell_hanchor_dim=\dimen365
\l__tblr_last_cell_table_ht_dim=\dimen366
\l__tblr_last_cell_table_dp_dim=\dimen367
\l__tblr_last_vline_wd_dim=\dimen368
\l__tblr_tikz_node_box=\box108
)
(C:\Users\bensl\AppData\Local\Programs\MiKTeX\tex/latex/comment\comment.sty
\CommentStream=\write7

Excluding comment 'comment')

Package hyperref Warning: Token not allowed in a PDF string (Unicode):
(hyperref)                removing `math shift' on input line 209.


Package hyperref Warning: Token not allowed in a PDF string (Unicode):
(hyperref)                removing `\@@underline' on input line 209.


Package hyperref Warning: Token not allowed in a PDF string (Unicode):
(hyperref)                removing `\hbox' on input line 209.


Package hyperref Warning: Token not allowed in a PDF string (Unicode):
(hyperref)                removing `\mathsurround' on input line 209.


Package hyperref Warning: Token not allowed in a PDF string (Unicode):
(hyperref)                removing `\z@' on input line 209.


Package hyperref Warning: Token not allowed in a PDF string (Unicode):
(hyperref)                removing `math shift' on input line 209.


Package hyperref Warning: Token not allowed in a PDF string (Unicode):
(hyperref)                removing `math shift' on input line 209.


Package hyperref Warning: Token not allowed in a PDF string (Unicode):
(hyperref)                removing `superscript' on input line 209.


Package hyperref Warning: Token not allowed in a PDF string (Unicode):
(hyperref)                removing `math shift' on input line 209.


Package hyperref Warning: Token not allowed in a PDF string (Unicode):
(hyperref)                removing `math shift' on input line 209.


Package hyperref Warning: Token not allowed in a PDF string (Unicode):
(hyperref)                removing `superscript' on input line 209.


Package hyperref Warning: Token not allowed in a PDF string (Unicode):
(hyperref)                removing `math shift' on input line 209.


Package hyperref Warning: Token not allowed in a PDF string (Unicode):
(hyperref)                removing `math shift' on input line 209.


Package hyperref Warning: Token not allowed in a PDF string (Unicode):
(hyperref)                removing `superscript' on input line 209.


Package hyperref Warning: Token not allowed in a PDF string (Unicode):
(hyperref)                removing `math shift' on input line 209.

(EulerVoigt_Optimization_AIMS_Seminar.aux)
\openout1 = `EulerVoigt_Optimization_AIMS_Seminar.aux'.

LaTeX Font Info:    Checking defaults for OML/cmm/m/it on input line 223.
LaTeX Font Info:    ... okay on input line 223.
LaTeX Font Info:    Checking defaults for OMS/cmsy/m/n on input line 223.
LaTeX Font Info:    ... okay on input line 223.
LaTeX Font Info:    Checking defaults for OT1/cmr/m/n on input line 223.
LaTeX Font Info:    ... okay on input line 223.
LaTeX Font Info:    Checking defaults for T1/cmr/m/n on input line 223.
LaTeX Font Info:    ... okay on input line 223.
LaTeX Font Info:    Checking defaults for TS1/cmr/m/n on input line 223.
LaTeX Font Info:    ... okay on input line 223.
LaTeX Font Info:    Checking defaults for OMX/cmex/m/n on input line 223.
LaTeX Font Info:    ... okay on input line 223.
LaTeX Font Info:    Checking defaults for U/cmr/m/n on input line 223.
LaTeX Font Info:    ... okay on input line 223.
LaTeX Font Info:    Checking defaults for PD1/pdf/m/n on input line 223.
LaTeX Font Info:    ... okay on input line 223.
LaTeX Font Info:    Checking defaults for PU/pdf/m/n on input line 223.
LaTeX Font Info:    ... okay on input line 223.

*geometry* driver: auto-detecting
*geometry* detected driver: pdftex
*geometry* verbose mode - [ preamble ] result:
* driver: pdftex
* paper: custom
* layout: <same size as paper>
* layoutoffset:(h,v)=(0.0pt,0.0pt)
* modes: includehead includefoot 
* h-part:(L,W,R)=(28.45274pt, 307.28987pt, 28.45274pt)
* v-part:(T,H,B)=(0.0pt, 273.14662pt, 0.0pt)
* \paperwidth=364.19536pt
* \paperheight=273.14662pt
* \textwidth=307.28987pt
* \textheight=244.6939pt
* \oddsidemargin=-43.81725pt
* \evensidemargin=-43.81725pt
* \topmargin=-72.26999pt
* \headheight=14.22636pt
* \headsep=0.0pt
* \topskip=11.0pt
* \footskip=14.22636pt
* \marginparwidth=4.0pt
* \marginparsep=10.0pt
* \columnsep=10.0pt
* \skip\footins=10.0pt plus 4.0pt minus 2.0pt
* \hoffset=0.0pt
* \voffset=0.0pt
* \mag=1000
* \@twocolumnfalse
* \@twosidefalse
* \@mparswitchfalse
* \@reversemarginfalse
* (1in=72.27pt=25.4mm, 1cm=28.453pt)


(C:\Users\bensl\AppData\Local\Programs\MiKTeX\tex/context/base/mkii\supp-pdf.mk
ii
[Loading MPS to PDF converter (version 2006.09.02).]
\scratchcounter=\count413
\scratchdimen=\dimen369
\scratchbox=\box109
\nofMPsegments=\count414
\nofMParguments=\count415
\everyMPshowfont=\toks49
\MPscratchCnt=\count416
\MPscratchDim=\dimen370
\MPnumerator=\count417
\makeMPintoPDFobject=\count418
\everyMPtoPDFconversion=\toks50
)
(C:\Users\bensl\AppData\Local\Programs\MiKTeX\tex/latex/epstopdf-pkg\epstopdf-b
ase.sty
Package: epstopdf-base 2020-01-24 v2.11 Base part for package epstopdf
Package epstopdf-base Info: Redefining graphics rule for `.eps' on input line 4
85.

(C:\Users\bensl\AppData\Local\Programs\MiKTeX\tex/latex/00miktex\epstopdf-sys.c
fg
File: epstopdf-sys.cfg 2021/03/18 v2.0 Configuration of epstopdf for MiKTeX
))
Package hyperref Info: Link coloring OFF on input line 223.
 (EulerVoigt_Optimization_AIMS_Seminar.out)
(EulerVoigt_Optimization_AIMS_Seminar.out)
\@outlinefile=\write8
\openout8 = `EulerVoigt_Optimization_AIMS_Seminar.out'.

LaTeX Font Info:    Overwriting symbol font `operators' in version `normal'
(Font)                  OT1/cmr/m/n --> OT1/cmss/m/n on input line 223.
LaTeX Font Info:    Overwriting symbol font `operators' in version `bold'
(Font)                  OT1/cmr/bx/n --> OT1/cmss/b/n on input line 223.
\symnumbers=\mathgroup6
\sympureletters=\mathgroup7
LaTeX Font Info:    Overwriting math alphabet `\mathrm' in version `normal'
(Font)                  OT1/cmss/m/n --> OT1/cmr/m/n on input line 223.
LaTeX Font Info:    Redeclaring math alphabet \mathbf on input line 223.
LaTeX Font Info:    Overwriting math alphabet `\mathbf' in version `normal'
(Font)                  OT1/cmr/bx/n --> OT1/cmss/b/n on input line 223.
LaTeX Font Info:    Overwriting math alphabet `\mathbf' in version `bold'
(Font)                  OT1/cmr/bx/n --> OT1/cmss/b/n on input line 223.
LaTeX Font Info:    Redeclaring math alphabet \mathsf on input line 223.
LaTeX Font Info:    Overwriting math alphabet `\mathsf' in version `normal'
(Font)                  OT1/cmss/m/n --> OT1/cmss/m/n on input line 223.
LaTeX Font Info:    Overwriting math alphabet `\mathsf' in version `bold'
(Font)                  OT1/cmss/bx/n --> OT1/cmss/m/n on input line 223.
LaTeX Font Info:    Redeclaring math alphabet \mathit on input line 223.
LaTeX Font Info:    Overwriting math alphabet `\mathit' in version `normal'
(Font)                  OT1/cmr/m/it --> OT1/cmss/m/it on input line 223.
LaTeX Font Info:    Overwriting math alphabet `\mathit' in version `bold'
(Font)                  OT1/cmr/bx/it --> OT1/cmss/m/it on input line 223.
LaTeX Font Info:    Redeclaring math alphabet \mathtt on input line 223.
LaTeX Font Info:    Overwriting math alphabet `\mathtt' in version `normal'
(Font)                  OT1/cmtt/m/n --> OT1/cmtt/m/n on input line 223.
LaTeX Font Info:    Overwriting math alphabet `\mathtt' in version `bold'
(Font)                  OT1/cmtt/m/n --> OT1/cmtt/m/n on input line 223.
LaTeX Font Info:    Overwriting symbol font `numbers' in version `bold'
(Font)                  OT1/cmss/m/n --> OT1/cmss/b/n on input line 223.
LaTeX Font Info:    Overwriting symbol font `pureletters' in version `bold'
(Font)                  OT1/cmss/m/it --> OT1/cmss/b/it on input line 223.
LaTeX Font Info:    Overwriting math alphabet `\mathrm' in version `bold'
(Font)                  OT1/cmss/b/n --> OT1/cmr/b/n on input line 223.
LaTeX Font Info:    Overwriting math alphabet `\mathbf' in version `bold'
(Font)                  OT1/cmss/b/n --> OT1/cmss/b/n on input line 223.
LaTeX Font Info:    Overwriting math alphabet `\mathsf' in version `bold'
(Font)                  OT1/cmss/m/n --> OT1/cmss/b/n on input line 223.
LaTeX Font Info:    Overwriting math alphabet `\mathit' in version `bold'
(Font)                  OT1/cmss/m/it --> OT1/cmss/b/it on input line 223.
LaTeX Font Info:    Overwriting math alphabet `\mathtt' in version `bold'
(Font)                  OT1/cmtt/m/n --> OT1/cmtt/b/n on input line 223.
LaTeX Font Info:    Redeclaring symbol font `pureletters' on input line 223.
LaTeX Font Info:    Overwriting symbol font `pureletters' in version `normal'
(Font)                  OT1/cmss/m/it --> OT1/mathkerncmss/m/sl on input line 2
23.
LaTeX Font Info:    Overwriting symbol font `pureletters' in version `bold'
(Font)                  OT1/cmss/b/it --> OT1/mathkerncmss/m/sl on input line 2
23.
LaTeX Font Info:    Overwriting symbol font `pureletters' in version `bold'
(Font)                  OT1/mathkerncmss/m/sl --> OT1/mathkerncmss/bx/sl on inp
ut line 223.

(C:\Users\bensl\AppData\Local\Programs\MiKTeX\tex/latex/translator\translator-b
asic-dictionary-English.dict
Dictionary: translator-basic-dictionary, Language: English 
)
(C:\Users\bensl\AppData\Local\Programs\MiKTeX\tex/latex/translator\translator-b
ibliography-dictionary-English.dict
Dictionary: translator-bibliography-dictionary, Language: English 
)
(C:\Users\bensl\AppData\Local\Programs\MiKTeX\tex/latex/translator\translator-e
nvironment-dictionary-English.dict
Dictionary: translator-environment-dictionary, Language: English 
)
(C:\Users\bensl\AppData\Local\Programs\MiKTeX\tex/latex/translator\translator-m
onths-dictionary-English.dict
Dictionary: translator-months-dictionary, Language: English 
)
(C:\Users\bensl\AppData\Local\Programs\MiKTeX\tex/latex/translator\translator-n
umbers-dictionary-English.dict
Dictionary: translator-numbers-dictionary, Language: English 
)
(C:\Users\bensl\AppData\Local\Programs\MiKTeX\tex/latex/translator\translator-t
heorem-dictionary-English.dict
Dictionary: translator-theorem-dictionary, Language: English 
)
Package caption Info: Begin \AtBeginDocument code.
Package caption Info: End \AtBeginDocument code.
 (EulerVoigt_Optimization_AIMS_Seminar.nav)
LaTeX Font Info:    Trying to load font information for U+msa on input line 223
.

(C:\Users\bensl\AppData\Local\Programs\MiKTeX\tex/latex/amsfonts\umsa.fd
File: umsa.fd 2013/01/14 v3.01 AMS symbols A
)
LaTeX Font Info:    Trying to load font information for U+msb on input line 223
.

(C:\Users\bensl\AppData\Local\Programs\MiKTeX\tex/latex/amsfonts\umsb.fd
File: umsb.fd 2013/01/14 v3.01 AMS symbols B
)
LaTeX Font Info:    Trying to load font information for OT1+mathkerncmss on inp
ut line 223.

(C:\Users\bensl\AppData\Local\Programs\MiKTeX\tex/latex/sansmathaccent\ot1mathk
erncmss.fd
File: ot1mathkerncmss.fd 2020/01/31 Fontinst v1.933 font definitions for OT1/ma
thkerncmss.
)

LaTeX Font Warning: Font shape `OT1/cmss/m/sc' in size <8> not available
(Font)              Font shape `OT1/cmr/m/sc' tried instead on input line 225.

[1
Non-PDF special ignored!
<special> header=psfrag.pro
{C:/Users/bensl/AppData/Local/MiKTeX/fonts/map/pdftex/pdftex.map}

]
(EulerVoigt_Optimization_AIMS_Seminar.toc) [2

] [3

]
LaTeX Font Info:    Font shape `OT1/cmss/b/n' in size <10> not available
(Font)              Font shape `OT1/cmss/bx/n' tried instead on input line 287.

LaTeX Font Info:    Font shape `OT1/cmss/b/n' in size <7> not available
(Font)              Font shape `OT1/cmss/bx/n' tried instead on input line 287.

LaTeX Font Info:    Font shape `OT1/cmss/b/n' in size <5> not available
(Font)              Font shape `OT1/cmss/bx/n' tried instead on input line 287.

LaTeX Font Info:    Font shape `OT1/cmss/b/n' in size <10.95> not available
(Font)              Font shape `OT1/cmss/bx/n' tried instead on input line 287.

LaTeX Font Info:    Font shape `OT1/cmss/b/n' in size <8> not available
(Font)              Font shape `OT1/cmss/bx/n' tried instead on input line 287.

LaTeX Font Info:    Font shape `OT1/cmss/b/n' in size <6> not available
(Font)              Font shape `OT1/cmss/bx/n' tried instead on input line 287.

LaTeX Font Info:    Trying to load font information for TS1+cmss on input line 
287.

(C:\Users\bensl\AppData\Local\Programs\MiKTeX\tex/latex/base\ts1cmss.fd
File: ts1cmss.fd 2023/04/13 v2.5m Standard LaTeX font definitions
)
Overfull \hbox (10.55711pt too wide) in paragraph at lines 287--287
[]|   $[]$  
 []

[4

]
Overfull \hbox (10.55711pt too wide) in paragraph at lines 287--287
[]|   $[]$  
 []

[5

]
Overfull \hbox (10.55711pt too wide) in paragraph at lines 287--287
[]|   $[]$  
 []

[6

]
Overfull \hbox (10.55711pt too wide) in paragraph at lines 326--326
[]|   $[]$  
 []

[7

]
Overfull \hbox (10.55711pt too wide) in paragraph at lines 326--326
[]|   $[]$  
 []

[8

]
Overfull \hbox (10.55711pt too wide) in paragraph at lines 326--326
[]|   $[]$  
 []

[9

]
Overfull \hbox (10.55711pt too wide) in paragraph at lines 362--362
[]|   $[]$  
 []

[10

]
Overfull \hbox (10.55711pt too wide) in paragraph at lines 362--362
[]|   $[]$  
 []

[11

]
Overfull \hbox (10.55711pt too wide) in paragraph at lines 362--362
[]|   $[]$  
 []

[12

]
Overfull \hbox (10.55711pt too wide) in paragraph at lines 392--392
[]|   $[]$  
 []

[13

]
Overfull \hbox (10.55711pt too wide) in paragraph at lines 412--412
[]|   $[]$  
 []

[14

]
Overfull \hbox (10.55711pt too wide) in paragraph at lines 437--437
[]|   $[]$  
 []

[15

] Excluding 'comment' comment.
Overfull \hbox (10.55711pt too wide) in paragraph at lines 549--549
[]|   $[]$  
 []

[16

]
Overfull \hbox (10.55711pt too wide) in paragraph at lines 549--549
[]|   $[]$  
 []

[17

]
Overfull \hbox (10.55711pt too wide) in paragraph at lines 549--549
[]|   $[]$  
 []

[18

]
Overfull \hbox (10.55711pt too wide) in paragraph at lines 580--580
[]|   $[]$  
 []

[19

]
Overfull \hbox (10.55711pt too wide) in paragraph at lines 580--580
[]|   $[]$  
 []

[20

]
Overfull \hbox (10.55711pt too wide) in paragraph at lines 580--580
[]|   $[]$  
 []

[21

]
Overfull \hbox (10.55711pt too wide) in paragraph at lines 612--612
[]|   $[]$  
 []

[22

]
Overfull \hbox (10.55711pt too wide) in paragraph at lines 612--612
[]|   $[]$  
 []

[23

]
Overfull \hbox (10.55711pt too wide) in paragraph at lines 612--612
[]|   $[]$  
 []

[24

]
Overfull \hbox (10.55711pt too wide) in paragraph at lines 642--642
[]|   $[]$  
 []

[25

]
Overfull \hbox (10.55711pt too wide) in paragraph at lines 642--642
[]|   $[]$  
 []

[26

]
Overfull \hbox (10.55711pt too wide) in paragraph at lines 642--642
[]|   $[]$  
 []

[27

]
<interplay_vorticity_b.png, id=536, 407.121pt x 228.855pt>
File: interplay_vorticity_b.png Graphic file (type png)
<use interplay_vorticity_b.png>
Package pdftex.def Info: interplay_vorticity_b.png  used on input line 677.
(pdftex.def)             Requested size: 138.2785pt x 77.72934pt.
<Figure_1.png, id=537, 488.5452pt x 274.626pt>
File: Figure_1.png Graphic file (type png)
<use Figure_1.png>
Package pdftex.def Info: Figure_1.png  used on input line 677.
(pdftex.def)             Requested size: 138.2785pt x 77.72865pt.

Overfull \hbox (10.55711pt too wide) in paragraph at lines 677--677
[]|   $[]$  
 []

[28

 <./interplay_vorticity_b.png> <./Figure_1.png>] [29

]
Overfull \hbox (10.55711pt too wide) in paragraph at lines 714--714
[]|   $[]$  
 []

[30

]
Overfull \hbox (10.55711pt too wide) in paragraph at lines 714--714
[]|   $[]$  
 []

[31

]
Overfull \hbox (10.55711pt too wide) in paragraph at lines 714--714
[]|   $[]$  
 []

[32

]
Overfull \hbox (3.70981pt too wide) detected at line 761
[]
 []


Overfull \hbox (14.26692pt too wide) in paragraph at lines 761--761
[]|   $[]$  
 []

[33

]
Overfull \hbox (3.70981pt too wide) detected at line 761
[]
 []


Overfull \hbox (14.26692pt too wide) in paragraph at lines 761--761
[]|   $[]$  
 []

[34

]
Overfull \hbox (3.70981pt too wide) detected at line 761
[]
 []


Overfull \hbox (14.26692pt too wide) in paragraph at lines 761--761
[]|   $[]$  
 []

[35

]
Overfull \hbox (6.01237pt too wide) detected at line 821
[]
 []


Overfull \hbox (16.56949pt too wide) in paragraph at lines 821--821
[]|   $[]$  
 []

[36

]
Overfull \hbox (6.01237pt too wide) detected at line 821
[]
 []


Overfull \hbox (16.56949pt too wide) in paragraph at lines 821--821
[]|   $[]$  
 []

[37

]
Overfull \hbox (10.55711pt too wide) in paragraph at lines 853--853
[]|   $[]$  
 []

[38

]
Overfull \hbox (10.55711pt too wide) in paragraph at lines 853--853
[]|   $[]$  
 []

[39

]
Overfull \hbox (10.55711pt too wide) in paragraph at lines 853--853
[]|   $[]$  
 []

[40

]
Overfull \hbox (10.55711pt too wide) in paragraph at lines 876--876
[]|   $[]$  
 []

[41

]
Overfull \hbox (10.55711pt too wide) in paragraph at lines 876--876
[]|   $[]$  
 []

[42

]
Overfull \hbox (10.55711pt too wide) in paragraph at lines 876--876
[]|   $[]$  
 []

[43

]
Overfull \hbox (10.55711pt too wide) in paragraph at lines 911--911
[]|   $[]$  
 []

[44

]
Overfull \hbox (10.55711pt too wide) in paragraph at lines 911--911
[]|   $[]$  
 []

[45

]
Overfull \hbox (10.55711pt too wide) in paragraph at lines 911--911
[]|   $[]$  
 []

[46

]
Overfull \hbox (10.55711pt too wide) in paragraph at lines 946--946
[]|   $[]$  
 []

[47

]
Overfull \hbox (10.55711pt too wide) in paragraph at lines 946--946
[]|   $[]$  
 []

[48

]
Overfull \hbox (10.55711pt too wide) in paragraph at lines 946--946
[]|   $[]$  
 []

[49

]
Overfull \hbox (10.55711pt too wide) in paragraph at lines 989--989
[]|   $[]$  
 []


Overfull \vbox (1.83725pt too high) detected at line 989
 []

[50

]
Overfull \hbox (10.55711pt too wide) in paragraph at lines 989--989
[]|   $[]$  
 []


Overfull \vbox (1.83725pt too high) detected at line 989
 []

[51

]
Overfull \hbox (10.55711pt too wide) in paragraph at lines 989--989
[]|   $[]$  
 []


Overfull \vbox (1.83725pt too high) detected at line 989
 []

[52

]
Overfull \hbox (10.55711pt too wide) in paragraph at lines 989--989
[]|   $[]$  
 []


Overfull \vbox (1.83725pt too high) detected at line 989
 []

[53

]
<riemannian_1.png, id=931, 831.105pt x 391.4625pt>
File: riemannian_1.png Graphic file (type png)
<use riemannian_1.png>
Package pdftex.def Info: riemannian_1.png  used on input line 1003.
(pdftex.def)             Requested size: 307.28766pt x 144.7373pt.

Overfull \hbox (10.55711pt too wide) in paragraph at lines 1003--1003
[]|   $[]$  
 []

[54

 <./riemannian_1.png>]
<riemannian_2.png, id=951, 831.105pt x 391.4625pt>
File: riemannian_2.png Graphic file (type png)
<use riemannian_2.png>
Package pdftex.def Info: riemannian_2.png  used on input line 1017.
(pdftex.def)             Requested size: 307.28766pt x 144.7373pt.

Overfull \hbox (10.55711pt too wide) in paragraph at lines 1017--1017
[]|   $[]$  
 []

[55

 <./riemannian_2.png>]
<riemannian_3.png, id=972, 831.105pt x 391.4625pt>
File: riemannian_3.png Graphic file (type png)
<use riemannian_3.png>
Package pdftex.def Info: riemannian_3.png  used on input line 1031.
(pdftex.def)             Requested size: 307.28766pt x 144.7373pt.

Overfull \hbox (10.55711pt too wide) in paragraph at lines 1031--1031
[]|   $[]$  
 []

[56

 <./riemannian_3.png>]
<riemannian.png, id=992, 831.105pt x 391.4625pt>
File: riemannian.png Graphic file (type png)
<use riemannian.png>
Package pdftex.def Info: riemannian.png  used on input line 1044.
(pdftex.def)             Requested size: 307.28766pt x 144.7373pt.

Overfull \hbox (10.55711pt too wide) in paragraph at lines 1044--1044
[]|   $[]$  
 []

[57

 <./riemannian.png>]
Overfull \hbox (10.55711pt too wide) in paragraph at lines 1079--1079
[]|   $[]$  
 []

[58

]
Overfull \hbox (10.55711pt too wide) in paragraph at lines 1079--1079
[]|   $[]$  
 []

[59

]
Overfull \hbox (10.55711pt too wide) in paragraph at lines 1079--1079
[]|   $[]$  
 []

[60

]
Overfull \hbox (10.55711pt too wide) in paragraph at lines 1079--1079
[]|   $[]$  
 []

[61

]
Overfull \hbox (10.55711pt too wide) in paragraph at lines 1132--1132
[]|   $[]$  
 []

[62

]
Overfull \hbox (10.55711pt too wide) in paragraph at lines 1132--1132
[]|   $[]$  
 []

[63

]
Overfull \hbox (10.55711pt too wide) in paragraph at lines 1132--1132
[]|   $[]$  
 []

[64

]
Overfull \hbox (10.55711pt too wide) in paragraph at lines 1132--1132
[]|   $[]$  
 []

[65

]
Overfull \hbox (10.55711pt too wide) in paragraph at lines 1132--1132
[]|   $[]$  
 []

[66

]
Overfull \hbox (10.55711pt too wide) in paragraph at lines 1132--1132
[]|   $[]$  
 []

[67

]
Overfull \hbox (10.55711pt too wide) in paragraph at lines 1132--1132
[]|   $[]$  
 []

[68

]
Overfull \hbox (10.55711pt too wide) in paragraph at lines 1205--1205
[]|   $[]$  
 []

[69

]
Overfull \hbox (10.55711pt too wide) in paragraph at lines 1278--1278
[]|   $[]$  
 []

[70

]
Overfull \hbox (10.55711pt too wide) in paragraph at lines 1351--1351
[]|   $[]$  
 []

[71

]
Overfull \hbox (10.55711pt too wide) in paragraph at lines 1424--1424
[]|   $[]$  
 []

[72

]
Overfull \hbox (10.55711pt too wide) in paragraph at lines 1496--1496
[]|   $[]$  
 []

[73

]
Overfull \hbox (10.55711pt too wide) in paragraph at lines 1567--1567
[]|   $[]$  
 []

[74

]
Overfull \hbox (10.55711pt too wide) in paragraph at lines 1638--1638
[]|   $[]$  
 []

[75

]
Overfull \hbox (10.55711pt too wide) in paragraph at lines 1709--1709
[]|   $[]$  
 []

[76

] [77

] Excluding 'comment' comment.
<Figure_3.png, id=1332, 547.2947pt x 281.55188pt>
File: Figure_3.png Graphic file (type png)
<use Figure_3.png>
Package pdftex.def Info: Figure_3.png  used on input line 1855.
(pdftex.def)             Requested size: 287.57774pt x 147.94153pt.

Overfull \hbox (21.90005pt too wide) in paragraph at lines 1855--1855
[][]
 []


Underfull \hbox (badness 10000) in paragraph at lines 1855--1855

 []


Overfull \hbox (10.55711pt too wide) in paragraph at lines 1855--1855
[]|   $[]$  
 []

[78

 <./Figure_3.png>]
Overfull \hbox (10.55711pt too wide) in paragraph at lines 1880--1880
[]|   $[]$  
 []

[79

]
Overfull \hbox (10.55711pt too wide) in paragraph at lines 1880--1880
[]|   $[]$  
 []

[80

]
Overfull \hbox (10.55711pt too wide) in paragraph at lines 1880--1880
[]|   $[]$  
 []

[81

]
<larios_fig_3_T3_big.png, id=1396, 578.16pt x 289.08pt>
File: larios_fig_3_T3_big.png Graphic file (type png)
<use larios_fig_3_T3_big.png>
Package pdftex.def Info: larios_fig_3_T3_big.png  used on input line 1900.
(pdftex.def)             Requested size: 287.57774pt x 143.78535pt.

Overfull \hbox (21.90005pt too wide) in paragraph at lines 1900--1900
[][]
 []


Underfull \hbox (badness 10000) in paragraph at lines 1900--1900

 []


Overfull \hbox (10.55711pt too wide) in paragraph at lines 1900--1900
[]|   $[]$  
 []

[82

 <./larios_fig_3_T3_big.png>]
<larios_fig_3_T3.png, id=1418, 578.16pt x 289.08pt>
File: larios_fig_3_T3.png Graphic file (type png)
<use larios_fig_3_T3.png>
Package pdftex.def Info: larios_fig_3_T3.png  used on input line 1920.
(pdftex.def)             Requested size: 287.57774pt x 143.78535pt.

Overfull \hbox (21.90005pt too wide) in paragraph at lines 1920--1920
[][]
 []


Underfull \hbox (badness 10000) in paragraph at lines 1920--1920

 []


Overfull \hbox (10.55711pt too wide) in paragraph at lines 1920--1920
[]|   $[]$  
 []

[83

 <./larios_fig_3_T3.png>]
<larios_fig_3.png, id=1439, 578.16pt x 289.08pt>
File: larios_fig_3.png Graphic file (type png)
<use larios_fig_3.png>
Package pdftex.def Info: larios_fig_3.png  used on input line 1940.
(pdftex.def)             Requested size: 287.57774pt x 143.78535pt.

Overfull \hbox (21.90005pt too wide) in paragraph at lines 1940--1940
[][]
 []


Underfull \hbox (badness 10000) in paragraph at lines 1940--1940

 []


Overfull \hbox (10.55711pt too wide) in paragraph at lines 1940--1940
[]|   $[]$  
 []

[84

 <./larios_fig_3.png>]
<larios_fig_3_small.png, id=1460, 578.16pt x 289.08pt>
File: larios_fig_3_small.png Graphic file (type png)
<use larios_fig_3_small.png>
Package pdftex.def Info: larios_fig_3_small.png  used on input line 1960.
(pdftex.def)             Requested size: 287.57774pt x 143.78535pt.

Overfull \hbox (21.90005pt too wide) in paragraph at lines 1960--1960
[][]
 []


Underfull \hbox (badness 10000) in paragraph at lines 1960--1960

 []


Overfull \hbox (10.55711pt too wide) in paragraph at lines 1960--1960
[]|   $[]$  
 []

[85

 <./larios_fig_3_small.png>]
<larios_fig_3_inset.png, id=1482, 578.16pt x 289.08pt>
File: larios_fig_3_inset.png Graphic file (type png)
<use larios_fig_3_inset.png>
Package pdftex.def Info: larios_fig_3_inset.png  used on input line 1987.
(pdftex.def)             Requested size: 287.57774pt x 143.78535pt.

Overfull \hbox (21.90005pt too wide) in paragraph at lines 1987--1987
[][]
 []


Underfull \hbox (badness 10000) in paragraph at lines 1987--1987

 []


Overfull \hbox (10.55711pt too wide) in paragraph at lines 1987--1987
[]|   $[]$  
 []

[86

 <./larios_fig_3_inset.png>]
File: larios_fig_3_inset.png Graphic file (type png)
<use larios_fig_3_inset.png>
Package pdftex.def Info: larios_fig_3_inset.png  used on input line 1987.
(pdftex.def)             Requested size: 287.57774pt x 143.78535pt.

Overfull \hbox (21.90005pt too wide) in paragraph at lines 1987--1987
[][]
 []


Underfull \hbox (badness 10000) in paragraph at lines 1987--1987

 []


Overfull \hbox (10.55711pt too wide) in paragraph at lines 1987--1987
[]|   $[]$  
 []

[87

]
File: larios_fig_3_inset.png Graphic file (type png)
<use larios_fig_3_inset.png>
Package pdftex.def Info: larios_fig_3_inset.png  used on input line 1987.
(pdftex.def)             Requested size: 287.57774pt x 143.78535pt.

Overfull \hbox (21.90005pt too wide) in paragraph at lines 1987--1987
[][]
 []


Underfull \hbox (badness 10000) in paragraph at lines 1987--1987

 []


Overfull \hbox (10.55711pt too wide) in paragraph at lines 1987--1987
[]|   $[]$  
 []

[88

]
<maximization_R128_T3.png, id=1527, 578.16pt x 289.08pt>
File: maximization_R128_T3.png Graphic file (type png)
<use maximization_R128_T3.png>
Package pdftex.def Info: maximization_R128_T3.png  used on input line 2009.
(pdftex.def)             Requested size: 287.57774pt x 143.78535pt.

Overfull \hbox (21.90005pt too wide) in paragraph at lines 2009--2009
[][]
 []


Underfull \hbox (badness 10000) in paragraph at lines 2009--2009

 []


Overfull \hbox (10.55711pt too wide) in paragraph at lines 2009--2009
[]|   $[]$  
 []

[89

 <./maximization_R128_T3.png>]
<maximization_R128_T5.png, id=1547, 578.16pt x 289.08pt>
File: maximization_R128_T5.png Graphic file (type png)
<use maximization_R128_T5.png>
Package pdftex.def Info: maximization_R128_T5.png  used on input line 2027.
(pdftex.def)             Requested size: 287.57774pt x 143.78535pt.

Overfull \hbox (21.90005pt too wide) in paragraph at lines 2027--2027
[][]
 []


Underfull \hbox (badness 10000) in paragraph at lines 2027--2027

 []


Overfull \hbox (10.55711pt too wide) in paragraph at lines 2027--2027
[]|   $[]$  
 []

[90

 <./maximization_R128_T5.png>]
<Figure_3_R128.png, id=1568, 578.16pt x 289.08pt>
File: Figure_3_R128.png Graphic file (type png)
<use Figure_3_R128.png>
Package pdftex.def Info: Figure_3_R128.png  used on input line 2046.
(pdftex.def)             Requested size: 287.57774pt x 143.78535pt.

Overfull \hbox (21.90005pt too wide) in paragraph at lines 2046--2046
[][]
 []


Underfull \hbox (badness 10000) in paragraph at lines 2046--2046

 []


Overfull \hbox (10.55711pt too wide) in paragraph at lines 2046--2046
[]|   $[]$  
 []

[91

 <./Figure_3_R128.png>]
<larios_fig_3_optim_R128_T3.png, id=1590, 578.16pt x 289.08pt>
File: larios_fig_3_optim_R128_T3.png Graphic file (type png)
<use larios_fig_3_optim_R128_T3.png>
Package pdftex.def Info: larios_fig_3_optim_R128_T3.png  used on input line 206
6.
(pdftex.def)             Requested size: 287.57774pt x 143.78535pt.

Overfull \hbox (21.90005pt too wide) in paragraph at lines 2066--2066
[][]
 []


Underfull \hbox (badness 10000) in paragraph at lines 2066--2066

 []


Overfull \hbox (10.55711pt too wide) in paragraph at lines 2066--2066
[]|   $[]$  
 []

[92

 <./larios_fig_3_optim_R128_T3.png>]
<larios_fig_3_inset_R128_T3.png, id=1611, 578.16pt x 289.08pt>
File: larios_fig_3_inset_R128_T3.png Graphic file (type png)
<use larios_fig_3_inset_R128_T3.png>
Package pdftex.def Info: larios_fig_3_inset_R128_T3.png  used on input line 209
3.
(pdftex.def)             Requested size: 287.57774pt x 143.78535pt.

Overfull \hbox (21.90005pt too wide) in paragraph at lines 2093--2093
[][]
 []


Underfull \hbox (badness 10000) in paragraph at lines 2093--2093

 []


Overfull \hbox (10.55711pt too wide) in paragraph at lines 2093--2093
[]|   $[]$  
 []

[93

 <./larios_fig_3_inset_R128_T3.png>]
File: larios_fig_3_inset_R128_T3.png Graphic file (type png)
<use larios_fig_3_inset_R128_T3.png>
Package pdftex.def Info: larios_fig_3_inset_R128_T3.png  used on input line 209
3.
(pdftex.def)             Requested size: 287.57774pt x 143.78535pt.

Overfull \hbox (21.90005pt too wide) in paragraph at lines 2093--2093
[][]
 []


Underfull \hbox (badness 10000) in paragraph at lines 2093--2093

 []


Overfull \hbox (10.55711pt too wide) in paragraph at lines 2093--2093
[]|   $[]$  
 []

[94

]
File: larios_fig_3_inset_R128_T3.png Graphic file (type png)
<use larios_fig_3_inset_R128_T3.png>
Package pdftex.def Info: larios_fig_3_inset_R128_T3.png  used on input line 209
3.
(pdftex.def)             Requested size: 287.57774pt x 143.78535pt.

Overfull \hbox (21.90005pt too wide) in paragraph at lines 2093--2093
[][]
 []


Underfull \hbox (badness 10000) in paragraph at lines 2093--2093

 []


Overfull \hbox (10.55711pt too wide) in paragraph at lines 2093--2093
[]|   $[]$  
 []

[95

]
<larios_fig_3_inset_R128_T5.png, id=1656, 578.16pt x 289.08pt>
File: larios_fig_3_inset_R128_T5.png Graphic file (type png)
<use larios_fig_3_inset_R128_T5.png>
Package pdftex.def Info: larios_fig_3_inset_R128_T5.png  used on input line 212
0.
(pdftex.def)             Requested size: 287.57774pt x 143.78535pt.

Overfull \hbox (21.90005pt too wide) in paragraph at lines 2120--2120
[][]
 []


Underfull \hbox (badness 10000) in paragraph at lines 2120--2120

 []


Overfull \hbox (10.55711pt too wide) in paragraph at lines 2120--2120
[]|   $[]$  
 []

[96

 <./larios_fig_3_inset_R128_T5.png>]
File: larios_fig_3_inset_R128_T5.png Graphic file (type png)
<use larios_fig_3_inset_R128_T5.png>
Package pdftex.def Info: larios_fig_3_inset_R128_T5.png  used on input line 212
0.
(pdftex.def)             Requested size: 287.57774pt x 143.78535pt.

Overfull \hbox (21.90005pt too wide) in paragraph at lines 2120--2120
[][]
 []


Underfull \hbox (badness 10000) in paragraph at lines 2120--2120

 []


Overfull \hbox (10.55711pt too wide) in paragraph at lines 2120--2120
[]|   $[]$  
 []

[97

]
File: larios_fig_3_inset_R128_T5.png Graphic file (type png)
<use larios_fig_3_inset_R128_T5.png>
Package pdftex.def Info: larios_fig_3_inset_R128_T5.png  used on input line 212
0.
(pdftex.def)             Requested size: 287.57774pt x 143.78535pt.

Overfull \hbox (21.90005pt too wide) in paragraph at lines 2120--2120
[][]
 []


Underfull \hbox (badness 10000) in paragraph at lines 2120--2120

 []


Overfull \hbox (10.55711pt too wide) in paragraph at lines 2120--2120
[]|   $[]$  
 []

[98

]
Overfull \hbox (10.55711pt too wide) in paragraph at lines 2142--2142
[]|   $[]$  
 []

[99

]
Overfull \hbox (10.55711pt too wide) in paragraph at lines 2142--2142
[]|   $[]$  
 []

[100

]
Overfull \hbox (10.55711pt too wide) in paragraph at lines 2142--2142
[]|   $[]$  
 []

[101

] [102

]
\tf@nav=\write9
\openout9 = `EulerVoigt_Optimization_AIMS_Seminar.nav'.

\tf@toc=\write10
\openout10 = `EulerVoigt_Optimization_AIMS_Seminar.toc'.

\tf@snm=\write11
\openout11 = `EulerVoigt_Optimization_AIMS_Seminar.snm'.

 (EulerVoigt_Optimization_AIMS_Seminar.aux)
 ***********
LaTeX2e <2023-11-01> patch level 1
L3 programming layer <2024-01-04>
 ***********
Package rerunfilecheck Info: File `EulerVoigt_Optimization_AIMS_Seminar.out' ha
s not changed.
(rerunfilecheck)             Checksum: 57D7130CA1BDCA0ACA4324E54B68B3AF;2113.
 ) 
Here is how much of TeX's memory you used:
 28344 strings out of 474486
 569808 string characters out of 5743755
 1985542 words of memory out of 5000000
 49843 multiletter control sequences out of 15000+600000
 597663 words of font info for 135 fonts, out of 8000000 for 9000
 1141 hyphenation exceptions out of 8191
 128i,22n,123p,432b,847s stack positions out of 10000i,1000n,20000p,200000b,200000s
 <C:\Users\bensl\AppData\Local\MiKTeX\fonts/pk/ljfour/jknappen/ec/dpi450\ecso
0800.pk> <C:\Users\bensl\AppData\Local\MiKTeX\fonts/pk/ljfour/jknappen/ec/dpi60
0\ecso0800.pk> <C:\Users\bensl\AppData\Local\MiKTeX\fonts/pk/ljfour/jknappen/ec
/dpi657\ecso1000.pk> <C:\Users\bensl\AppData\Local\MiKTeX\fonts/pk/ljfour/jknap
pen/ec/dpi600\ecso1000.pk> <C:\Users\bensl\AppData\Local\MiKTeX\fonts/pk/ljfour
/jknappen/ec/dpi600\tcss1095.pk><C:/Users/bensl/AppData/Local/Programs/MiKTeX/f
onts/type1/public/amsfonts/cm/cmbsy10.pfb><C:/Users/bensl/AppData/Local/Program
s/MiKTeX/fonts/type1/public/amsfonts/cm/cmcsc10.pfb><C:/Users/bensl/AppData/Loc
al/Programs/MiKTeX/fonts/type1/public/amsfonts/cm/cmex10.pfb><C:/Users/bensl/Ap
pData/Local/Programs/MiKTeX/fonts/type1/public/amsfonts/cm/cmmi10.pfb><C:/Users
/bensl/AppData/Local/Programs/MiKTeX/fonts/type1/public/amsfonts/cm/cmmi5.pfb><
C:/Users/bensl/AppData/Local/Programs/MiKTeX/fonts/type1/public/amsfonts/cm/cmm
i6.pfb><C:/Users/bensl/AppData/Local/Programs/MiKTeX/fonts/type1/public/amsfont
s/cm/cmmi7.pfb><C:/Users/bensl/AppData/Local/Programs/MiKTeX/fonts/type1/public
/amsfonts/cm/cmmi8.pfb><C:/Users/bensl/AppData/Local/Programs/MiKTeX/fonts/type
1/public/amsfonts/cm/cmmib10.pfb><C:/Users/bensl/AppData/Local/Programs/MiKTeX/
fonts/type1/public/amsfonts/cmextra/cmmib8.pfb><C:/Users/bensl/AppData/Local/Pr
ograms/MiKTeX/fonts/type1/public/amsfonts/cm/cmr10.pfb><C:/Users/bensl/AppData/
Local/Programs/MiKTeX/fonts/type1/public/amsfonts/cm/cmss10.pfb><C:/Users/bensl
/AppData/Local/Programs/MiKTeX/fonts/type1/public/amsfonts/cm/cmss12.pfb><C:/Us
ers/bensl/AppData/Local/Programs/MiKTeX/fonts/type1/public/amsfonts/cm/cmss17.p
fb><C:/Users/bensl/AppData/Local/Programs/MiKTeX/fonts/type1/public/amsfonts/cm
/cmss8.pfb><C:/Users/bensl/AppData/Local/Programs/MiKTeX/fonts/type1/public/ams
fonts/cm/cmssbx10.pfb><C:/Users/bensl/AppData/Local/Programs/MiKTeX/fonts/type1
/public/amsfonts/cm/cmssi10.pfb><C:/Users/bensl/AppData/Local/Programs/MiKTeX/f
onts/type1/public/amsfonts/cm/cmssi8.pfb><C:/Users/bensl/AppData/Local/Programs
/MiKTeX/fonts/type1/public/amsfonts/cm/cmsy10.pfb><C:/Users/bensl/AppData/Local
/Programs/MiKTeX/fonts/type1/public/amsfonts/cm/cmsy5.pfb><C:/Users/bensl/AppDa
ta/Local/Programs/MiKTeX/fonts/type1/public/amsfonts/cm/cmsy6.pfb><C:/Users/ben
sl/AppData/Local/Programs/MiKTeX/fonts/type1/public/amsfonts/cm/cmsy7.pfb><C:/U
sers/bensl/AppData/Local/Programs/MiKTeX/fonts/type1/public/amsfonts/cm/cmsy8.p
fb><C:/Users/bensl/AppData/Local/Programs/MiKTeX/fonts/type1/public/amsfonts/cm
/cmtt8.pfb><C:/Users/bensl/AppData/Local/Programs/MiKTeX/fonts/type1/public/ams
fonts/symbols/msam10.pfb><C:/Users/bensl/AppData/Local/Programs/MiKTeX/fonts/ty
pe1/public/amsfonts/symbols/msam7.pfb><C:/Users/bensl/AppData/Local/Programs/Mi
KTeX/fonts/type1/public/amsfonts/symbols/msbm10.pfb><C:/Users/bensl/AppData/Loc
al/Programs/MiKTeX/fonts/type1/public/amsfonts/symbols/msbm7.pfb>
Output written on EulerVoigt_Optimization_AIMS_Seminar.pdf (102 pages, 1670998 
bytes).
PDF statistics:
 1950 PDF objects out of 2073 (max. 8388607)
 228 named destinations out of 1000 (max. 500000)
 233 words of extra memory for PDF output out of 10000 (max. 10000000)

